ARM GAS  C:\Users\Lenovo\AppData\Local\Temp\cc8s8bzJ.s 			page 1


   1              		.cpu cortex-m4
   2              		.arch armv7e-m
   3              		.fpu fpv4-sp-d16
   4              		.eabi_attribute 27, 1
   5              		.eabi_attribute 28, 1
   6              		.eabi_attribute 20, 1
   7              		.eabi_attribute 21, 1
   8              		.eabi_attribute 23, 3
   9              		.eabi_attribute 24, 1
  10              		.eabi_attribute 25, 1
  11              		.eabi_attribute 26, 1
  12              		.eabi_attribute 30, 1
  13              		.eabi_attribute 34, 1
  14              		.eabi_attribute 18, 4
  15              		.file	"main.c"
  16              		.text
  17              	.Ltext0:
  18              		.cfi_sections	.debug_frame
  19              		.section	.text.MX_GPIO_Init,"ax",%progbits
  20              		.align	1
  21              		.syntax unified
  22              		.thumb
  23              		.thumb_func
  25              	MX_GPIO_Init:
  26              	.LFB139:
  27              		.file 1 "Core/Src/main.c"
   1:Core/Src/main.c **** /* USER CODE BEGIN Header */
   2:Core/Src/main.c **** /**
   3:Core/Src/main.c ****   ******************************************************************************
   4:Core/Src/main.c ****   * @file           : main.c
   5:Core/Src/main.c ****   * @brief          : Main program body
   6:Core/Src/main.c ****   ******************************************************************************
   7:Core/Src/main.c ****   * @attention
   8:Core/Src/main.c ****   *
   9:Core/Src/main.c ****   * Copyright (c) 2025 STMicroelectronics.
  10:Core/Src/main.c ****   * All rights reserved.
  11:Core/Src/main.c ****   *
  12:Core/Src/main.c ****   * This software is licensed under terms that can be found in the LICENSE file
  13:Core/Src/main.c ****   * in the root directory of this software component.
  14:Core/Src/main.c ****   * If no LICENSE file comes with this software, it is provided AS-IS.
  15:Core/Src/main.c ****   *
  16:Core/Src/main.c ****   ******************************************************************************
  17:Core/Src/main.c ****   */
  18:Core/Src/main.c **** 
  19:Core/Src/main.c **** 
  20:Core/Src/main.c **** /*
  21:Core/Src/main.c ****   ******************************************************************************
  22:Core/Src/main.c ****   * VL53L1X Code
  23:Core/Src/main.c ****   * STM32L432KC
  24:Core/Src/main.c ****   * PIN Configuration:
  25:Core/Src/main.c ****   * I2C1_SCL -> PB10
  26:Core/Src/main.c ****   * I2C1_SDA -> PB9
  27:Core/Src/main.c ****   * USART2 Asynchronous
  28:Core/Src/main.c ****   ******************************************************************************
  29:Core/Src/main.c **** */
  30:Core/Src/main.c **** 
  31:Core/Src/main.c **** 
ARM GAS  C:\Users\Lenovo\AppData\Local\Temp\cc8s8bzJ.s 			page 2


  32:Core/Src/main.c **** 
  33:Core/Src/main.c **** 
  34:Core/Src/main.c **** /* USER CODE END Header */
  35:Core/Src/main.c **** /* Includes ------------------------------------------------------------------*/
  36:Core/Src/main.c **** #include "main.h"
  37:Core/Src/main.c **** 
  38:Core/Src/main.c **** /* Private includes ----------------------------------------------------------*/
  39:Core/Src/main.c **** /* USER CODE BEGIN Includes */
  40:Core/Src/main.c **** #include "vl53l1_platform.h"
  41:Core/Src/main.c **** 
  42:Core/Src/main.c **** /* USER CODE END Includes */
  43:Core/Src/main.c **** 
  44:Core/Src/main.c **** /* Private typedef -----------------------------------------------------------*/
  45:Core/Src/main.c **** /* USER CODE BEGIN PTD */
  46:Core/Src/main.c **** 
  47:Core/Src/main.c **** /* USER CODE END PTD */
  48:Core/Src/main.c **** 
  49:Core/Src/main.c **** /* Private define ------------------------------------------------------------*/
  50:Core/Src/main.c **** /* USER CODE BEGIN PD */
  51:Core/Src/main.c **** 
  52:Core/Src/main.c **** /* USER CODE END PD */
  53:Core/Src/main.c **** 
  54:Core/Src/main.c **** /* Private macro -------------------------------------------------------------*/
  55:Core/Src/main.c **** /* USER CODE BEGIN PM */
  56:Core/Src/main.c **** 
  57:Core/Src/main.c **** /* USER CODE END PM */
  58:Core/Src/main.c **** 
  59:Core/Src/main.c **** /* Private variables ---------------------------------------------------------*/
  60:Core/Src/main.c **** I2C_HandleTypeDef hi2c1;
  61:Core/Src/main.c **** 
  62:Core/Src/main.c **** UART_HandleTypeDef huart2;
  63:Core/Src/main.c **** 
  64:Core/Src/main.c **** /* USER CODE BEGIN PV */
  65:Core/Src/main.c **** 
  66:Core/Src/main.c **** /* USER CODE END PV */
  67:Core/Src/main.c **** 
  68:Core/Src/main.c **** /* Private function prototypes -----------------------------------------------*/
  69:Core/Src/main.c **** void SystemClock_Config(void);
  70:Core/Src/main.c **** static void MX_GPIO_Init(void);
  71:Core/Src/main.c **** static void MX_I2C1_Init(void);
  72:Core/Src/main.c **** static void MX_USART2_UART_Init(void);
  73:Core/Src/main.c **** /* USER CODE BEGIN PFP */
  74:Core/Src/main.c **** 
  75:Core/Src/main.c **** /* USER CODE END PFP */
  76:Core/Src/main.c **** 
  77:Core/Src/main.c **** /* Private user code ---------------------------------------------------------*/
  78:Core/Src/main.c **** /* USER CODE BEGIN 0 */
  79:Core/Src/main.c **** 
  80:Core/Src/main.c **** /* USER CODE END 0 */
  81:Core/Src/main.c **** 
  82:Core/Src/main.c **** /**
  83:Core/Src/main.c ****   * @brief  The application entry point.
  84:Core/Src/main.c ****   * @retval int
  85:Core/Src/main.c ****   */
  86:Core/Src/main.c **** int main(void)
  87:Core/Src/main.c **** {
  88:Core/Src/main.c **** 
ARM GAS  C:\Users\Lenovo\AppData\Local\Temp\cc8s8bzJ.s 			page 3


  89:Core/Src/main.c ****   /* USER CODE BEGIN 1 */
  90:Core/Src/main.c **** 
  91:Core/Src/main.c ****   /* USER CODE END 1 */
  92:Core/Src/main.c **** 
  93:Core/Src/main.c ****   /* MCU Configuration--------------------------------------------------------*/
  94:Core/Src/main.c **** 
  95:Core/Src/main.c ****   /* Reset of all peripherals, Initializes the Flash interface and the Systick. */
  96:Core/Src/main.c ****   HAL_Init();
  97:Core/Src/main.c **** 
  98:Core/Src/main.c ****   /* USER CODE BEGIN Init */
  99:Core/Src/main.c **** 
 100:Core/Src/main.c ****   /* USER CODE END Init */
 101:Core/Src/main.c **** 
 102:Core/Src/main.c ****   /* Configure the system clock */
 103:Core/Src/main.c ****   SystemClock_Config();
 104:Core/Src/main.c **** 
 105:Core/Src/main.c ****   /* USER CODE BEGIN SysInit */
 106:Core/Src/main.c **** 
 107:Core/Src/main.c ****   /* USER CODE END SysInit */
 108:Core/Src/main.c **** 
 109:Core/Src/main.c ****   /* Initialize all configured peripherals */
 110:Core/Src/main.c ****   MX_GPIO_Init();
 111:Core/Src/main.c ****   MX_I2C1_Init();
 112:Core/Src/main.c ****   MX_USART2_UART_Init();
 113:Core/Src/main.c ****   /* USER CODE BEGIN 2 */
 114:Core/Src/main.c **** 
 115:Core/Src/main.c **** 
 116:Core/Src/main.c **** VL53L1_Dev_t  vl53l1_c;
 117:Core/Src/main.c **** VL53L1_DEV    Dev = &vl53l1_c;
 118:Core/Src/main.c **** 
 119:Core/Src/main.c **** memset(Dev, 0, sizeof(VL53L1_Dev_t));
 120:Core/Src/main.c **** 
 121:Core/Src/main.c **** Dev->i2c_slave_address = 0x52;    // 0x29 << 1
 122:Core/Src/main.c **** Dev->comms_type        = 1;       // I2C
 123:Core/Src/main.c **** Dev->comms_speed_khz   = 400;
 124:Core/Src/main.c **** 
 125:Core/Src/main.c **** int status;
 126:Core/Src/main.c **** 
 127:Core/Src/main.c **** 
 128:Core/Src/main.c **** // Initialize the VL53L1X sensor
 129:Core/Src/main.c **** 
 130:Core/Src/main.c **** status = VL53L1_DataInit(Dev);
 131:Core/Src/main.c **** status = VL53L1_StaticInit(Dev);
 132:Core/Src/main.c **** status = VL53L1_SetDistanceMode(Dev, VL53L1_DISTANCEMODE_SHORT);
 133:Core/Src/main.c **** status = VL53L1_SetMeasurementTimingBudgetMicroSeconds(Dev, 33000);
 134:Core/Src/main.c **** status = VL53L1_SetInterMeasurementPeriodMilliSeconds(Dev, 100);
 135:Core/Src/main.c **** status = VL53L1_StartMeasurement(Dev);
 136:Core/Src/main.c **** 
 137:Core/Src/main.c **** char Payload[50];
 138:Core/Src/main.c ****   /* USER CODE END 2 */
 139:Core/Src/main.c **** 
 140:Core/Src/main.c ****   /* Infinite loop */
 141:Core/Src/main.c ****   /* USER CODE BEGIN WHILE */
 142:Core/Src/main.c **** while (1)
 143:Core/Src/main.c **** {
 144:Core/Src/main.c ****     VL53L1_RangingMeasurementData_t RangingData;
 145:Core/Src/main.c ****     uint8_t dataReady = 0;
ARM GAS  C:\Users\Lenovo\AppData\Local\Temp\cc8s8bzJ.s 			page 4


 146:Core/Src/main.c **** 
 147:Core/Src/main.c ****     status = VL53L1_GetMeasurementDataReady(Dev, &dataReady);
 148:Core/Src/main.c **** 
 149:Core/Src/main.c ****     if (status != VL53L1_ERROR_NONE) {
 150:Core/Src/main.c ****         sprintf(Payload, "GetReady error=%d\r\n", status);
 151:Core/Src/main.c ****         HAL_UART_Transmit(&huart2, (uint8_t*)Payload, strlen(Payload), 0xFFFF);
 152:Core/Src/main.c ****         HAL_Delay(100);
 153:Core/Src/main.c ****         continue;
 154:Core/Src/main.c ****     }
 155:Core/Src/main.c **** 
 156:Core/Src/main.c ****     if (dataReady == 0) {
 157:Core/Src/main.c ****         HAL_Delay(5);
 158:Core/Src/main.c ****         continue;
 159:Core/Src/main.c ****     }
 160:Core/Src/main.c **** 
 161:Core/Src/main.c ****     status = VL53L1_GetRangingMeasurementData(Dev, &RangingData);
 162:Core/Src/main.c ****     if (status == VL53L1_ERROR_NONE) {
 163:Core/Src/main.c ****         uint16_t distanza_mm = RangingData.RangeMilliMeter;
 164:Core/Src/main.c ****         sprintf(Payload, "Dist: %u mm\r\n", distanza_mm);
 165:Core/Src/main.c ****         HAL_UART_Transmit(&huart2, (uint8_t*)Payload, strlen(Payload), 0xFFFF);
 166:Core/Src/main.c ****     } else {
 167:Core/Src/main.c ****         sprintf(Payload, "GetData error =%d\r\n", status);
 168:Core/Src/main.c ****         HAL_UART_Transmit(&huart2, (uint8_t*)Payload, strlen(Payload), 0xFFFF);
 169:Core/Src/main.c ****     }
 170:Core/Src/main.c **** 
 171:Core/Src/main.c ****     VL53L1_ClearInterruptAndStartMeasurement(Dev);
 172:Core/Src/main.c ****     HAL_Delay(50);
 173:Core/Src/main.c **** }
 174:Core/Src/main.c ****   /* USER CODE END 3 */
 175:Core/Src/main.c **** }
 176:Core/Src/main.c **** 
 177:Core/Src/main.c **** /**
 178:Core/Src/main.c ****   * @brief System Clock Configuration
 179:Core/Src/main.c ****   * @retval None
 180:Core/Src/main.c ****   */
 181:Core/Src/main.c **** void SystemClock_Config(void)
 182:Core/Src/main.c **** {
 183:Core/Src/main.c ****   RCC_OscInitTypeDef RCC_OscInitStruct = {0};
 184:Core/Src/main.c ****   RCC_ClkInitTypeDef RCC_ClkInitStruct = {0};
 185:Core/Src/main.c **** 
 186:Core/Src/main.c ****   /** Configure the main internal regulator output voltage
 187:Core/Src/main.c ****   */
 188:Core/Src/main.c ****   if (HAL_PWREx_ControlVoltageScaling(PWR_REGULATOR_VOLTAGE_SCALE1) != HAL_OK)
 189:Core/Src/main.c ****   {
 190:Core/Src/main.c ****     Error_Handler();
 191:Core/Src/main.c ****   }
 192:Core/Src/main.c **** 
 193:Core/Src/main.c ****   /** Initializes the RCC Oscillators according to the specified parameters
 194:Core/Src/main.c ****   * in the RCC_OscInitTypeDef structure.
 195:Core/Src/main.c ****   */
 196:Core/Src/main.c ****   RCC_OscInitStruct.OscillatorType = RCC_OSCILLATORTYPE_MSI;
 197:Core/Src/main.c ****   RCC_OscInitStruct.MSIState = RCC_MSI_ON;
 198:Core/Src/main.c ****   RCC_OscInitStruct.MSICalibrationValue = 0;
 199:Core/Src/main.c ****   RCC_OscInitStruct.MSIClockRange = RCC_MSIRANGE_6;
 200:Core/Src/main.c ****   RCC_OscInitStruct.PLL.PLLState = RCC_PLL_NONE;
 201:Core/Src/main.c ****   if (HAL_RCC_OscConfig(&RCC_OscInitStruct) != HAL_OK)
 202:Core/Src/main.c ****   {
ARM GAS  C:\Users\Lenovo\AppData\Local\Temp\cc8s8bzJ.s 			page 5


 203:Core/Src/main.c ****     Error_Handler();
 204:Core/Src/main.c ****   }
 205:Core/Src/main.c **** 
 206:Core/Src/main.c ****   /** Initializes the CPU, AHB and APB buses clocks
 207:Core/Src/main.c ****   */
 208:Core/Src/main.c ****   RCC_ClkInitStruct.ClockType = RCC_CLOCKTYPE_HCLK|RCC_CLOCKTYPE_SYSCLK
 209:Core/Src/main.c ****                               |RCC_CLOCKTYPE_PCLK1|RCC_CLOCKTYPE_PCLK2;
 210:Core/Src/main.c ****   RCC_ClkInitStruct.SYSCLKSource = RCC_SYSCLKSOURCE_MSI;
 211:Core/Src/main.c ****   RCC_ClkInitStruct.AHBCLKDivider = RCC_SYSCLK_DIV1;
 212:Core/Src/main.c ****   RCC_ClkInitStruct.APB1CLKDivider = RCC_HCLK_DIV1;
 213:Core/Src/main.c ****   RCC_ClkInitStruct.APB2CLKDivider = RCC_HCLK_DIV1;
 214:Core/Src/main.c **** 
 215:Core/Src/main.c ****   if (HAL_RCC_ClockConfig(&RCC_ClkInitStruct, FLASH_LATENCY_0) != HAL_OK)
 216:Core/Src/main.c ****   {
 217:Core/Src/main.c ****     Error_Handler();
 218:Core/Src/main.c ****   }
 219:Core/Src/main.c **** }
 220:Core/Src/main.c **** 
 221:Core/Src/main.c **** /**
 222:Core/Src/main.c ****   * @brief I2C1 Initialization Function
 223:Core/Src/main.c ****   * @param None
 224:Core/Src/main.c ****   * @retval None
 225:Core/Src/main.c ****   */
 226:Core/Src/main.c **** static void MX_I2C1_Init(void)
 227:Core/Src/main.c **** {
 228:Core/Src/main.c **** 
 229:Core/Src/main.c ****   /* USER CODE BEGIN I2C1_Init 0 */
 230:Core/Src/main.c **** 
 231:Core/Src/main.c ****   /* USER CODE END I2C1_Init 0 */
 232:Core/Src/main.c **** 
 233:Core/Src/main.c ****   /* USER CODE BEGIN I2C1_Init 1 */
 234:Core/Src/main.c **** 
 235:Core/Src/main.c ****   /* USER CODE END I2C1_Init 1 */
 236:Core/Src/main.c ****   hi2c1.Instance = I2C1;
 237:Core/Src/main.c ****   hi2c1.Init.Timing = 0x00100D14;
 238:Core/Src/main.c ****   hi2c1.Init.OwnAddress1 = 0;
 239:Core/Src/main.c ****   hi2c1.Init.AddressingMode = I2C_ADDRESSINGMODE_7BIT;
 240:Core/Src/main.c ****   hi2c1.Init.DualAddressMode = I2C_DUALADDRESS_DISABLE;
 241:Core/Src/main.c ****   hi2c1.Init.OwnAddress2 = 0;
 242:Core/Src/main.c ****   hi2c1.Init.OwnAddress2Masks = I2C_OA2_NOMASK;
 243:Core/Src/main.c ****   hi2c1.Init.GeneralCallMode = I2C_GENERALCALL_DISABLE;
 244:Core/Src/main.c ****   hi2c1.Init.NoStretchMode = I2C_NOSTRETCH_DISABLE;
 245:Core/Src/main.c ****   if (HAL_I2C_Init(&hi2c1) != HAL_OK)
 246:Core/Src/main.c ****   {
 247:Core/Src/main.c ****     Error_Handler();
 248:Core/Src/main.c ****   }
 249:Core/Src/main.c **** 
 250:Core/Src/main.c ****   /** Configure Analogue filter
 251:Core/Src/main.c ****   */
 252:Core/Src/main.c ****   if (HAL_I2CEx_ConfigAnalogFilter(&hi2c1, I2C_ANALOGFILTER_ENABLE) != HAL_OK)
 253:Core/Src/main.c ****   {
 254:Core/Src/main.c ****     Error_Handler();
 255:Core/Src/main.c ****   }
 256:Core/Src/main.c **** 
 257:Core/Src/main.c ****   /** Configure Digital filter
 258:Core/Src/main.c ****   */
 259:Core/Src/main.c ****   if (HAL_I2CEx_ConfigDigitalFilter(&hi2c1, 0) != HAL_OK)
ARM GAS  C:\Users\Lenovo\AppData\Local\Temp\cc8s8bzJ.s 			page 6


 260:Core/Src/main.c ****   {
 261:Core/Src/main.c ****     Error_Handler();
 262:Core/Src/main.c ****   }
 263:Core/Src/main.c ****   /* USER CODE BEGIN I2C1_Init 2 */
 264:Core/Src/main.c **** 
 265:Core/Src/main.c ****   /* USER CODE END I2C1_Init 2 */
 266:Core/Src/main.c **** 
 267:Core/Src/main.c **** }
 268:Core/Src/main.c **** 
 269:Core/Src/main.c **** /**
 270:Core/Src/main.c ****   * @brief USART2 Initialization Function
 271:Core/Src/main.c ****   * @param None
 272:Core/Src/main.c ****   * @retval None
 273:Core/Src/main.c ****   */
 274:Core/Src/main.c **** static void MX_USART2_UART_Init(void)
 275:Core/Src/main.c **** {
 276:Core/Src/main.c **** 
 277:Core/Src/main.c ****   /* USER CODE BEGIN USART2_Init 0 */
 278:Core/Src/main.c **** 
 279:Core/Src/main.c ****   /* USER CODE END USART2_Init 0 */
 280:Core/Src/main.c **** 
 281:Core/Src/main.c ****   /* USER CODE BEGIN USART2_Init 1 */
 282:Core/Src/main.c **** 
 283:Core/Src/main.c ****   /* USER CODE END USART2_Init 1 */
 284:Core/Src/main.c ****   huart2.Instance = USART2;
 285:Core/Src/main.c ****   huart2.Init.BaudRate = 115200;
 286:Core/Src/main.c ****   huart2.Init.WordLength = UART_WORDLENGTH_8B;
 287:Core/Src/main.c ****   huart2.Init.StopBits = UART_STOPBITS_1;
 288:Core/Src/main.c ****   huart2.Init.Parity = UART_PARITY_NONE;
 289:Core/Src/main.c ****   huart2.Init.Mode = UART_MODE_TX_RX;
 290:Core/Src/main.c ****   huart2.Init.HwFlowCtl = UART_HWCONTROL_NONE;
 291:Core/Src/main.c ****   huart2.Init.OverSampling = UART_OVERSAMPLING_16;
 292:Core/Src/main.c ****   huart2.Init.OneBitSampling = UART_ONE_BIT_SAMPLE_DISABLE;
 293:Core/Src/main.c ****   huart2.AdvancedInit.AdvFeatureInit = UART_ADVFEATURE_NO_INIT;
 294:Core/Src/main.c ****   if (HAL_UART_Init(&huart2) != HAL_OK)
 295:Core/Src/main.c ****   {
 296:Core/Src/main.c ****     Error_Handler();
 297:Core/Src/main.c ****   }
 298:Core/Src/main.c ****   /* USER CODE BEGIN USART2_Init 2 */
 299:Core/Src/main.c **** 
 300:Core/Src/main.c ****   /* USER CODE END USART2_Init 2 */
 301:Core/Src/main.c **** 
 302:Core/Src/main.c **** }
 303:Core/Src/main.c **** 
 304:Core/Src/main.c **** /**
 305:Core/Src/main.c ****   * @brief GPIO Initialization Function
 306:Core/Src/main.c ****   * @param None
 307:Core/Src/main.c ****   * @retval None
 308:Core/Src/main.c ****   */
 309:Core/Src/main.c **** static void MX_GPIO_Init(void)
 310:Core/Src/main.c **** {
  28              		.loc 1 310 1 view -0
  29              		.cfi_startproc
  30              		@ args = 0, pretend = 0, frame = 8
  31              		@ frame_needed = 0, uses_anonymous_args = 0
  32              		@ link register save eliminated.
  33 0000 82B0     		sub	sp, sp, #8
ARM GAS  C:\Users\Lenovo\AppData\Local\Temp\cc8s8bzJ.s 			page 7


  34              	.LCFI0:
  35              		.cfi_def_cfa_offset 8
 311:Core/Src/main.c ****   /* USER CODE BEGIN MX_GPIO_Init_1 */
 312:Core/Src/main.c **** 
 313:Core/Src/main.c ****   /* USER CODE END MX_GPIO_Init_1 */
 314:Core/Src/main.c **** 
 315:Core/Src/main.c ****   /* GPIO Ports Clock Enable */
 316:Core/Src/main.c ****   __HAL_RCC_GPIOA_CLK_ENABLE();
  36              		.loc 1 316 3 view .LVU1
  37              	.LBB4:
  38              		.loc 1 316 3 view .LVU2
  39              		.loc 1 316 3 view .LVU3
  40 0002 064B     		ldr	r3, .L3
  41 0004 DA6C     		ldr	r2, [r3, #76]
  42 0006 42F00102 		orr	r2, r2, #1
  43 000a DA64     		str	r2, [r3, #76]
  44              		.loc 1 316 3 view .LVU4
  45 000c DB6C     		ldr	r3, [r3, #76]
  46 000e 03F00103 		and	r3, r3, #1
  47 0012 0193     		str	r3, [sp, #4]
  48              		.loc 1 316 3 view .LVU5
  49 0014 019B     		ldr	r3, [sp, #4]
  50              	.LBE4:
  51              		.loc 1 316 3 view .LVU6
 317:Core/Src/main.c **** 
 318:Core/Src/main.c ****   /* USER CODE BEGIN MX_GPIO_Init_2 */
 319:Core/Src/main.c **** 
 320:Core/Src/main.c ****   /* USER CODE END MX_GPIO_Init_2 */
 321:Core/Src/main.c **** }
  52              		.loc 1 321 1 is_stmt 0 view .LVU7
  53 0016 02B0     		add	sp, sp, #8
  54              	.LCFI1:
  55              		.cfi_def_cfa_offset 0
  56              		@ sp needed
  57 0018 7047     		bx	lr
  58              	.L4:
  59 001a 00BF     		.align	2
  60              	.L3:
  61 001c 00100240 		.word	1073876992
  62              		.cfi_endproc
  63              	.LFE139:
  65              		.section	.text.Error_Handler,"ax",%progbits
  66              		.align	1
  67              		.global	Error_Handler
  68              		.syntax unified
  69              		.thumb
  70              		.thumb_func
  72              	Error_Handler:
  73              	.LFB140:
 322:Core/Src/main.c **** 
 323:Core/Src/main.c **** /* USER CODE BEGIN 4 */
 324:Core/Src/main.c **** 
 325:Core/Src/main.c **** /* USER CODE END 4 */
 326:Core/Src/main.c **** 
 327:Core/Src/main.c **** /**
 328:Core/Src/main.c ****   * @brief  This function is executed in case of error occurrence.
 329:Core/Src/main.c ****   * @retval None
ARM GAS  C:\Users\Lenovo\AppData\Local\Temp\cc8s8bzJ.s 			page 8


 330:Core/Src/main.c ****   */
 331:Core/Src/main.c **** void Error_Handler(void)
 332:Core/Src/main.c **** {
  74              		.loc 1 332 1 is_stmt 1 view -0
  75              		.cfi_startproc
  76              		@ Volatile: function does not return.
  77              		@ args = 0, pretend = 0, frame = 0
  78              		@ frame_needed = 0, uses_anonymous_args = 0
  79              		@ link register save eliminated.
 333:Core/Src/main.c ****   /* USER CODE BEGIN Error_Handler_Debug */
 334:Core/Src/main.c ****   /* User can add his own implementation to report the HAL error return state */
 335:Core/Src/main.c ****   __disable_irq();
  80              		.loc 1 335 3 view .LVU9
  81              	.LBB5:
  82              	.LBI5:
  83              		.file 2 "Drivers/CMSIS/Include/cmsis_gcc.h"
   1:Drivers/CMSIS/Include/cmsis_gcc.h **** /**************************************************************************//**
   2:Drivers/CMSIS/Include/cmsis_gcc.h ****  * @file     cmsis_gcc.h
   3:Drivers/CMSIS/Include/cmsis_gcc.h ****  * @brief    CMSIS compiler GCC header file
   4:Drivers/CMSIS/Include/cmsis_gcc.h ****  * @version  V5.2.0
   5:Drivers/CMSIS/Include/cmsis_gcc.h ****  * @date     08. May 2019
   6:Drivers/CMSIS/Include/cmsis_gcc.h ****  ******************************************************************************/
   7:Drivers/CMSIS/Include/cmsis_gcc.h **** /*
   8:Drivers/CMSIS/Include/cmsis_gcc.h ****  * Copyright (c) 2009-2019 Arm Limited. All rights reserved.
   9:Drivers/CMSIS/Include/cmsis_gcc.h ****  *
  10:Drivers/CMSIS/Include/cmsis_gcc.h ****  * SPDX-License-Identifier: Apache-2.0
  11:Drivers/CMSIS/Include/cmsis_gcc.h ****  *
  12:Drivers/CMSIS/Include/cmsis_gcc.h ****  * Licensed under the Apache License, Version 2.0 (the License); you may
  13:Drivers/CMSIS/Include/cmsis_gcc.h ****  * not use this file except in compliance with the License.
  14:Drivers/CMSIS/Include/cmsis_gcc.h ****  * You may obtain a copy of the License at
  15:Drivers/CMSIS/Include/cmsis_gcc.h ****  *
  16:Drivers/CMSIS/Include/cmsis_gcc.h ****  * www.apache.org/licenses/LICENSE-2.0
  17:Drivers/CMSIS/Include/cmsis_gcc.h ****  *
  18:Drivers/CMSIS/Include/cmsis_gcc.h ****  * Unless required by applicable law or agreed to in writing, software
  19:Drivers/CMSIS/Include/cmsis_gcc.h ****  * distributed under the License is distributed on an AS IS BASIS, WITHOUT
  20:Drivers/CMSIS/Include/cmsis_gcc.h ****  * WARRANTIES OR CONDITIONS OF ANY KIND, either express or implied.
  21:Drivers/CMSIS/Include/cmsis_gcc.h ****  * See the License for the specific language governing permissions and
  22:Drivers/CMSIS/Include/cmsis_gcc.h ****  * limitations under the License.
  23:Drivers/CMSIS/Include/cmsis_gcc.h ****  */
  24:Drivers/CMSIS/Include/cmsis_gcc.h **** 
  25:Drivers/CMSIS/Include/cmsis_gcc.h **** #ifndef __CMSIS_GCC_H
  26:Drivers/CMSIS/Include/cmsis_gcc.h **** #define __CMSIS_GCC_H
  27:Drivers/CMSIS/Include/cmsis_gcc.h **** 
  28:Drivers/CMSIS/Include/cmsis_gcc.h **** /* ignore some GCC warnings */
  29:Drivers/CMSIS/Include/cmsis_gcc.h **** #pragma GCC diagnostic push
  30:Drivers/CMSIS/Include/cmsis_gcc.h **** #pragma GCC diagnostic ignored "-Wsign-conversion"
  31:Drivers/CMSIS/Include/cmsis_gcc.h **** #pragma GCC diagnostic ignored "-Wconversion"
  32:Drivers/CMSIS/Include/cmsis_gcc.h **** #pragma GCC diagnostic ignored "-Wunused-parameter"
  33:Drivers/CMSIS/Include/cmsis_gcc.h **** 
  34:Drivers/CMSIS/Include/cmsis_gcc.h **** /* Fallback for __has_builtin */
  35:Drivers/CMSIS/Include/cmsis_gcc.h **** #ifndef __has_builtin
  36:Drivers/CMSIS/Include/cmsis_gcc.h ****   #define __has_builtin(x) (0)
  37:Drivers/CMSIS/Include/cmsis_gcc.h **** #endif
  38:Drivers/CMSIS/Include/cmsis_gcc.h **** 
  39:Drivers/CMSIS/Include/cmsis_gcc.h **** /* CMSIS compiler specific defines */
  40:Drivers/CMSIS/Include/cmsis_gcc.h **** #ifndef   __ASM
  41:Drivers/CMSIS/Include/cmsis_gcc.h ****   #define __ASM                                  __asm
ARM GAS  C:\Users\Lenovo\AppData\Local\Temp\cc8s8bzJ.s 			page 9


  42:Drivers/CMSIS/Include/cmsis_gcc.h **** #endif
  43:Drivers/CMSIS/Include/cmsis_gcc.h **** #ifndef   __INLINE
  44:Drivers/CMSIS/Include/cmsis_gcc.h ****   #define __INLINE                               inline
  45:Drivers/CMSIS/Include/cmsis_gcc.h **** #endif
  46:Drivers/CMSIS/Include/cmsis_gcc.h **** #ifndef   __STATIC_INLINE
  47:Drivers/CMSIS/Include/cmsis_gcc.h ****   #define __STATIC_INLINE                        static inline
  48:Drivers/CMSIS/Include/cmsis_gcc.h **** #endif
  49:Drivers/CMSIS/Include/cmsis_gcc.h **** #ifndef   __STATIC_FORCEINLINE                 
  50:Drivers/CMSIS/Include/cmsis_gcc.h ****   #define __STATIC_FORCEINLINE                   __attribute__((always_inline)) static inline
  51:Drivers/CMSIS/Include/cmsis_gcc.h **** #endif                                           
  52:Drivers/CMSIS/Include/cmsis_gcc.h **** #ifndef   __NO_RETURN
  53:Drivers/CMSIS/Include/cmsis_gcc.h ****   #define __NO_RETURN                            __attribute__((__noreturn__))
  54:Drivers/CMSIS/Include/cmsis_gcc.h **** #endif
  55:Drivers/CMSIS/Include/cmsis_gcc.h **** #ifndef   __USED
  56:Drivers/CMSIS/Include/cmsis_gcc.h ****   #define __USED                                 __attribute__((used))
  57:Drivers/CMSIS/Include/cmsis_gcc.h **** #endif
  58:Drivers/CMSIS/Include/cmsis_gcc.h **** #ifndef   __WEAK
  59:Drivers/CMSIS/Include/cmsis_gcc.h ****   #define __WEAK                                 __attribute__((weak))
  60:Drivers/CMSIS/Include/cmsis_gcc.h **** #endif
  61:Drivers/CMSIS/Include/cmsis_gcc.h **** #ifndef   __PACKED
  62:Drivers/CMSIS/Include/cmsis_gcc.h ****   #define __PACKED                               __attribute__((packed, aligned(1)))
  63:Drivers/CMSIS/Include/cmsis_gcc.h **** #endif
  64:Drivers/CMSIS/Include/cmsis_gcc.h **** #ifndef   __PACKED_STRUCT
  65:Drivers/CMSIS/Include/cmsis_gcc.h ****   #define __PACKED_STRUCT                        struct __attribute__((packed, aligned(1)))
  66:Drivers/CMSIS/Include/cmsis_gcc.h **** #endif
  67:Drivers/CMSIS/Include/cmsis_gcc.h **** #ifndef   __PACKED_UNION
  68:Drivers/CMSIS/Include/cmsis_gcc.h ****   #define __PACKED_UNION                         union __attribute__((packed, aligned(1)))
  69:Drivers/CMSIS/Include/cmsis_gcc.h **** #endif
  70:Drivers/CMSIS/Include/cmsis_gcc.h **** #ifndef   __UNALIGNED_UINT32        /* deprecated */
  71:Drivers/CMSIS/Include/cmsis_gcc.h ****   #pragma GCC diagnostic push
  72:Drivers/CMSIS/Include/cmsis_gcc.h ****   #pragma GCC diagnostic ignored "-Wpacked"
  73:Drivers/CMSIS/Include/cmsis_gcc.h ****   #pragma GCC diagnostic ignored "-Wattributes"
  74:Drivers/CMSIS/Include/cmsis_gcc.h ****   struct __attribute__((packed)) T_UINT32 { uint32_t v; };
  75:Drivers/CMSIS/Include/cmsis_gcc.h ****   #pragma GCC diagnostic pop
  76:Drivers/CMSIS/Include/cmsis_gcc.h ****   #define __UNALIGNED_UINT32(x)                  (((struct T_UINT32 *)(x))->v)
  77:Drivers/CMSIS/Include/cmsis_gcc.h **** #endif
  78:Drivers/CMSIS/Include/cmsis_gcc.h **** #ifndef   __UNALIGNED_UINT16_WRITE
  79:Drivers/CMSIS/Include/cmsis_gcc.h ****   #pragma GCC diagnostic push
  80:Drivers/CMSIS/Include/cmsis_gcc.h ****   #pragma GCC diagnostic ignored "-Wpacked"
  81:Drivers/CMSIS/Include/cmsis_gcc.h ****   #pragma GCC diagnostic ignored "-Wattributes"
  82:Drivers/CMSIS/Include/cmsis_gcc.h ****   __PACKED_STRUCT T_UINT16_WRITE { uint16_t v; };
  83:Drivers/CMSIS/Include/cmsis_gcc.h ****   #pragma GCC diagnostic pop
  84:Drivers/CMSIS/Include/cmsis_gcc.h ****   #define __UNALIGNED_UINT16_WRITE(addr, val)    (void)((((struct T_UINT16_WRITE *)(void *)(addr))-
  85:Drivers/CMSIS/Include/cmsis_gcc.h **** #endif
  86:Drivers/CMSIS/Include/cmsis_gcc.h **** #ifndef   __UNALIGNED_UINT16_READ
  87:Drivers/CMSIS/Include/cmsis_gcc.h ****   #pragma GCC diagnostic push
  88:Drivers/CMSIS/Include/cmsis_gcc.h ****   #pragma GCC diagnostic ignored "-Wpacked"
  89:Drivers/CMSIS/Include/cmsis_gcc.h ****   #pragma GCC diagnostic ignored "-Wattributes"
  90:Drivers/CMSIS/Include/cmsis_gcc.h ****   __PACKED_STRUCT T_UINT16_READ { uint16_t v; };
  91:Drivers/CMSIS/Include/cmsis_gcc.h ****   #pragma GCC diagnostic pop
  92:Drivers/CMSIS/Include/cmsis_gcc.h ****   #define __UNALIGNED_UINT16_READ(addr)          (((const struct T_UINT16_READ *)(const void *)(add
  93:Drivers/CMSIS/Include/cmsis_gcc.h **** #endif
  94:Drivers/CMSIS/Include/cmsis_gcc.h **** #ifndef   __UNALIGNED_UINT32_WRITE
  95:Drivers/CMSIS/Include/cmsis_gcc.h ****   #pragma GCC diagnostic push
  96:Drivers/CMSIS/Include/cmsis_gcc.h ****   #pragma GCC diagnostic ignored "-Wpacked"
  97:Drivers/CMSIS/Include/cmsis_gcc.h ****   #pragma GCC diagnostic ignored "-Wattributes"
  98:Drivers/CMSIS/Include/cmsis_gcc.h ****   __PACKED_STRUCT T_UINT32_WRITE { uint32_t v; };
ARM GAS  C:\Users\Lenovo\AppData\Local\Temp\cc8s8bzJ.s 			page 10


  99:Drivers/CMSIS/Include/cmsis_gcc.h ****   #pragma GCC diagnostic pop
 100:Drivers/CMSIS/Include/cmsis_gcc.h ****   #define __UNALIGNED_UINT32_WRITE(addr, val)    (void)((((struct T_UINT32_WRITE *)(void *)(addr))-
 101:Drivers/CMSIS/Include/cmsis_gcc.h **** #endif
 102:Drivers/CMSIS/Include/cmsis_gcc.h **** #ifndef   __UNALIGNED_UINT32_READ
 103:Drivers/CMSIS/Include/cmsis_gcc.h ****   #pragma GCC diagnostic push
 104:Drivers/CMSIS/Include/cmsis_gcc.h ****   #pragma GCC diagnostic ignored "-Wpacked"
 105:Drivers/CMSIS/Include/cmsis_gcc.h ****   #pragma GCC diagnostic ignored "-Wattributes"
 106:Drivers/CMSIS/Include/cmsis_gcc.h ****   __PACKED_STRUCT T_UINT32_READ { uint32_t v; };
 107:Drivers/CMSIS/Include/cmsis_gcc.h ****   #pragma GCC diagnostic pop
 108:Drivers/CMSIS/Include/cmsis_gcc.h ****   #define __UNALIGNED_UINT32_READ(addr)          (((const struct T_UINT32_READ *)(const void *)(add
 109:Drivers/CMSIS/Include/cmsis_gcc.h **** #endif
 110:Drivers/CMSIS/Include/cmsis_gcc.h **** #ifndef   __ALIGNED
 111:Drivers/CMSIS/Include/cmsis_gcc.h ****   #define __ALIGNED(x)                           __attribute__((aligned(x)))
 112:Drivers/CMSIS/Include/cmsis_gcc.h **** #endif
 113:Drivers/CMSIS/Include/cmsis_gcc.h **** #ifndef   __RESTRICT
 114:Drivers/CMSIS/Include/cmsis_gcc.h ****   #define __RESTRICT                             __restrict
 115:Drivers/CMSIS/Include/cmsis_gcc.h **** #endif
 116:Drivers/CMSIS/Include/cmsis_gcc.h **** #ifndef   __COMPILER_BARRIER
 117:Drivers/CMSIS/Include/cmsis_gcc.h ****   #define __COMPILER_BARRIER()                   __ASM volatile("":::"memory")
 118:Drivers/CMSIS/Include/cmsis_gcc.h **** #endif
 119:Drivers/CMSIS/Include/cmsis_gcc.h **** 
 120:Drivers/CMSIS/Include/cmsis_gcc.h **** /* #########################  Startup and Lowlevel Init  ######################## */
 121:Drivers/CMSIS/Include/cmsis_gcc.h **** 
 122:Drivers/CMSIS/Include/cmsis_gcc.h **** #ifndef __PROGRAM_START
 123:Drivers/CMSIS/Include/cmsis_gcc.h **** 
 124:Drivers/CMSIS/Include/cmsis_gcc.h **** /**
 125:Drivers/CMSIS/Include/cmsis_gcc.h ****   \brief   Initializes data and bss sections
 126:Drivers/CMSIS/Include/cmsis_gcc.h ****   \details This default implementations initialized all data and additional bss
 127:Drivers/CMSIS/Include/cmsis_gcc.h ****            sections relying on .copy.table and .zero.table specified properly
 128:Drivers/CMSIS/Include/cmsis_gcc.h ****            in the used linker script.
 129:Drivers/CMSIS/Include/cmsis_gcc.h ****   
 130:Drivers/CMSIS/Include/cmsis_gcc.h ****  */
 131:Drivers/CMSIS/Include/cmsis_gcc.h **** __STATIC_FORCEINLINE __NO_RETURN void __cmsis_start(void)
 132:Drivers/CMSIS/Include/cmsis_gcc.h **** {
 133:Drivers/CMSIS/Include/cmsis_gcc.h ****   extern void _start(void) __NO_RETURN;
 134:Drivers/CMSIS/Include/cmsis_gcc.h ****   
 135:Drivers/CMSIS/Include/cmsis_gcc.h ****   typedef struct {
 136:Drivers/CMSIS/Include/cmsis_gcc.h ****     uint32_t const* src;
 137:Drivers/CMSIS/Include/cmsis_gcc.h ****     uint32_t* dest;
 138:Drivers/CMSIS/Include/cmsis_gcc.h ****     uint32_t  wlen;
 139:Drivers/CMSIS/Include/cmsis_gcc.h ****   } __copy_table_t;
 140:Drivers/CMSIS/Include/cmsis_gcc.h ****   
 141:Drivers/CMSIS/Include/cmsis_gcc.h ****   typedef struct {
 142:Drivers/CMSIS/Include/cmsis_gcc.h ****     uint32_t* dest;
 143:Drivers/CMSIS/Include/cmsis_gcc.h ****     uint32_t  wlen;
 144:Drivers/CMSIS/Include/cmsis_gcc.h ****   } __zero_table_t;
 145:Drivers/CMSIS/Include/cmsis_gcc.h ****   
 146:Drivers/CMSIS/Include/cmsis_gcc.h ****   extern const __copy_table_t __copy_table_start__;
 147:Drivers/CMSIS/Include/cmsis_gcc.h ****   extern const __copy_table_t __copy_table_end__;
 148:Drivers/CMSIS/Include/cmsis_gcc.h ****   extern const __zero_table_t __zero_table_start__;
 149:Drivers/CMSIS/Include/cmsis_gcc.h ****   extern const __zero_table_t __zero_table_end__;
 150:Drivers/CMSIS/Include/cmsis_gcc.h **** 
 151:Drivers/CMSIS/Include/cmsis_gcc.h ****   for (__copy_table_t const* pTable = &__copy_table_start__; pTable < &__copy_table_end__; ++pTable
 152:Drivers/CMSIS/Include/cmsis_gcc.h ****     for(uint32_t i=0u; i<pTable->wlen; ++i) {
 153:Drivers/CMSIS/Include/cmsis_gcc.h ****       pTable->dest[i] = pTable->src[i];
 154:Drivers/CMSIS/Include/cmsis_gcc.h ****     }
 155:Drivers/CMSIS/Include/cmsis_gcc.h ****   }
ARM GAS  C:\Users\Lenovo\AppData\Local\Temp\cc8s8bzJ.s 			page 11


 156:Drivers/CMSIS/Include/cmsis_gcc.h ****  
 157:Drivers/CMSIS/Include/cmsis_gcc.h ****   for (__zero_table_t const* pTable = &__zero_table_start__; pTable < &__zero_table_end__; ++pTable
 158:Drivers/CMSIS/Include/cmsis_gcc.h ****     for(uint32_t i=0u; i<pTable->wlen; ++i) {
 159:Drivers/CMSIS/Include/cmsis_gcc.h ****       pTable->dest[i] = 0u;
 160:Drivers/CMSIS/Include/cmsis_gcc.h ****     }
 161:Drivers/CMSIS/Include/cmsis_gcc.h ****   }
 162:Drivers/CMSIS/Include/cmsis_gcc.h ****  
 163:Drivers/CMSIS/Include/cmsis_gcc.h ****   _start();
 164:Drivers/CMSIS/Include/cmsis_gcc.h **** }
 165:Drivers/CMSIS/Include/cmsis_gcc.h ****   
 166:Drivers/CMSIS/Include/cmsis_gcc.h **** #define __PROGRAM_START           __cmsis_start
 167:Drivers/CMSIS/Include/cmsis_gcc.h **** #endif
 168:Drivers/CMSIS/Include/cmsis_gcc.h **** 
 169:Drivers/CMSIS/Include/cmsis_gcc.h **** #ifndef __INITIAL_SP
 170:Drivers/CMSIS/Include/cmsis_gcc.h **** #define __INITIAL_SP              __StackTop
 171:Drivers/CMSIS/Include/cmsis_gcc.h **** #endif
 172:Drivers/CMSIS/Include/cmsis_gcc.h **** 
 173:Drivers/CMSIS/Include/cmsis_gcc.h **** #ifndef __STACK_LIMIT
 174:Drivers/CMSIS/Include/cmsis_gcc.h **** #define __STACK_LIMIT             __StackLimit
 175:Drivers/CMSIS/Include/cmsis_gcc.h **** #endif
 176:Drivers/CMSIS/Include/cmsis_gcc.h **** 
 177:Drivers/CMSIS/Include/cmsis_gcc.h **** #ifndef __VECTOR_TABLE
 178:Drivers/CMSIS/Include/cmsis_gcc.h **** #define __VECTOR_TABLE            __Vectors
 179:Drivers/CMSIS/Include/cmsis_gcc.h **** #endif
 180:Drivers/CMSIS/Include/cmsis_gcc.h **** 
 181:Drivers/CMSIS/Include/cmsis_gcc.h **** #ifndef __VECTOR_TABLE_ATTRIBUTE
 182:Drivers/CMSIS/Include/cmsis_gcc.h **** #define __VECTOR_TABLE_ATTRIBUTE  __attribute((used, section(".vectors")))
 183:Drivers/CMSIS/Include/cmsis_gcc.h **** #endif
 184:Drivers/CMSIS/Include/cmsis_gcc.h **** 
 185:Drivers/CMSIS/Include/cmsis_gcc.h **** /* ###########################  Core Function Access  ########################### */
 186:Drivers/CMSIS/Include/cmsis_gcc.h **** /** \ingroup  CMSIS_Core_FunctionInterface
 187:Drivers/CMSIS/Include/cmsis_gcc.h ****     \defgroup CMSIS_Core_RegAccFunctions CMSIS Core Register Access Functions
 188:Drivers/CMSIS/Include/cmsis_gcc.h ****   @{
 189:Drivers/CMSIS/Include/cmsis_gcc.h ****  */
 190:Drivers/CMSIS/Include/cmsis_gcc.h **** 
 191:Drivers/CMSIS/Include/cmsis_gcc.h **** /**
 192:Drivers/CMSIS/Include/cmsis_gcc.h ****   \brief   Enable IRQ Interrupts
 193:Drivers/CMSIS/Include/cmsis_gcc.h ****   \details Enables IRQ interrupts by clearing the I-bit in the CPSR.
 194:Drivers/CMSIS/Include/cmsis_gcc.h ****            Can only be executed in Privileged modes.
 195:Drivers/CMSIS/Include/cmsis_gcc.h ****  */
 196:Drivers/CMSIS/Include/cmsis_gcc.h **** __STATIC_FORCEINLINE void __enable_irq(void)
 197:Drivers/CMSIS/Include/cmsis_gcc.h **** {
 198:Drivers/CMSIS/Include/cmsis_gcc.h ****   __ASM volatile ("cpsie i" : : : "memory");
 199:Drivers/CMSIS/Include/cmsis_gcc.h **** }
 200:Drivers/CMSIS/Include/cmsis_gcc.h **** 
 201:Drivers/CMSIS/Include/cmsis_gcc.h **** 
 202:Drivers/CMSIS/Include/cmsis_gcc.h **** /**
 203:Drivers/CMSIS/Include/cmsis_gcc.h ****   \brief   Disable IRQ Interrupts
 204:Drivers/CMSIS/Include/cmsis_gcc.h ****   \details Disables IRQ interrupts by setting the I-bit in the CPSR.
 205:Drivers/CMSIS/Include/cmsis_gcc.h ****            Can only be executed in Privileged modes.
 206:Drivers/CMSIS/Include/cmsis_gcc.h ****  */
 207:Drivers/CMSIS/Include/cmsis_gcc.h **** __STATIC_FORCEINLINE void __disable_irq(void)
  84              		.loc 2 207 27 view .LVU10
  85              	.LBB6:
 208:Drivers/CMSIS/Include/cmsis_gcc.h **** {
 209:Drivers/CMSIS/Include/cmsis_gcc.h ****   __ASM volatile ("cpsid i" : : : "memory");
  86              		.loc 2 209 3 view .LVU11
ARM GAS  C:\Users\Lenovo\AppData\Local\Temp\cc8s8bzJ.s 			page 12


  87              		.syntax unified
  88              	@ 209 "Drivers/CMSIS/Include/cmsis_gcc.h" 1
  89 0000 72B6     		cpsid i
  90              	@ 0 "" 2
  91              		.thumb
  92              		.syntax unified
  93              	.L6:
  94              	.LBE6:
  95              	.LBE5:
 336:Core/Src/main.c ****   while (1)
  96              		.loc 1 336 3 discriminator 1 view .LVU12
 337:Core/Src/main.c ****   {
 338:Core/Src/main.c ****   }
  97              		.loc 1 338 3 discriminator 1 view .LVU13
 336:Core/Src/main.c ****   while (1)
  98              		.loc 1 336 9 discriminator 1 view .LVU14
  99 0002 FEE7     		b	.L6
 100              		.cfi_endproc
 101              	.LFE140:
 103              		.section	.text.MX_I2C1_Init,"ax",%progbits
 104              		.align	1
 105              		.syntax unified
 106              		.thumb
 107              		.thumb_func
 109              	MX_I2C1_Init:
 110              	.LFB137:
 227:Core/Src/main.c **** 
 111              		.loc 1 227 1 view -0
 112              		.cfi_startproc
 113              		@ args = 0, pretend = 0, frame = 0
 114              		@ frame_needed = 0, uses_anonymous_args = 0
 115 0000 08B5     		push	{r3, lr}
 116              	.LCFI2:
 117              		.cfi_def_cfa_offset 8
 118              		.cfi_offset 3, -8
 119              		.cfi_offset 14, -4
 236:Core/Src/main.c ****   hi2c1.Init.Timing = 0x00100D14;
 120              		.loc 1 236 3 view .LVU16
 236:Core/Src/main.c ****   hi2c1.Init.Timing = 0x00100D14;
 121              		.loc 1 236 18 is_stmt 0 view .LVU17
 122 0002 1148     		ldr	r0, .L15
 123 0004 114B     		ldr	r3, .L15+4
 124 0006 0360     		str	r3, [r0]
 237:Core/Src/main.c ****   hi2c1.Init.OwnAddress1 = 0;
 125              		.loc 1 237 3 is_stmt 1 view .LVU18
 237:Core/Src/main.c ****   hi2c1.Init.OwnAddress1 = 0;
 126              		.loc 1 237 21 is_stmt 0 view .LVU19
 127 0008 114B     		ldr	r3, .L15+8
 128 000a 4360     		str	r3, [r0, #4]
 238:Core/Src/main.c ****   hi2c1.Init.AddressingMode = I2C_ADDRESSINGMODE_7BIT;
 129              		.loc 1 238 3 is_stmt 1 view .LVU20
 238:Core/Src/main.c ****   hi2c1.Init.AddressingMode = I2C_ADDRESSINGMODE_7BIT;
 130              		.loc 1 238 26 is_stmt 0 view .LVU21
 131 000c 0023     		movs	r3, #0
 132 000e 8360     		str	r3, [r0, #8]
 239:Core/Src/main.c ****   hi2c1.Init.DualAddressMode = I2C_DUALADDRESS_DISABLE;
 133              		.loc 1 239 3 is_stmt 1 view .LVU22
ARM GAS  C:\Users\Lenovo\AppData\Local\Temp\cc8s8bzJ.s 			page 13


 239:Core/Src/main.c ****   hi2c1.Init.DualAddressMode = I2C_DUALADDRESS_DISABLE;
 134              		.loc 1 239 29 is_stmt 0 view .LVU23
 135 0010 0122     		movs	r2, #1
 136 0012 C260     		str	r2, [r0, #12]
 240:Core/Src/main.c ****   hi2c1.Init.OwnAddress2 = 0;
 137              		.loc 1 240 3 is_stmt 1 view .LVU24
 240:Core/Src/main.c ****   hi2c1.Init.OwnAddress2 = 0;
 138              		.loc 1 240 30 is_stmt 0 view .LVU25
 139 0014 0361     		str	r3, [r0, #16]
 241:Core/Src/main.c ****   hi2c1.Init.OwnAddress2Masks = I2C_OA2_NOMASK;
 140              		.loc 1 241 3 is_stmt 1 view .LVU26
 241:Core/Src/main.c ****   hi2c1.Init.OwnAddress2Masks = I2C_OA2_NOMASK;
 141              		.loc 1 241 26 is_stmt 0 view .LVU27
 142 0016 4361     		str	r3, [r0, #20]
 242:Core/Src/main.c ****   hi2c1.Init.GeneralCallMode = I2C_GENERALCALL_DISABLE;
 143              		.loc 1 242 3 is_stmt 1 view .LVU28
 242:Core/Src/main.c ****   hi2c1.Init.GeneralCallMode = I2C_GENERALCALL_DISABLE;
 144              		.loc 1 242 31 is_stmt 0 view .LVU29
 145 0018 8361     		str	r3, [r0, #24]
 243:Core/Src/main.c ****   hi2c1.Init.NoStretchMode = I2C_NOSTRETCH_DISABLE;
 146              		.loc 1 243 3 is_stmt 1 view .LVU30
 243:Core/Src/main.c ****   hi2c1.Init.NoStretchMode = I2C_NOSTRETCH_DISABLE;
 147              		.loc 1 243 30 is_stmt 0 view .LVU31
 148 001a C361     		str	r3, [r0, #28]
 244:Core/Src/main.c ****   if (HAL_I2C_Init(&hi2c1) != HAL_OK)
 149              		.loc 1 244 3 is_stmt 1 view .LVU32
 244:Core/Src/main.c ****   if (HAL_I2C_Init(&hi2c1) != HAL_OK)
 150              		.loc 1 244 28 is_stmt 0 view .LVU33
 151 001c 0362     		str	r3, [r0, #32]
 245:Core/Src/main.c ****   {
 152              		.loc 1 245 3 is_stmt 1 view .LVU34
 245:Core/Src/main.c ****   {
 153              		.loc 1 245 7 is_stmt 0 view .LVU35
 154 001e FFF7FEFF 		bl	HAL_I2C_Init
 155              	.LVL0:
 245:Core/Src/main.c ****   {
 156              		.loc 1 245 6 view .LVU36
 157 0022 50B9     		cbnz	r0, .L12
 252:Core/Src/main.c ****   {
 158              		.loc 1 252 3 is_stmt 1 view .LVU37
 252:Core/Src/main.c ****   {
 159              		.loc 1 252 7 is_stmt 0 view .LVU38
 160 0024 0021     		movs	r1, #0
 161 0026 0848     		ldr	r0, .L15
 162 0028 FFF7FEFF 		bl	HAL_I2CEx_ConfigAnalogFilter
 163              	.LVL1:
 252:Core/Src/main.c ****   {
 164              		.loc 1 252 6 view .LVU39
 165 002c 38B9     		cbnz	r0, .L13
 259:Core/Src/main.c ****   {
 166              		.loc 1 259 3 is_stmt 1 view .LVU40
 259:Core/Src/main.c ****   {
 167              		.loc 1 259 7 is_stmt 0 view .LVU41
 168 002e 0021     		movs	r1, #0
 169 0030 0548     		ldr	r0, .L15
 170 0032 FFF7FEFF 		bl	HAL_I2CEx_ConfigDigitalFilter
 171              	.LVL2:
ARM GAS  C:\Users\Lenovo\AppData\Local\Temp\cc8s8bzJ.s 			page 14


 259:Core/Src/main.c ****   {
 172              		.loc 1 259 6 view .LVU42
 173 0036 20B9     		cbnz	r0, .L14
 267:Core/Src/main.c **** 
 174              		.loc 1 267 1 view .LVU43
 175 0038 08BD     		pop	{r3, pc}
 176              	.L12:
 247:Core/Src/main.c ****   }
 177              		.loc 1 247 5 is_stmt 1 view .LVU44
 178 003a FFF7FEFF 		bl	Error_Handler
 179              	.LVL3:
 180              	.L13:
 254:Core/Src/main.c ****   }
 181              		.loc 1 254 5 view .LVU45
 182 003e FFF7FEFF 		bl	Error_Handler
 183              	.LVL4:
 184              	.L14:
 261:Core/Src/main.c ****   }
 185              		.loc 1 261 5 view .LVU46
 186 0042 FFF7FEFF 		bl	Error_Handler
 187              	.LVL5:
 188              	.L16:
 189 0046 00BF     		.align	2
 190              	.L15:
 191 0048 00000000 		.word	.LANCHOR0
 192 004c 00540040 		.word	1073763328
 193 0050 140D1000 		.word	1051924
 194              		.cfi_endproc
 195              	.LFE137:
 197              		.section	.text.MX_USART2_UART_Init,"ax",%progbits
 198              		.align	1
 199              		.syntax unified
 200              		.thumb
 201              		.thumb_func
 203              	MX_USART2_UART_Init:
 204              	.LFB138:
 275:Core/Src/main.c **** 
 205              		.loc 1 275 1 view -0
 206              		.cfi_startproc
 207              		@ args = 0, pretend = 0, frame = 0
 208              		@ frame_needed = 0, uses_anonymous_args = 0
 209 0000 08B5     		push	{r3, lr}
 210              	.LCFI3:
 211              		.cfi_def_cfa_offset 8
 212              		.cfi_offset 3, -8
 213              		.cfi_offset 14, -4
 284:Core/Src/main.c ****   huart2.Init.BaudRate = 115200;
 214              		.loc 1 284 3 view .LVU48
 284:Core/Src/main.c ****   huart2.Init.BaudRate = 115200;
 215              		.loc 1 284 19 is_stmt 0 view .LVU49
 216 0002 0B48     		ldr	r0, .L21
 217 0004 0B4B     		ldr	r3, .L21+4
 218 0006 0360     		str	r3, [r0]
 285:Core/Src/main.c ****   huart2.Init.WordLength = UART_WORDLENGTH_8B;
 219              		.loc 1 285 3 is_stmt 1 view .LVU50
 285:Core/Src/main.c ****   huart2.Init.WordLength = UART_WORDLENGTH_8B;
 220              		.loc 1 285 24 is_stmt 0 view .LVU51
ARM GAS  C:\Users\Lenovo\AppData\Local\Temp\cc8s8bzJ.s 			page 15


 221 0008 4FF4E133 		mov	r3, #115200
 222 000c 4360     		str	r3, [r0, #4]
 286:Core/Src/main.c ****   huart2.Init.StopBits = UART_STOPBITS_1;
 223              		.loc 1 286 3 is_stmt 1 view .LVU52
 286:Core/Src/main.c ****   huart2.Init.StopBits = UART_STOPBITS_1;
 224              		.loc 1 286 26 is_stmt 0 view .LVU53
 225 000e 0023     		movs	r3, #0
 226 0010 8360     		str	r3, [r0, #8]
 287:Core/Src/main.c ****   huart2.Init.Parity = UART_PARITY_NONE;
 227              		.loc 1 287 3 is_stmt 1 view .LVU54
 287:Core/Src/main.c ****   huart2.Init.Parity = UART_PARITY_NONE;
 228              		.loc 1 287 24 is_stmt 0 view .LVU55
 229 0012 C360     		str	r3, [r0, #12]
 288:Core/Src/main.c ****   huart2.Init.Mode = UART_MODE_TX_RX;
 230              		.loc 1 288 3 is_stmt 1 view .LVU56
 288:Core/Src/main.c ****   huart2.Init.Mode = UART_MODE_TX_RX;
 231              		.loc 1 288 22 is_stmt 0 view .LVU57
 232 0014 0361     		str	r3, [r0, #16]
 289:Core/Src/main.c ****   huart2.Init.HwFlowCtl = UART_HWCONTROL_NONE;
 233              		.loc 1 289 3 is_stmt 1 view .LVU58
 289:Core/Src/main.c ****   huart2.Init.HwFlowCtl = UART_HWCONTROL_NONE;
 234              		.loc 1 289 20 is_stmt 0 view .LVU59
 235 0016 0C22     		movs	r2, #12
 236 0018 4261     		str	r2, [r0, #20]
 290:Core/Src/main.c ****   huart2.Init.OverSampling = UART_OVERSAMPLING_16;
 237              		.loc 1 290 3 is_stmt 1 view .LVU60
 290:Core/Src/main.c ****   huart2.Init.OverSampling = UART_OVERSAMPLING_16;
 238              		.loc 1 290 25 is_stmt 0 view .LVU61
 239 001a 8361     		str	r3, [r0, #24]
 291:Core/Src/main.c ****   huart2.Init.OneBitSampling = UART_ONE_BIT_SAMPLE_DISABLE;
 240              		.loc 1 291 3 is_stmt 1 view .LVU62
 291:Core/Src/main.c ****   huart2.Init.OneBitSampling = UART_ONE_BIT_SAMPLE_DISABLE;
 241              		.loc 1 291 28 is_stmt 0 view .LVU63
 242 001c C361     		str	r3, [r0, #28]
 292:Core/Src/main.c ****   huart2.AdvancedInit.AdvFeatureInit = UART_ADVFEATURE_NO_INIT;
 243              		.loc 1 292 3 is_stmt 1 view .LVU64
 292:Core/Src/main.c ****   huart2.AdvancedInit.AdvFeatureInit = UART_ADVFEATURE_NO_INIT;
 244              		.loc 1 292 30 is_stmt 0 view .LVU65
 245 001e 0362     		str	r3, [r0, #32]
 293:Core/Src/main.c ****   if (HAL_UART_Init(&huart2) != HAL_OK)
 246              		.loc 1 293 3 is_stmt 1 view .LVU66
 293:Core/Src/main.c ****   if (HAL_UART_Init(&huart2) != HAL_OK)
 247              		.loc 1 293 38 is_stmt 0 view .LVU67
 248 0020 4362     		str	r3, [r0, #36]
 294:Core/Src/main.c ****   {
 249              		.loc 1 294 3 is_stmt 1 view .LVU68
 294:Core/Src/main.c ****   {
 250              		.loc 1 294 7 is_stmt 0 view .LVU69
 251 0022 FFF7FEFF 		bl	HAL_UART_Init
 252              	.LVL6:
 294:Core/Src/main.c ****   {
 253              		.loc 1 294 6 view .LVU70
 254 0026 00B9     		cbnz	r0, .L20
 302:Core/Src/main.c **** 
 255              		.loc 1 302 1 view .LVU71
 256 0028 08BD     		pop	{r3, pc}
 257              	.L20:
ARM GAS  C:\Users\Lenovo\AppData\Local\Temp\cc8s8bzJ.s 			page 16


 296:Core/Src/main.c ****   }
 258              		.loc 1 296 5 is_stmt 1 view .LVU72
 259 002a FFF7FEFF 		bl	Error_Handler
 260              	.LVL7:
 261              	.L22:
 262 002e 00BF     		.align	2
 263              	.L21:
 264 0030 00000000 		.word	.LANCHOR1
 265 0034 00440040 		.word	1073759232
 266              		.cfi_endproc
 267              	.LFE138:
 269              		.section	.text.SystemClock_Config,"ax",%progbits
 270              		.align	1
 271              		.global	SystemClock_Config
 272              		.syntax unified
 273              		.thumb
 274              		.thumb_func
 276              	SystemClock_Config:
 277              	.LFB136:
 182:Core/Src/main.c ****   RCC_OscInitTypeDef RCC_OscInitStruct = {0};
 278              		.loc 1 182 1 view -0
 279              		.cfi_startproc
 280              		@ args = 0, pretend = 0, frame = 88
 281              		@ frame_needed = 0, uses_anonymous_args = 0
 282 0000 00B5     		push	{lr}
 283              	.LCFI4:
 284              		.cfi_def_cfa_offset 4
 285              		.cfi_offset 14, -4
 286 0002 97B0     		sub	sp, sp, #92
 287              	.LCFI5:
 288              		.cfi_def_cfa_offset 96
 183:Core/Src/main.c ****   RCC_ClkInitTypeDef RCC_ClkInitStruct = {0};
 289              		.loc 1 183 3 view .LVU74
 183:Core/Src/main.c ****   RCC_ClkInitTypeDef RCC_ClkInitStruct = {0};
 290              		.loc 1 183 22 is_stmt 0 view .LVU75
 291 0004 4422     		movs	r2, #68
 292 0006 0021     		movs	r1, #0
 293 0008 05A8     		add	r0, sp, #20
 294 000a FFF7FEFF 		bl	memset
 295              	.LVL8:
 184:Core/Src/main.c **** 
 296              		.loc 1 184 3 is_stmt 1 view .LVU76
 184:Core/Src/main.c **** 
 297              		.loc 1 184 22 is_stmt 0 view .LVU77
 298 000e 0023     		movs	r3, #0
 299 0010 0093     		str	r3, [sp]
 300 0012 0193     		str	r3, [sp, #4]
 301 0014 0293     		str	r3, [sp, #8]
 302 0016 0393     		str	r3, [sp, #12]
 303 0018 0493     		str	r3, [sp, #16]
 188:Core/Src/main.c ****   {
 304              		.loc 1 188 3 is_stmt 1 view .LVU78
 188:Core/Src/main.c ****   {
 305              		.loc 1 188 7 is_stmt 0 view .LVU79
 306 001a 4FF40070 		mov	r0, #512
 307 001e FFF7FEFF 		bl	HAL_PWREx_ControlVoltageScaling
 308              	.LVL9:
ARM GAS  C:\Users\Lenovo\AppData\Local\Temp\cc8s8bzJ.s 			page 17


 188:Core/Src/main.c ****   {
 309              		.loc 1 188 6 view .LVU80
 310 0022 D0B9     		cbnz	r0, .L28
 196:Core/Src/main.c ****   RCC_OscInitStruct.MSIState = RCC_MSI_ON;
 311              		.loc 1 196 3 is_stmt 1 view .LVU81
 196:Core/Src/main.c ****   RCC_OscInitStruct.MSIState = RCC_MSI_ON;
 312              		.loc 1 196 36 is_stmt 0 view .LVU82
 313 0024 1023     		movs	r3, #16
 314 0026 0593     		str	r3, [sp, #20]
 197:Core/Src/main.c ****   RCC_OscInitStruct.MSICalibrationValue = 0;
 315              		.loc 1 197 3 is_stmt 1 view .LVU83
 197:Core/Src/main.c ****   RCC_OscInitStruct.MSICalibrationValue = 0;
 316              		.loc 1 197 30 is_stmt 0 view .LVU84
 317 0028 0123     		movs	r3, #1
 318 002a 0B93     		str	r3, [sp, #44]
 198:Core/Src/main.c ****   RCC_OscInitStruct.MSIClockRange = RCC_MSIRANGE_6;
 319              		.loc 1 198 3 is_stmt 1 view .LVU85
 198:Core/Src/main.c ****   RCC_OscInitStruct.MSIClockRange = RCC_MSIRANGE_6;
 320              		.loc 1 198 41 is_stmt 0 view .LVU86
 321 002c 0023     		movs	r3, #0
 322 002e 0C93     		str	r3, [sp, #48]
 199:Core/Src/main.c ****   RCC_OscInitStruct.PLL.PLLState = RCC_PLL_NONE;
 323              		.loc 1 199 3 is_stmt 1 view .LVU87
 199:Core/Src/main.c ****   RCC_OscInitStruct.PLL.PLLState = RCC_PLL_NONE;
 324              		.loc 1 199 35 is_stmt 0 view .LVU88
 325 0030 6022     		movs	r2, #96
 326 0032 0D92     		str	r2, [sp, #52]
 200:Core/Src/main.c ****   if (HAL_RCC_OscConfig(&RCC_OscInitStruct) != HAL_OK)
 327              		.loc 1 200 3 is_stmt 1 view .LVU89
 200:Core/Src/main.c ****   if (HAL_RCC_OscConfig(&RCC_OscInitStruct) != HAL_OK)
 328              		.loc 1 200 34 is_stmt 0 view .LVU90
 329 0034 0F93     		str	r3, [sp, #60]
 201:Core/Src/main.c ****   {
 330              		.loc 1 201 3 is_stmt 1 view .LVU91
 201:Core/Src/main.c ****   {
 331              		.loc 1 201 7 is_stmt 0 view .LVU92
 332 0036 05A8     		add	r0, sp, #20
 333 0038 FFF7FEFF 		bl	HAL_RCC_OscConfig
 334              	.LVL10:
 201:Core/Src/main.c ****   {
 335              		.loc 1 201 6 view .LVU93
 336 003c 78B9     		cbnz	r0, .L29
 208:Core/Src/main.c ****                               |RCC_CLOCKTYPE_PCLK1|RCC_CLOCKTYPE_PCLK2;
 337              		.loc 1 208 3 is_stmt 1 view .LVU94
 208:Core/Src/main.c ****                               |RCC_CLOCKTYPE_PCLK1|RCC_CLOCKTYPE_PCLK2;
 338              		.loc 1 208 31 is_stmt 0 view .LVU95
 339 003e 0F23     		movs	r3, #15
 340 0040 0093     		str	r3, [sp]
 210:Core/Src/main.c ****   RCC_ClkInitStruct.AHBCLKDivider = RCC_SYSCLK_DIV1;
 341              		.loc 1 210 3 is_stmt 1 view .LVU96
 210:Core/Src/main.c ****   RCC_ClkInitStruct.AHBCLKDivider = RCC_SYSCLK_DIV1;
 342              		.loc 1 210 34 is_stmt 0 view .LVU97
 343 0042 0021     		movs	r1, #0
 344 0044 0191     		str	r1, [sp, #4]
 211:Core/Src/main.c ****   RCC_ClkInitStruct.APB1CLKDivider = RCC_HCLK_DIV1;
 345              		.loc 1 211 3 is_stmt 1 view .LVU98
 211:Core/Src/main.c ****   RCC_ClkInitStruct.APB1CLKDivider = RCC_HCLK_DIV1;
ARM GAS  C:\Users\Lenovo\AppData\Local\Temp\cc8s8bzJ.s 			page 18


 346              		.loc 1 211 35 is_stmt 0 view .LVU99
 347 0046 0291     		str	r1, [sp, #8]
 212:Core/Src/main.c ****   RCC_ClkInitStruct.APB2CLKDivider = RCC_HCLK_DIV1;
 348              		.loc 1 212 3 is_stmt 1 view .LVU100
 212:Core/Src/main.c ****   RCC_ClkInitStruct.APB2CLKDivider = RCC_HCLK_DIV1;
 349              		.loc 1 212 36 is_stmt 0 view .LVU101
 350 0048 0391     		str	r1, [sp, #12]
 213:Core/Src/main.c **** 
 351              		.loc 1 213 3 is_stmt 1 view .LVU102
 213:Core/Src/main.c **** 
 352              		.loc 1 213 36 is_stmt 0 view .LVU103
 353 004a 0491     		str	r1, [sp, #16]
 215:Core/Src/main.c ****   {
 354              		.loc 1 215 3 is_stmt 1 view .LVU104
 215:Core/Src/main.c ****   {
 355              		.loc 1 215 7 is_stmt 0 view .LVU105
 356 004c 6846     		mov	r0, sp
 357 004e FFF7FEFF 		bl	HAL_RCC_ClockConfig
 358              	.LVL11:
 215:Core/Src/main.c ****   {
 359              		.loc 1 215 6 view .LVU106
 360 0052 30B9     		cbnz	r0, .L30
 219:Core/Src/main.c **** 
 361              		.loc 1 219 1 view .LVU107
 362 0054 17B0     		add	sp, sp, #92
 363              	.LCFI6:
 364              		.cfi_remember_state
 365              		.cfi_def_cfa_offset 4
 366              		@ sp needed
 367 0056 5DF804FB 		ldr	pc, [sp], #4
 368              	.L28:
 369              	.LCFI7:
 370              		.cfi_restore_state
 190:Core/Src/main.c ****   }
 371              		.loc 1 190 5 is_stmt 1 view .LVU108
 372 005a FFF7FEFF 		bl	Error_Handler
 373              	.LVL12:
 374              	.L29:
 203:Core/Src/main.c ****   }
 375              		.loc 1 203 5 view .LVU109
 376 005e FFF7FEFF 		bl	Error_Handler
 377              	.LVL13:
 378              	.L30:
 217:Core/Src/main.c ****   }
 379              		.loc 1 217 5 view .LVU110
 380 0062 FFF7FEFF 		bl	Error_Handler
 381              	.LVL14:
 382              		.cfi_endproc
 383              	.LFE136:
 385              		.section	.rodata.main.str1.4,"aMS",%progbits,1
 386              		.align	2
 387              	.LC0:
 388 0000 47657452 		.ascii	"GetReady error=%d\015\012\000"
 388      65616479 
 388      20657272 
 388      6F723D25 
 388      640D0A00 
ARM GAS  C:\Users\Lenovo\AppData\Local\Temp\cc8s8bzJ.s 			page 19


 389              		.align	2
 390              	.LC1:
 391 0014 44697374 		.ascii	"Dist: %u mm\015\012\000"
 391      3A202575 
 391      206D6D0D 
 391      0A00
 392 0022 0000     		.align	2
 393              	.LC2:
 394 0024 47657444 		.ascii	"GetData error =%d\015\012\000"
 394      61746120 
 394      6572726F 
 394      72203D25 
 394      640D0A00 
 395              		.section	.text.main,"ax",%progbits
 396              		.align	1
 397              		.global	main
 398              		.syntax unified
 399              		.thumb
 400              		.thumb_func
 402              	main:
 403              	.LFB135:
  87:Core/Src/main.c **** 
 404              		.loc 1 87 1 view -0
 405              		.cfi_startproc
 406              		@ args = 0, pretend = 0, frame = 1016
 407              		@ frame_needed = 0, uses_anonymous_args = 0
 408 0000 10B5     		push	{r4, lr}
 409              	.LCFI8:
 410              		.cfi_def_cfa_offset 8
 411              		.cfi_offset 4, -8
 412              		.cfi_offset 14, -4
 413 0002 ADF57E7D 		sub	sp, sp, #1016
 414              	.LCFI9:
 415              		.cfi_def_cfa_offset 1024
  96:Core/Src/main.c **** 
 416              		.loc 1 96 3 view .LVU112
 417 0006 FFF7FEFF 		bl	HAL_Init
 418              	.LVL15:
 103:Core/Src/main.c **** 
 419              		.loc 1 103 3 view .LVU113
 420 000a FFF7FEFF 		bl	SystemClock_Config
 421              	.LVL16:
 110:Core/Src/main.c ****   MX_I2C1_Init();
 422              		.loc 1 110 3 view .LVU114
 423 000e FFF7FEFF 		bl	MX_GPIO_Init
 424              	.LVL17:
 111:Core/Src/main.c ****   MX_USART2_UART_Init();
 425              		.loc 1 111 3 view .LVU115
 426 0012 FFF7FEFF 		bl	MX_I2C1_Init
 427              	.LVL18:
 112:Core/Src/main.c ****   /* USER CODE BEGIN 2 */
 428              		.loc 1 112 3 view .LVU116
 429 0016 FFF7FEFF 		bl	MX_USART2_UART_Init
 430              	.LVL19:
 116:Core/Src/main.c **** VL53L1_DEV    Dev = &vl53l1_c;
 431              		.loc 1 116 1 view .LVU117
 117:Core/Src/main.c **** 
ARM GAS  C:\Users\Lenovo\AppData\Local\Temp\cc8s8bzJ.s 			page 20


 432              		.loc 1 117 1 view .LVU118
 119:Core/Src/main.c **** 
 433              		.loc 1 119 1 view .LVU119
 434 001a 4FF46872 		mov	r2, #928
 435 001e 0021     		movs	r1, #0
 436 0020 16A8     		add	r0, sp, #88
 437              	.LVL20:
 119:Core/Src/main.c **** 
 438              		.loc 1 119 1 is_stmt 0 view .LVU120
 439 0022 FFF7FEFF 		bl	memset
 440              	.LVL21:
 121:Core/Src/main.c **** Dev->comms_type        = 1;       // I2C
 441              		.loc 1 121 1 is_stmt 1 view .LVU121
 121:Core/Src/main.c **** Dev->comms_type        = 1;       // I2C
 442              		.loc 1 121 24 is_stmt 0 view .LVU122
 443 0026 5223     		movs	r3, #82
 444 0028 8DF8F033 		strb	r3, [sp, #1008]
 122:Core/Src/main.c **** Dev->comms_speed_khz   = 400;
 445              		.loc 1 122 1 is_stmt 1 view .LVU123
 122:Core/Src/main.c **** Dev->comms_speed_khz   = 400;
 446              		.loc 1 122 24 is_stmt 0 view .LVU124
 447 002c 0124     		movs	r4, #1
 448 002e 8DF8F143 		strb	r4, [sp, #1009]
 123:Core/Src/main.c **** 
 449              		.loc 1 123 1 is_stmt 1 view .LVU125
 123:Core/Src/main.c **** 
 450              		.loc 1 123 24 is_stmt 0 view .LVU126
 451 0032 4FF4C873 		mov	r3, #400
 452 0036 ADF8F233 		strh	r3, [sp, #1010]	@ movhi
 125:Core/Src/main.c **** 
 453              		.loc 1 125 1 is_stmt 1 view .LVU127
 130:Core/Src/main.c **** status = VL53L1_StaticInit(Dev);
 454              		.loc 1 130 1 view .LVU128
 130:Core/Src/main.c **** status = VL53L1_StaticInit(Dev);
 455              		.loc 1 130 10 is_stmt 0 view .LVU129
 456 003a 16A8     		add	r0, sp, #88
 457              	.LVL22:
 130:Core/Src/main.c **** status = VL53L1_StaticInit(Dev);
 458              		.loc 1 130 10 view .LVU130
 459 003c FFF7FEFF 		bl	VL53L1_DataInit
 460              	.LVL23:
 131:Core/Src/main.c **** status = VL53L1_SetDistanceMode(Dev, VL53L1_DISTANCEMODE_SHORT);
 461              		.loc 1 131 1 is_stmt 1 view .LVU131
 131:Core/Src/main.c **** status = VL53L1_SetDistanceMode(Dev, VL53L1_DISTANCEMODE_SHORT);
 462              		.loc 1 131 10 is_stmt 0 view .LVU132
 463 0040 16A8     		add	r0, sp, #88
 464              	.LVL24:
 131:Core/Src/main.c **** status = VL53L1_SetDistanceMode(Dev, VL53L1_DISTANCEMODE_SHORT);
 465              		.loc 1 131 10 view .LVU133
 466 0042 FFF7FEFF 		bl	VL53L1_StaticInit
 467              	.LVL25:
 132:Core/Src/main.c **** status = VL53L1_SetMeasurementTimingBudgetMicroSeconds(Dev, 33000);
 468              		.loc 1 132 1 is_stmt 1 view .LVU134
 132:Core/Src/main.c **** status = VL53L1_SetMeasurementTimingBudgetMicroSeconds(Dev, 33000);
 469              		.loc 1 132 10 is_stmt 0 view .LVU135
 470 0046 2146     		mov	r1, r4
 471 0048 16A8     		add	r0, sp, #88
ARM GAS  C:\Users\Lenovo\AppData\Local\Temp\cc8s8bzJ.s 			page 21


 472              	.LVL26:
 132:Core/Src/main.c **** status = VL53L1_SetMeasurementTimingBudgetMicroSeconds(Dev, 33000);
 473              		.loc 1 132 10 view .LVU136
 474 004a FFF7FEFF 		bl	VL53L1_SetDistanceMode
 475              	.LVL27:
 133:Core/Src/main.c **** status = VL53L1_SetInterMeasurementPeriodMilliSeconds(Dev, 100);
 476              		.loc 1 133 1 is_stmt 1 view .LVU137
 133:Core/Src/main.c **** status = VL53L1_SetInterMeasurementPeriodMilliSeconds(Dev, 100);
 477              		.loc 1 133 10 is_stmt 0 view .LVU138
 478 004e 48F2E801 		movw	r1, #33000
 479 0052 16A8     		add	r0, sp, #88
 480              	.LVL28:
 133:Core/Src/main.c **** status = VL53L1_SetInterMeasurementPeriodMilliSeconds(Dev, 100);
 481              		.loc 1 133 10 view .LVU139
 482 0054 FFF7FEFF 		bl	VL53L1_SetMeasurementTimingBudgetMicroSeconds
 483              	.LVL29:
 134:Core/Src/main.c **** status = VL53L1_StartMeasurement(Dev);
 484              		.loc 1 134 1 is_stmt 1 view .LVU140
 134:Core/Src/main.c **** status = VL53L1_StartMeasurement(Dev);
 485              		.loc 1 134 10 is_stmt 0 view .LVU141
 486 0058 6421     		movs	r1, #100
 487 005a 16A8     		add	r0, sp, #88
 488              	.LVL30:
 134:Core/Src/main.c **** status = VL53L1_StartMeasurement(Dev);
 489              		.loc 1 134 10 view .LVU142
 490 005c FFF7FEFF 		bl	VL53L1_SetInterMeasurementPeriodMilliSeconds
 491              	.LVL31:
 135:Core/Src/main.c **** 
 492              		.loc 1 135 1 is_stmt 1 view .LVU143
 135:Core/Src/main.c **** 
 493              		.loc 1 135 10 is_stmt 0 view .LVU144
 494 0060 16A8     		add	r0, sp, #88
 495              	.LVL32:
 135:Core/Src/main.c **** 
 496              		.loc 1 135 10 view .LVU145
 497 0062 FFF7FEFF 		bl	VL53L1_StartMeasurement
 498              	.LVL33:
 135:Core/Src/main.c **** 
 499              		.loc 1 135 10 view .LVU146
 500 0066 21E0     		b	.L32
 501              	.LVL34:
 502              	.L33:
 503              	.LBB7:
 156:Core/Src/main.c ****         HAL_Delay(5);
 504              		.loc 1 156 5 is_stmt 1 view .LVU147
 156:Core/Src/main.c ****         HAL_Delay(5);
 505              		.loc 1 156 19 is_stmt 0 view .LVU148
 506 0068 9DF80730 		ldrb	r3, [sp, #7]	@ zero_extendqisi2
 156:Core/Src/main.c ****         HAL_Delay(5);
 507              		.loc 1 156 8 view .LVU149
 508 006c 002B     		cmp	r3, #0
 509 006e 3AD0     		beq	.L40
 161:Core/Src/main.c ****     if (status == VL53L1_ERROR_NONE) {
 510              		.loc 1 161 5 is_stmt 1 view .LVU150
 161:Core/Src/main.c ****     if (status == VL53L1_ERROR_NONE) {
 511              		.loc 1 161 14 is_stmt 0 view .LVU151
 512 0070 02A9     		add	r1, sp, #8
ARM GAS  C:\Users\Lenovo\AppData\Local\Temp\cc8s8bzJ.s 			page 22


 513 0072 16A8     		add	r0, sp, #88
 514              	.LVL35:
 161:Core/Src/main.c ****     if (status == VL53L1_ERROR_NONE) {
 515              		.loc 1 161 14 view .LVU152
 516 0074 FFF7FEFF 		bl	VL53L1_GetRangingMeasurementData
 517              	.LVL36:
 162:Core/Src/main.c ****         uint16_t distanza_mm = RangingData.RangeMilliMeter;
 518              		.loc 1 162 5 is_stmt 1 view .LVU153
 162:Core/Src/main.c ****         uint16_t distanza_mm = RangingData.RangeMilliMeter;
 519              		.loc 1 162 8 is_stmt 0 view .LVU154
 520 0078 0246     		mov	r2, r0
 521 007a 0028     		cmp	r0, #0
 522 007c 37D1     		bne	.L36
 523              	.LBB8:
 163:Core/Src/main.c ****         sprintf(Payload, "Dist: %u mm\r\n", distanza_mm);
 524              		.loc 1 163 9 is_stmt 1 view .LVU155
 163:Core/Src/main.c ****         sprintf(Payload, "Dist: %u mm\r\n", distanza_mm);
 525              		.loc 1 163 43 is_stmt 0 view .LVU156
 526 007e BDF92020 		ldrsh	r2, [sp, #32]
 527              	.LVL37:
 164:Core/Src/main.c ****         HAL_UART_Transmit(&huart2, (uint8_t*)Payload, strlen(Payload), 0xFFFF);
 528              		.loc 1 164 9 is_stmt 1 view .LVU157
 529 0082 92B2     		uxth	r2, r2
 164:Core/Src/main.c ****         HAL_UART_Transmit(&huart2, (uint8_t*)Payload, strlen(Payload), 0xFFFF);
 530              		.loc 1 164 9 is_stmt 0 view .LVU158
 531 0084 2149     		ldr	r1, .L41
 532 0086 09A8     		add	r0, sp, #36
 533              	.LVL38:
 164:Core/Src/main.c ****         HAL_UART_Transmit(&huart2, (uint8_t*)Payload, strlen(Payload), 0xFFFF);
 534              		.loc 1 164 9 view .LVU159
 535 0088 FFF7FEFF 		bl	sprintf
 536              	.LVL39:
 165:Core/Src/main.c ****     } else {
 537              		.loc 1 165 9 is_stmt 1 view .LVU160
 165:Core/Src/main.c ****     } else {
 538              		.loc 1 165 55 is_stmt 0 view .LVU161
 539 008c 09A8     		add	r0, sp, #36
 540 008e FFF7FEFF 		bl	strlen
 541              	.LVL40:
 165:Core/Src/main.c ****     } else {
 542              		.loc 1 165 9 view .LVU162
 543 0092 4FF6FF73 		movw	r3, #65535
 544 0096 82B2     		uxth	r2, r0
 545 0098 09A9     		add	r1, sp, #36
 546 009a 1D48     		ldr	r0, .L41+4
 547 009c FFF7FEFF 		bl	HAL_UART_Transmit
 548              	.LVL41:
 549              	.L37:
 165:Core/Src/main.c ****     } else {
 550              		.loc 1 165 9 view .LVU163
 551              	.LBE8:
 171:Core/Src/main.c ****     HAL_Delay(50);
 552              		.loc 1 171 5 is_stmt 1 view .LVU164
 553 00a0 16A8     		add	r0, sp, #88
 554              	.LVL42:
 171:Core/Src/main.c ****     HAL_Delay(50);
 555              		.loc 1 171 5 is_stmt 0 view .LVU165
ARM GAS  C:\Users\Lenovo\AppData\Local\Temp\cc8s8bzJ.s 			page 23


 556 00a2 FFF7FEFF 		bl	VL53L1_ClearInterruptAndStartMeasurement
 557              	.LVL43:
 172:Core/Src/main.c **** }
 558              		.loc 1 172 5 is_stmt 1 view .LVU166
 559 00a6 3220     		movs	r0, #50
 560 00a8 FFF7FEFF 		bl	HAL_Delay
 561              	.LVL44:
 562              	.L32:
 172:Core/Src/main.c **** }
 563              		.loc 1 172 5 is_stmt 0 view .LVU167
 564              	.LBE7:
 137:Core/Src/main.c ****   /* USER CODE END 2 */
 565              		.loc 1 137 1 is_stmt 1 view .LVU168
 142:Core/Src/main.c **** {
 566              		.loc 1 142 1 view .LVU169
 567              	.LBB9:
 144:Core/Src/main.c ****     uint8_t dataReady = 0;
 568              		.loc 1 144 5 view .LVU170
 145:Core/Src/main.c **** 
 569              		.loc 1 145 5 view .LVU171
 145:Core/Src/main.c **** 
 570              		.loc 1 145 13 is_stmt 0 view .LVU172
 571 00ac 0023     		movs	r3, #0
 572 00ae 8DF80730 		strb	r3, [sp, #7]
 147:Core/Src/main.c **** 
 573              		.loc 1 147 5 is_stmt 1 view .LVU173
 147:Core/Src/main.c **** 
 574              		.loc 1 147 14 is_stmt 0 view .LVU174
 575 00b2 0DF10701 		add	r1, sp, #7
 576 00b6 16A8     		add	r0, sp, #88
 577              	.LVL45:
 147:Core/Src/main.c **** 
 578              		.loc 1 147 14 view .LVU175
 579 00b8 FFF7FEFF 		bl	VL53L1_GetMeasurementDataReady
 580              	.LVL46:
 149:Core/Src/main.c ****         sprintf(Payload, "GetReady error=%d\r\n", status);
 581              		.loc 1 149 5 is_stmt 1 view .LVU176
 149:Core/Src/main.c ****         sprintf(Payload, "GetReady error=%d\r\n", status);
 582              		.loc 1 149 8 is_stmt 0 view .LVU177
 583 00bc 0246     		mov	r2, r0
 584 00be 0028     		cmp	r0, #0
 585 00c0 D2D0     		beq	.L33
 150:Core/Src/main.c ****         HAL_UART_Transmit(&huart2, (uint8_t*)Payload, strlen(Payload), 0xFFFF);
 586              		.loc 1 150 9 is_stmt 1 view .LVU178
 587 00c2 1449     		ldr	r1, .L41+8
 588 00c4 09A8     		add	r0, sp, #36
 589              	.LVL47:
 150:Core/Src/main.c ****         HAL_UART_Transmit(&huart2, (uint8_t*)Payload, strlen(Payload), 0xFFFF);
 590              		.loc 1 150 9 is_stmt 0 view .LVU179
 591 00c6 FFF7FEFF 		bl	sprintf
 592              	.LVL48:
 151:Core/Src/main.c ****         HAL_Delay(100);
 593              		.loc 1 151 9 is_stmt 1 view .LVU180
 151:Core/Src/main.c ****         HAL_Delay(100);
 594              		.loc 1 151 55 is_stmt 0 view .LVU181
 595 00ca 09A8     		add	r0, sp, #36
 596 00cc FFF7FEFF 		bl	strlen
ARM GAS  C:\Users\Lenovo\AppData\Local\Temp\cc8s8bzJ.s 			page 24


 597              	.LVL49:
 151:Core/Src/main.c ****         HAL_Delay(100);
 598              		.loc 1 151 9 view .LVU182
 599 00d0 4FF6FF73 		movw	r3, #65535
 600 00d4 82B2     		uxth	r2, r0
 601 00d6 09A9     		add	r1, sp, #36
 602 00d8 0D48     		ldr	r0, .L41+4
 603 00da FFF7FEFF 		bl	HAL_UART_Transmit
 604              	.LVL50:
 152:Core/Src/main.c ****         continue;
 605              		.loc 1 152 9 is_stmt 1 view .LVU183
 606 00de 6420     		movs	r0, #100
 607 00e0 FFF7FEFF 		bl	HAL_Delay
 608              	.LVL51:
 153:Core/Src/main.c ****     }
 609              		.loc 1 153 9 view .LVU184
 610 00e4 E2E7     		b	.L32
 611              	.LVL52:
 612              	.L40:
 157:Core/Src/main.c ****         continue;
 613              		.loc 1 157 9 view .LVU185
 614 00e6 0520     		movs	r0, #5
 615              	.LVL53:
 157:Core/Src/main.c ****         continue;
 616              		.loc 1 157 9 is_stmt 0 view .LVU186
 617 00e8 FFF7FEFF 		bl	HAL_Delay
 618              	.LVL54:
 158:Core/Src/main.c ****     }
 619              		.loc 1 158 9 is_stmt 1 view .LVU187
 620 00ec DEE7     		b	.L32
 621              	.LVL55:
 622              	.L36:
 167:Core/Src/main.c ****         HAL_UART_Transmit(&huart2, (uint8_t*)Payload, strlen(Payload), 0xFFFF);
 623              		.loc 1 167 9 view .LVU188
 624 00ee 0A49     		ldr	r1, .L41+12
 625 00f0 09A8     		add	r0, sp, #36
 626              	.LVL56:
 167:Core/Src/main.c ****         HAL_UART_Transmit(&huart2, (uint8_t*)Payload, strlen(Payload), 0xFFFF);
 627              		.loc 1 167 9 is_stmt 0 view .LVU189
 628 00f2 FFF7FEFF 		bl	sprintf
 629              	.LVL57:
 168:Core/Src/main.c ****     }
 630              		.loc 1 168 9 is_stmt 1 view .LVU190
 168:Core/Src/main.c ****     }
 631              		.loc 1 168 55 is_stmt 0 view .LVU191
 632 00f6 09A8     		add	r0, sp, #36
 633 00f8 FFF7FEFF 		bl	strlen
 634              	.LVL58:
 168:Core/Src/main.c ****     }
 635              		.loc 1 168 9 view .LVU192
 636 00fc 4FF6FF73 		movw	r3, #65535
 637 0100 82B2     		uxth	r2, r0
 638 0102 09A9     		add	r1, sp, #36
 639 0104 0248     		ldr	r0, .L41+4
 640 0106 FFF7FEFF 		bl	HAL_UART_Transmit
 641              	.LVL59:
 642 010a C9E7     		b	.L37
ARM GAS  C:\Users\Lenovo\AppData\Local\Temp\cc8s8bzJ.s 			page 25


 643              	.L42:
 644              		.align	2
 645              	.L41:
 646 010c 14000000 		.word	.LC1
 647 0110 00000000 		.word	.LANCHOR1
 648 0114 00000000 		.word	.LC0
 649 0118 24000000 		.word	.LC2
 650              	.LBE9:
 651              		.cfi_endproc
 652              	.LFE135:
 654              		.global	huart2
 655              		.global	hi2c1
 656              		.section	.bss.hi2c1,"aw",%nobits
 657              		.align	2
 658              		.set	.LANCHOR0,. + 0
 661              	hi2c1:
 662 0000 00000000 		.space	84
 662      00000000 
 662      00000000 
 662      00000000 
 662      00000000 
 663              		.section	.bss.huart2,"aw",%nobits
 664              		.align	2
 665              		.set	.LANCHOR1,. + 0
 668              	huart2:
 669 0000 00000000 		.space	136
 669      00000000 
 669      00000000 
 669      00000000 
 669      00000000 
 670              		.text
 671              	.Letext0:
 672              		.file 3 "c:\\program files (x86)\\gnu arm embedded toolchain\\10 2021.10\\arm-none-eabi\\include\\
 673              		.file 4 "c:\\program files (x86)\\gnu arm embedded toolchain\\10 2021.10\\arm-none-eabi\\include\\
 674              		.file 5 "Drivers/CMSIS/Device/ST/STM32L4xx/Include/stm32l432xx.h"
 675              		.file 6 "Drivers/STM32L4xx_HAL_Driver/Inc/stm32l4xx_hal_def.h"
 676              		.file 7 "Drivers/STM32L4xx_HAL_Driver/Inc/stm32l4xx_hal_rcc.h"
 677              		.file 8 "Drivers/STM32L4xx_HAL_Driver/Inc/stm32l4xx_hal_dma.h"
 678              		.file 9 "Drivers/STM32L4xx_HAL_Driver/Inc/stm32l4xx_hal_i2c.h"
 679              		.file 10 "Drivers/STM32L4xx_HAL_Driver/Inc/stm32l4xx_hal_uart.h"
 680              		.file 11 "Core/Inc/vl53l1_types.h"
 681              		.file 12 "Core/Inc/vl53l1_ll_device.h"
 682              		.file 13 "Core/Inc/vl53l1_error_codes.h"
 683              		.file 14 "Core/Inc/vl53l1_register_structs.h"
 684              		.file 15 "Core/Inc/vl53l1_ll_def.h"
 685              		.file 16 "Core/Inc/vl53l1_def.h"
 686              		.file 17 "Core/Inc/vl53l1_platform_user_data.h"
 687              		.file 18 "Drivers/STM32L4xx_HAL_Driver/Inc/stm32l4xx_hal_i2c_ex.h"
 688              		.file 19 "Drivers/STM32L4xx_HAL_Driver/Inc/stm32l4xx_hal_pwr_ex.h"
 689              		.file 20 "c:\\program files (x86)\\gnu arm embedded toolchain\\10 2021.10\\arm-none-eabi\\include\
 690              		.file 21 "c:\\program files (x86)\\gnu arm embedded toolchain\\10 2021.10\\arm-none-eabi\\include\
 691              		.file 22 "Drivers/STM32L4xx_HAL_Driver/Inc/stm32l4xx_hal.h"
 692              		.file 23 "<built-in>"
ARM GAS  C:\Users\Lenovo\AppData\Local\Temp\cc8s8bzJ.s 			page 26


DEFINED SYMBOLS
                            *ABS*:00000000 main.c
C:\Users\Lenovo\AppData\Local\Temp\cc8s8bzJ.s:20     .text.MX_GPIO_Init:00000000 $t
C:\Users\Lenovo\AppData\Local\Temp\cc8s8bzJ.s:25     .text.MX_GPIO_Init:00000000 MX_GPIO_Init
C:\Users\Lenovo\AppData\Local\Temp\cc8s8bzJ.s:61     .text.MX_GPIO_Init:0000001c $d
C:\Users\Lenovo\AppData\Local\Temp\cc8s8bzJ.s:66     .text.Error_Handler:00000000 $t
C:\Users\Lenovo\AppData\Local\Temp\cc8s8bzJ.s:72     .text.Error_Handler:00000000 Error_Handler
C:\Users\Lenovo\AppData\Local\Temp\cc8s8bzJ.s:104    .text.MX_I2C1_Init:00000000 $t
C:\Users\Lenovo\AppData\Local\Temp\cc8s8bzJ.s:109    .text.MX_I2C1_Init:00000000 MX_I2C1_Init
C:\Users\Lenovo\AppData\Local\Temp\cc8s8bzJ.s:191    .text.MX_I2C1_Init:00000048 $d
C:\Users\Lenovo\AppData\Local\Temp\cc8s8bzJ.s:198    .text.MX_USART2_UART_Init:00000000 $t
C:\Users\Lenovo\AppData\Local\Temp\cc8s8bzJ.s:203    .text.MX_USART2_UART_Init:00000000 MX_USART2_UART_Init
C:\Users\Lenovo\AppData\Local\Temp\cc8s8bzJ.s:264    .text.MX_USART2_UART_Init:00000030 $d
C:\Users\Lenovo\AppData\Local\Temp\cc8s8bzJ.s:270    .text.SystemClock_Config:00000000 $t
C:\Users\Lenovo\AppData\Local\Temp\cc8s8bzJ.s:276    .text.SystemClock_Config:00000000 SystemClock_Config
C:\Users\Lenovo\AppData\Local\Temp\cc8s8bzJ.s:386    .rodata.main.str1.4:00000000 $d
C:\Users\Lenovo\AppData\Local\Temp\cc8s8bzJ.s:396    .text.main:00000000 $t
C:\Users\Lenovo\AppData\Local\Temp\cc8s8bzJ.s:402    .text.main:00000000 main
C:\Users\Lenovo\AppData\Local\Temp\cc8s8bzJ.s:646    .text.main:0000010c $d
C:\Users\Lenovo\AppData\Local\Temp\cc8s8bzJ.s:668    .bss.huart2:00000000 huart2
C:\Users\Lenovo\AppData\Local\Temp\cc8s8bzJ.s:661    .bss.hi2c1:00000000 hi2c1
C:\Users\Lenovo\AppData\Local\Temp\cc8s8bzJ.s:657    .bss.hi2c1:00000000 $d
C:\Users\Lenovo\AppData\Local\Temp\cc8s8bzJ.s:664    .bss.huart2:00000000 $d

UNDEFINED SYMBOLS
HAL_I2C_Init
HAL_I2CEx_ConfigAnalogFilter
HAL_I2CEx_ConfigDigitalFilter
HAL_UART_Init
memset
HAL_PWREx_ControlVoltageScaling
HAL_RCC_OscConfig
HAL_RCC_ClockConfig
HAL_Init
VL53L1_DataInit
VL53L1_StaticInit
VL53L1_SetDistanceMode
VL53L1_SetMeasurementTimingBudgetMicroSeconds
VL53L1_SetInterMeasurementPeriodMilliSeconds
VL53L1_StartMeasurement
VL53L1_GetRangingMeasurementData
sprintf
strlen
HAL_UART_Transmit
VL53L1_ClearInterruptAndStartMeasurement
HAL_Delay
VL53L1_GetMeasurementDataReady
