ARM GAS  C:\Users\Lenovo\AppData\Local\Temp\cclnXkVo.s 			page 1


   1              		.cpu cortex-m4
   2              		.arch armv7e-m
   3              		.fpu fpv4-sp-d16
   4              		.eabi_attribute 27, 1
   5              		.eabi_attribute 28, 1
   6              		.eabi_attribute 20, 1
   7              		.eabi_attribute 21, 1
   8              		.eabi_attribute 23, 3
   9              		.eabi_attribute 24, 1
  10              		.eabi_attribute 25, 1
  11              		.eabi_attribute 26, 1
  12              		.eabi_attribute 30, 1
  13              		.eabi_attribute 34, 1
  14              		.eabi_attribute 18, 4
  15              		.file	"stm32l4xx_hal_msp.c"
  16              		.text
  17              	.Ltext0:
  18              		.cfi_sections	.debug_frame
  19              		.section	.text.HAL_MspInit,"ax",%progbits
  20              		.align	1
  21              		.global	HAL_MspInit
  22              		.syntax unified
  23              		.thumb
  24              		.thumb_func
  26              	HAL_MspInit:
  27              	.LFB132:
  28              		.file 1 "Core/Src/stm32l4xx_hal_msp.c"
   1:Core/Src/stm32l4xx_hal_msp.c **** /* USER CODE BEGIN Header */
   2:Core/Src/stm32l4xx_hal_msp.c **** /**
   3:Core/Src/stm32l4xx_hal_msp.c ****   ******************************************************************************
   4:Core/Src/stm32l4xx_hal_msp.c ****   * @file         stm32l4xx_hal_msp.c
   5:Core/Src/stm32l4xx_hal_msp.c ****   * @brief        This file provides code for the MSP Initialization
   6:Core/Src/stm32l4xx_hal_msp.c ****   *               and de-Initialization codes.
   7:Core/Src/stm32l4xx_hal_msp.c ****   ******************************************************************************
   8:Core/Src/stm32l4xx_hal_msp.c ****   * @attention
   9:Core/Src/stm32l4xx_hal_msp.c ****   *
  10:Core/Src/stm32l4xx_hal_msp.c ****   * Copyright (c) 2025 STMicroelectronics.
  11:Core/Src/stm32l4xx_hal_msp.c ****   * All rights reserved.
  12:Core/Src/stm32l4xx_hal_msp.c ****   *
  13:Core/Src/stm32l4xx_hal_msp.c ****   * This software is licensed under terms that can be found in the LICENSE file
  14:Core/Src/stm32l4xx_hal_msp.c ****   * in the root directory of this software component.
  15:Core/Src/stm32l4xx_hal_msp.c ****   * If no LICENSE file comes with this software, it is provided AS-IS.
  16:Core/Src/stm32l4xx_hal_msp.c ****   *
  17:Core/Src/stm32l4xx_hal_msp.c ****   ******************************************************************************
  18:Core/Src/stm32l4xx_hal_msp.c ****   */
  19:Core/Src/stm32l4xx_hal_msp.c **** /* USER CODE END Header */
  20:Core/Src/stm32l4xx_hal_msp.c **** 
  21:Core/Src/stm32l4xx_hal_msp.c **** /* Includes ------------------------------------------------------------------*/
  22:Core/Src/stm32l4xx_hal_msp.c **** #include "main.h"
  23:Core/Src/stm32l4xx_hal_msp.c **** /* USER CODE BEGIN Includes */
  24:Core/Src/stm32l4xx_hal_msp.c **** 
  25:Core/Src/stm32l4xx_hal_msp.c **** /* USER CODE END Includes */
  26:Core/Src/stm32l4xx_hal_msp.c **** 
  27:Core/Src/stm32l4xx_hal_msp.c **** /* Private typedef -----------------------------------------------------------*/
  28:Core/Src/stm32l4xx_hal_msp.c **** /* USER CODE BEGIN TD */
  29:Core/Src/stm32l4xx_hal_msp.c **** 
  30:Core/Src/stm32l4xx_hal_msp.c **** /* USER CODE END TD */
ARM GAS  C:\Users\Lenovo\AppData\Local\Temp\cclnXkVo.s 			page 2


  31:Core/Src/stm32l4xx_hal_msp.c **** 
  32:Core/Src/stm32l4xx_hal_msp.c **** /* Private define ------------------------------------------------------------*/
  33:Core/Src/stm32l4xx_hal_msp.c **** /* USER CODE BEGIN Define */
  34:Core/Src/stm32l4xx_hal_msp.c **** 
  35:Core/Src/stm32l4xx_hal_msp.c **** /* USER CODE END Define */
  36:Core/Src/stm32l4xx_hal_msp.c **** 
  37:Core/Src/stm32l4xx_hal_msp.c **** /* Private macro -------------------------------------------------------------*/
  38:Core/Src/stm32l4xx_hal_msp.c **** /* USER CODE BEGIN Macro */
  39:Core/Src/stm32l4xx_hal_msp.c **** 
  40:Core/Src/stm32l4xx_hal_msp.c **** /* USER CODE END Macro */
  41:Core/Src/stm32l4xx_hal_msp.c **** 
  42:Core/Src/stm32l4xx_hal_msp.c **** /* Private variables ---------------------------------------------------------*/
  43:Core/Src/stm32l4xx_hal_msp.c **** /* USER CODE BEGIN PV */
  44:Core/Src/stm32l4xx_hal_msp.c **** 
  45:Core/Src/stm32l4xx_hal_msp.c **** /* USER CODE END PV */
  46:Core/Src/stm32l4xx_hal_msp.c **** 
  47:Core/Src/stm32l4xx_hal_msp.c **** /* Private function prototypes -----------------------------------------------*/
  48:Core/Src/stm32l4xx_hal_msp.c **** /* USER CODE BEGIN PFP */
  49:Core/Src/stm32l4xx_hal_msp.c **** 
  50:Core/Src/stm32l4xx_hal_msp.c **** /* USER CODE END PFP */
  51:Core/Src/stm32l4xx_hal_msp.c **** 
  52:Core/Src/stm32l4xx_hal_msp.c **** /* External functions --------------------------------------------------------*/
  53:Core/Src/stm32l4xx_hal_msp.c **** /* USER CODE BEGIN ExternalFunctions */
  54:Core/Src/stm32l4xx_hal_msp.c **** 
  55:Core/Src/stm32l4xx_hal_msp.c **** /* USER CODE END ExternalFunctions */
  56:Core/Src/stm32l4xx_hal_msp.c **** 
  57:Core/Src/stm32l4xx_hal_msp.c **** /* USER CODE BEGIN 0 */
  58:Core/Src/stm32l4xx_hal_msp.c **** 
  59:Core/Src/stm32l4xx_hal_msp.c **** /* USER CODE END 0 */
  60:Core/Src/stm32l4xx_hal_msp.c **** /**
  61:Core/Src/stm32l4xx_hal_msp.c ****   * Initializes the Global MSP.
  62:Core/Src/stm32l4xx_hal_msp.c ****   */
  63:Core/Src/stm32l4xx_hal_msp.c **** void HAL_MspInit(void)
  64:Core/Src/stm32l4xx_hal_msp.c **** {
  29              		.loc 1 64 1 view -0
  30              		.cfi_startproc
  31              		@ args = 0, pretend = 0, frame = 8
  32              		@ frame_needed = 0, uses_anonymous_args = 0
  33              		@ link register save eliminated.
  34 0000 82B0     		sub	sp, sp, #8
  35              	.LCFI0:
  36              		.cfi_def_cfa_offset 8
  65:Core/Src/stm32l4xx_hal_msp.c **** 
  66:Core/Src/stm32l4xx_hal_msp.c ****   /* USER CODE BEGIN MspInit 0 */
  67:Core/Src/stm32l4xx_hal_msp.c **** 
  68:Core/Src/stm32l4xx_hal_msp.c ****   /* USER CODE END MspInit 0 */
  69:Core/Src/stm32l4xx_hal_msp.c **** 
  70:Core/Src/stm32l4xx_hal_msp.c ****   __HAL_RCC_SYSCFG_CLK_ENABLE();
  37              		.loc 1 70 3 view .LVU1
  38              	.LBB2:
  39              		.loc 1 70 3 view .LVU2
  40              		.loc 1 70 3 view .LVU3
  41 0002 0A4B     		ldr	r3, .L3
  42 0004 1A6E     		ldr	r2, [r3, #96]
  43 0006 42F00102 		orr	r2, r2, #1
  44 000a 1A66     		str	r2, [r3, #96]
  45              		.loc 1 70 3 view .LVU4
ARM GAS  C:\Users\Lenovo\AppData\Local\Temp\cclnXkVo.s 			page 3


  46 000c 1A6E     		ldr	r2, [r3, #96]
  47 000e 02F00102 		and	r2, r2, #1
  48 0012 0092     		str	r2, [sp]
  49              		.loc 1 70 3 view .LVU5
  50 0014 009A     		ldr	r2, [sp]
  51              	.LBE2:
  52              		.loc 1 70 3 view .LVU6
  71:Core/Src/stm32l4xx_hal_msp.c ****   __HAL_RCC_PWR_CLK_ENABLE();
  53              		.loc 1 71 3 view .LVU7
  54              	.LBB3:
  55              		.loc 1 71 3 view .LVU8
  56              		.loc 1 71 3 view .LVU9
  57 0016 9A6D     		ldr	r2, [r3, #88]
  58 0018 42F08052 		orr	r2, r2, #268435456
  59 001c 9A65     		str	r2, [r3, #88]
  60              		.loc 1 71 3 view .LVU10
  61 001e 9B6D     		ldr	r3, [r3, #88]
  62 0020 03F08053 		and	r3, r3, #268435456
  63 0024 0193     		str	r3, [sp, #4]
  64              		.loc 1 71 3 view .LVU11
  65 0026 019B     		ldr	r3, [sp, #4]
  66              	.LBE3:
  67              		.loc 1 71 3 view .LVU12
  72:Core/Src/stm32l4xx_hal_msp.c **** 
  73:Core/Src/stm32l4xx_hal_msp.c ****   /* System interrupt init*/
  74:Core/Src/stm32l4xx_hal_msp.c **** 
  75:Core/Src/stm32l4xx_hal_msp.c ****   /* USER CODE BEGIN MspInit 1 */
  76:Core/Src/stm32l4xx_hal_msp.c **** 
  77:Core/Src/stm32l4xx_hal_msp.c ****   /* USER CODE END MspInit 1 */
  78:Core/Src/stm32l4xx_hal_msp.c **** }
  68              		.loc 1 78 1 is_stmt 0 view .LVU13
  69 0028 02B0     		add	sp, sp, #8
  70              	.LCFI1:
  71              		.cfi_def_cfa_offset 0
  72              		@ sp needed
  73 002a 7047     		bx	lr
  74              	.L4:
  75              		.align	2
  76              	.L3:
  77 002c 00100240 		.word	1073876992
  78              		.cfi_endproc
  79              	.LFE132:
  81              		.section	.text.HAL_I2C_MspInit,"ax",%progbits
  82              		.align	1
  83              		.global	HAL_I2C_MspInit
  84              		.syntax unified
  85              		.thumb
  86              		.thumb_func
  88              	HAL_I2C_MspInit:
  89              	.LVL0:
  90              	.LFB133:
  79:Core/Src/stm32l4xx_hal_msp.c **** 
  80:Core/Src/stm32l4xx_hal_msp.c **** /**
  81:Core/Src/stm32l4xx_hal_msp.c ****   * @brief I2C MSP Initialization
  82:Core/Src/stm32l4xx_hal_msp.c ****   * This function configures the hardware resources used in this example
  83:Core/Src/stm32l4xx_hal_msp.c ****   * @param hi2c: I2C handle pointer
  84:Core/Src/stm32l4xx_hal_msp.c ****   * @retval None
ARM GAS  C:\Users\Lenovo\AppData\Local\Temp\cclnXkVo.s 			page 4


  85:Core/Src/stm32l4xx_hal_msp.c ****   */
  86:Core/Src/stm32l4xx_hal_msp.c **** void HAL_I2C_MspInit(I2C_HandleTypeDef* hi2c)
  87:Core/Src/stm32l4xx_hal_msp.c **** {
  91              		.loc 1 87 1 is_stmt 1 view -0
  92              		.cfi_startproc
  93              		@ args = 0, pretend = 0, frame = 112
  94              		@ frame_needed = 0, uses_anonymous_args = 0
  95              		.loc 1 87 1 is_stmt 0 view .LVU15
  96 0000 10B5     		push	{r4, lr}
  97              	.LCFI2:
  98              		.cfi_def_cfa_offset 8
  99              		.cfi_offset 4, -8
 100              		.cfi_offset 14, -4
 101 0002 9CB0     		sub	sp, sp, #112
 102              	.LCFI3:
 103              		.cfi_def_cfa_offset 120
 104 0004 0446     		mov	r4, r0
  88:Core/Src/stm32l4xx_hal_msp.c ****   GPIO_InitTypeDef GPIO_InitStruct = {0};
 105              		.loc 1 88 3 is_stmt 1 view .LVU16
 106              		.loc 1 88 20 is_stmt 0 view .LVU17
 107 0006 0021     		movs	r1, #0
 108 0008 1791     		str	r1, [sp, #92]
 109 000a 1891     		str	r1, [sp, #96]
 110 000c 1991     		str	r1, [sp, #100]
 111 000e 1A91     		str	r1, [sp, #104]
 112 0010 1B91     		str	r1, [sp, #108]
  89:Core/Src/stm32l4xx_hal_msp.c ****   RCC_PeriphCLKInitTypeDef PeriphClkInit = {0};
 113              		.loc 1 89 3 is_stmt 1 view .LVU18
 114              		.loc 1 89 28 is_stmt 0 view .LVU19
 115 0012 5422     		movs	r2, #84
 116 0014 02A8     		add	r0, sp, #8
 117              	.LVL1:
 118              		.loc 1 89 28 view .LVU20
 119 0016 FFF7FEFF 		bl	memset
 120              	.LVL2:
  90:Core/Src/stm32l4xx_hal_msp.c ****   if(hi2c->Instance==I2C1)
 121              		.loc 1 90 3 is_stmt 1 view .LVU21
 122              		.loc 1 90 10 is_stmt 0 view .LVU22
 123 001a 2268     		ldr	r2, [r4]
 124              		.loc 1 90 5 view .LVU23
 125 001c 184B     		ldr	r3, .L11
 126 001e 9A42     		cmp	r2, r3
 127 0020 01D0     		beq	.L9
 128              	.LVL3:
 129              	.L5:
  91:Core/Src/stm32l4xx_hal_msp.c ****   {
  92:Core/Src/stm32l4xx_hal_msp.c ****     /* USER CODE BEGIN I2C1_MspInit 0 */
  93:Core/Src/stm32l4xx_hal_msp.c **** 
  94:Core/Src/stm32l4xx_hal_msp.c ****     /* USER CODE END I2C1_MspInit 0 */
  95:Core/Src/stm32l4xx_hal_msp.c **** 
  96:Core/Src/stm32l4xx_hal_msp.c ****   /** Initializes the peripherals clock
  97:Core/Src/stm32l4xx_hal_msp.c ****   */
  98:Core/Src/stm32l4xx_hal_msp.c ****     PeriphClkInit.PeriphClockSelection = RCC_PERIPHCLK_I2C1;
  99:Core/Src/stm32l4xx_hal_msp.c ****     PeriphClkInit.I2c1ClockSelection = RCC_I2C1CLKSOURCE_PCLK1;
 100:Core/Src/stm32l4xx_hal_msp.c ****     if (HAL_RCCEx_PeriphCLKConfig(&PeriphClkInit) != HAL_OK)
 101:Core/Src/stm32l4xx_hal_msp.c ****     {
 102:Core/Src/stm32l4xx_hal_msp.c ****       Error_Handler();
ARM GAS  C:\Users\Lenovo\AppData\Local\Temp\cclnXkVo.s 			page 5


 103:Core/Src/stm32l4xx_hal_msp.c ****     }
 104:Core/Src/stm32l4xx_hal_msp.c **** 
 105:Core/Src/stm32l4xx_hal_msp.c ****     __HAL_RCC_GPIOA_CLK_ENABLE();
 106:Core/Src/stm32l4xx_hal_msp.c ****     /**I2C1 GPIO Configuration
 107:Core/Src/stm32l4xx_hal_msp.c ****     PA9     ------> I2C1_SCL
 108:Core/Src/stm32l4xx_hal_msp.c ****     PA10     ------> I2C1_SDA
 109:Core/Src/stm32l4xx_hal_msp.c ****     */
 110:Core/Src/stm32l4xx_hal_msp.c ****     GPIO_InitStruct.Pin = GPIO_PIN_9|GPIO_PIN_10;
 111:Core/Src/stm32l4xx_hal_msp.c ****     GPIO_InitStruct.Mode = GPIO_MODE_AF_OD;
 112:Core/Src/stm32l4xx_hal_msp.c ****     GPIO_InitStruct.Pull = GPIO_NOPULL;
 113:Core/Src/stm32l4xx_hal_msp.c ****     GPIO_InitStruct.Speed = GPIO_SPEED_FREQ_VERY_HIGH;
 114:Core/Src/stm32l4xx_hal_msp.c ****     GPIO_InitStruct.Alternate = GPIO_AF4_I2C1;
 115:Core/Src/stm32l4xx_hal_msp.c ****     HAL_GPIO_Init(GPIOA, &GPIO_InitStruct);
 116:Core/Src/stm32l4xx_hal_msp.c **** 
 117:Core/Src/stm32l4xx_hal_msp.c ****     /* Peripheral clock enable */
 118:Core/Src/stm32l4xx_hal_msp.c ****     __HAL_RCC_I2C1_CLK_ENABLE();
 119:Core/Src/stm32l4xx_hal_msp.c ****     /* USER CODE BEGIN I2C1_MspInit 1 */
 120:Core/Src/stm32l4xx_hal_msp.c **** 
 121:Core/Src/stm32l4xx_hal_msp.c ****     /* USER CODE END I2C1_MspInit 1 */
 122:Core/Src/stm32l4xx_hal_msp.c **** 
 123:Core/Src/stm32l4xx_hal_msp.c ****   }
 124:Core/Src/stm32l4xx_hal_msp.c **** 
 125:Core/Src/stm32l4xx_hal_msp.c **** }
 130              		.loc 1 125 1 view .LVU24
 131 0022 1CB0     		add	sp, sp, #112
 132              	.LCFI4:
 133              		.cfi_remember_state
 134              		.cfi_def_cfa_offset 8
 135              		@ sp needed
 136 0024 10BD     		pop	{r4, pc}
 137              	.LVL4:
 138              	.L9:
 139              	.LCFI5:
 140              		.cfi_restore_state
  98:Core/Src/stm32l4xx_hal_msp.c ****     PeriphClkInit.I2c1ClockSelection = RCC_I2C1CLKSOURCE_PCLK1;
 141              		.loc 1 98 5 is_stmt 1 view .LVU25
  98:Core/Src/stm32l4xx_hal_msp.c ****     PeriphClkInit.I2c1ClockSelection = RCC_I2C1CLKSOURCE_PCLK1;
 142              		.loc 1 98 40 is_stmt 0 view .LVU26
 143 0026 4023     		movs	r3, #64
 144 0028 0293     		str	r3, [sp, #8]
  99:Core/Src/stm32l4xx_hal_msp.c ****     if (HAL_RCCEx_PeriphCLKConfig(&PeriphClkInit) != HAL_OK)
 145              		.loc 1 99 5 is_stmt 1 view .LVU27
 100:Core/Src/stm32l4xx_hal_msp.c ****     {
 146              		.loc 1 100 5 view .LVU28
 100:Core/Src/stm32l4xx_hal_msp.c ****     {
 147              		.loc 1 100 9 is_stmt 0 view .LVU29
 148 002a 02A8     		add	r0, sp, #8
 149 002c FFF7FEFF 		bl	HAL_RCCEx_PeriphCLKConfig
 150              	.LVL5:
 100:Core/Src/stm32l4xx_hal_msp.c ****     {
 151              		.loc 1 100 8 view .LVU30
 152 0030 18BB     		cbnz	r0, .L10
 153              	.L7:
 105:Core/Src/stm32l4xx_hal_msp.c ****     /**I2C1 GPIO Configuration
 154              		.loc 1 105 5 is_stmt 1 view .LVU31
 155              	.LBB4:
 105:Core/Src/stm32l4xx_hal_msp.c ****     /**I2C1 GPIO Configuration
ARM GAS  C:\Users\Lenovo\AppData\Local\Temp\cclnXkVo.s 			page 6


 156              		.loc 1 105 5 view .LVU32
 105:Core/Src/stm32l4xx_hal_msp.c ****     /**I2C1 GPIO Configuration
 157              		.loc 1 105 5 view .LVU33
 158 0032 144C     		ldr	r4, .L11+4
 159              	.LVL6:
 105:Core/Src/stm32l4xx_hal_msp.c ****     /**I2C1 GPIO Configuration
 160              		.loc 1 105 5 is_stmt 0 view .LVU34
 161 0034 E36C     		ldr	r3, [r4, #76]
 162 0036 43F00103 		orr	r3, r3, #1
 163 003a E364     		str	r3, [r4, #76]
 105:Core/Src/stm32l4xx_hal_msp.c ****     /**I2C1 GPIO Configuration
 164              		.loc 1 105 5 is_stmt 1 view .LVU35
 165 003c E36C     		ldr	r3, [r4, #76]
 166 003e 03F00103 		and	r3, r3, #1
 167 0042 0093     		str	r3, [sp]
 105:Core/Src/stm32l4xx_hal_msp.c ****     /**I2C1 GPIO Configuration
 168              		.loc 1 105 5 view .LVU36
 169 0044 009B     		ldr	r3, [sp]
 170              	.LBE4:
 105:Core/Src/stm32l4xx_hal_msp.c ****     /**I2C1 GPIO Configuration
 171              		.loc 1 105 5 view .LVU37
 110:Core/Src/stm32l4xx_hal_msp.c ****     GPIO_InitStruct.Mode = GPIO_MODE_AF_OD;
 172              		.loc 1 110 5 view .LVU38
 110:Core/Src/stm32l4xx_hal_msp.c ****     GPIO_InitStruct.Mode = GPIO_MODE_AF_OD;
 173              		.loc 1 110 25 is_stmt 0 view .LVU39
 174 0046 4FF4C063 		mov	r3, #1536
 175 004a 1793     		str	r3, [sp, #92]
 111:Core/Src/stm32l4xx_hal_msp.c ****     GPIO_InitStruct.Pull = GPIO_NOPULL;
 176              		.loc 1 111 5 is_stmt 1 view .LVU40
 111:Core/Src/stm32l4xx_hal_msp.c ****     GPIO_InitStruct.Pull = GPIO_NOPULL;
 177              		.loc 1 111 26 is_stmt 0 view .LVU41
 178 004c 1223     		movs	r3, #18
 179 004e 1893     		str	r3, [sp, #96]
 112:Core/Src/stm32l4xx_hal_msp.c ****     GPIO_InitStruct.Speed = GPIO_SPEED_FREQ_VERY_HIGH;
 180              		.loc 1 112 5 is_stmt 1 view .LVU42
 112:Core/Src/stm32l4xx_hal_msp.c ****     GPIO_InitStruct.Speed = GPIO_SPEED_FREQ_VERY_HIGH;
 181              		.loc 1 112 26 is_stmt 0 view .LVU43
 182 0050 0023     		movs	r3, #0
 183 0052 1993     		str	r3, [sp, #100]
 113:Core/Src/stm32l4xx_hal_msp.c ****     GPIO_InitStruct.Alternate = GPIO_AF4_I2C1;
 184              		.loc 1 113 5 is_stmt 1 view .LVU44
 113:Core/Src/stm32l4xx_hal_msp.c ****     GPIO_InitStruct.Alternate = GPIO_AF4_I2C1;
 185              		.loc 1 113 27 is_stmt 0 view .LVU45
 186 0054 0323     		movs	r3, #3
 187 0056 1A93     		str	r3, [sp, #104]
 114:Core/Src/stm32l4xx_hal_msp.c ****     HAL_GPIO_Init(GPIOA, &GPIO_InitStruct);
 188              		.loc 1 114 5 is_stmt 1 view .LVU46
 114:Core/Src/stm32l4xx_hal_msp.c ****     HAL_GPIO_Init(GPIOA, &GPIO_InitStruct);
 189              		.loc 1 114 31 is_stmt 0 view .LVU47
 190 0058 0423     		movs	r3, #4
 191 005a 1B93     		str	r3, [sp, #108]
 115:Core/Src/stm32l4xx_hal_msp.c **** 
 192              		.loc 1 115 5 is_stmt 1 view .LVU48
 193 005c 17A9     		add	r1, sp, #92
 194 005e 4FF09040 		mov	r0, #1207959552
 195 0062 FFF7FEFF 		bl	HAL_GPIO_Init
 196              	.LVL7:
ARM GAS  C:\Users\Lenovo\AppData\Local\Temp\cclnXkVo.s 			page 7


 118:Core/Src/stm32l4xx_hal_msp.c ****     /* USER CODE BEGIN I2C1_MspInit 1 */
 197              		.loc 1 118 5 view .LVU49
 198              	.LBB5:
 118:Core/Src/stm32l4xx_hal_msp.c ****     /* USER CODE BEGIN I2C1_MspInit 1 */
 199              		.loc 1 118 5 view .LVU50
 118:Core/Src/stm32l4xx_hal_msp.c ****     /* USER CODE BEGIN I2C1_MspInit 1 */
 200              		.loc 1 118 5 view .LVU51
 201 0066 A36D     		ldr	r3, [r4, #88]
 202 0068 43F40013 		orr	r3, r3, #2097152
 203 006c A365     		str	r3, [r4, #88]
 118:Core/Src/stm32l4xx_hal_msp.c ****     /* USER CODE BEGIN I2C1_MspInit 1 */
 204              		.loc 1 118 5 view .LVU52
 205 006e A36D     		ldr	r3, [r4, #88]
 206 0070 03F40013 		and	r3, r3, #2097152
 207 0074 0193     		str	r3, [sp, #4]
 118:Core/Src/stm32l4xx_hal_msp.c ****     /* USER CODE BEGIN I2C1_MspInit 1 */
 208              		.loc 1 118 5 view .LVU53
 209 0076 019B     		ldr	r3, [sp, #4]
 210              	.LBE5:
 118:Core/Src/stm32l4xx_hal_msp.c ****     /* USER CODE BEGIN I2C1_MspInit 1 */
 211              		.loc 1 118 5 view .LVU54
 212              		.loc 1 125 1 is_stmt 0 view .LVU55
 213 0078 D3E7     		b	.L5
 214              	.LVL8:
 215              	.L10:
 102:Core/Src/stm32l4xx_hal_msp.c ****     }
 216              		.loc 1 102 7 is_stmt 1 view .LVU56
 217 007a FFF7FEFF 		bl	Error_Handler
 218              	.LVL9:
 219 007e D8E7     		b	.L7
 220              	.L12:
 221              		.align	2
 222              	.L11:
 223 0080 00540040 		.word	1073763328
 224 0084 00100240 		.word	1073876992
 225              		.cfi_endproc
 226              	.LFE133:
 228              		.section	.text.HAL_I2C_MspDeInit,"ax",%progbits
 229              		.align	1
 230              		.global	HAL_I2C_MspDeInit
 231              		.syntax unified
 232              		.thumb
 233              		.thumb_func
 235              	HAL_I2C_MspDeInit:
 236              	.LVL10:
 237              	.LFB134:
 126:Core/Src/stm32l4xx_hal_msp.c **** 
 127:Core/Src/stm32l4xx_hal_msp.c **** /**
 128:Core/Src/stm32l4xx_hal_msp.c ****   * @brief I2C MSP De-Initialization
 129:Core/Src/stm32l4xx_hal_msp.c ****   * This function freeze the hardware resources used in this example
 130:Core/Src/stm32l4xx_hal_msp.c ****   * @param hi2c: I2C handle pointer
 131:Core/Src/stm32l4xx_hal_msp.c ****   * @retval None
 132:Core/Src/stm32l4xx_hal_msp.c ****   */
 133:Core/Src/stm32l4xx_hal_msp.c **** void HAL_I2C_MspDeInit(I2C_HandleTypeDef* hi2c)
 134:Core/Src/stm32l4xx_hal_msp.c **** {
 238              		.loc 1 134 1 view -0
 239              		.cfi_startproc
ARM GAS  C:\Users\Lenovo\AppData\Local\Temp\cclnXkVo.s 			page 8


 240              		@ args = 0, pretend = 0, frame = 0
 241              		@ frame_needed = 0, uses_anonymous_args = 0
 242              		.loc 1 134 1 is_stmt 0 view .LVU58
 243 0000 08B5     		push	{r3, lr}
 244              	.LCFI6:
 245              		.cfi_def_cfa_offset 8
 246              		.cfi_offset 3, -8
 247              		.cfi_offset 14, -4
 135:Core/Src/stm32l4xx_hal_msp.c ****   if(hi2c->Instance==I2C1)
 248              		.loc 1 135 3 is_stmt 1 view .LVU59
 249              		.loc 1 135 10 is_stmt 0 view .LVU60
 250 0002 0268     		ldr	r2, [r0]
 251              		.loc 1 135 5 view .LVU61
 252 0004 0A4B     		ldr	r3, .L17
 253 0006 9A42     		cmp	r2, r3
 254 0008 00D0     		beq	.L16
 255              	.LVL11:
 256              	.L13:
 136:Core/Src/stm32l4xx_hal_msp.c ****   {
 137:Core/Src/stm32l4xx_hal_msp.c ****     /* USER CODE BEGIN I2C1_MspDeInit 0 */
 138:Core/Src/stm32l4xx_hal_msp.c **** 
 139:Core/Src/stm32l4xx_hal_msp.c ****     /* USER CODE END I2C1_MspDeInit 0 */
 140:Core/Src/stm32l4xx_hal_msp.c ****     /* Peripheral clock disable */
 141:Core/Src/stm32l4xx_hal_msp.c ****     __HAL_RCC_I2C1_CLK_DISABLE();
 142:Core/Src/stm32l4xx_hal_msp.c **** 
 143:Core/Src/stm32l4xx_hal_msp.c ****     /**I2C1 GPIO Configuration
 144:Core/Src/stm32l4xx_hal_msp.c ****     PA9     ------> I2C1_SCL
 145:Core/Src/stm32l4xx_hal_msp.c ****     PA10     ------> I2C1_SDA
 146:Core/Src/stm32l4xx_hal_msp.c ****     */
 147:Core/Src/stm32l4xx_hal_msp.c ****     HAL_GPIO_DeInit(GPIOA, GPIO_PIN_9);
 148:Core/Src/stm32l4xx_hal_msp.c **** 
 149:Core/Src/stm32l4xx_hal_msp.c ****     HAL_GPIO_DeInit(GPIOA, GPIO_PIN_10);
 150:Core/Src/stm32l4xx_hal_msp.c **** 
 151:Core/Src/stm32l4xx_hal_msp.c ****     /* USER CODE BEGIN I2C1_MspDeInit 1 */
 152:Core/Src/stm32l4xx_hal_msp.c **** 
 153:Core/Src/stm32l4xx_hal_msp.c ****     /* USER CODE END I2C1_MspDeInit 1 */
 154:Core/Src/stm32l4xx_hal_msp.c ****   }
 155:Core/Src/stm32l4xx_hal_msp.c **** 
 156:Core/Src/stm32l4xx_hal_msp.c **** }
 257              		.loc 1 156 1 view .LVU62
 258 000a 08BD     		pop	{r3, pc}
 259              	.LVL12:
 260              	.L16:
 141:Core/Src/stm32l4xx_hal_msp.c **** 
 261              		.loc 1 141 5 is_stmt 1 view .LVU63
 262 000c 094A     		ldr	r2, .L17+4
 263 000e 936D     		ldr	r3, [r2, #88]
 264 0010 23F40013 		bic	r3, r3, #2097152
 265 0014 9365     		str	r3, [r2, #88]
 147:Core/Src/stm32l4xx_hal_msp.c **** 
 266              		.loc 1 147 5 view .LVU64
 267 0016 4FF40071 		mov	r1, #512
 268 001a 4FF09040 		mov	r0, #1207959552
 269              	.LVL13:
 147:Core/Src/stm32l4xx_hal_msp.c **** 
 270              		.loc 1 147 5 is_stmt 0 view .LVU65
 271 001e FFF7FEFF 		bl	HAL_GPIO_DeInit
ARM GAS  C:\Users\Lenovo\AppData\Local\Temp\cclnXkVo.s 			page 9


 272              	.LVL14:
 149:Core/Src/stm32l4xx_hal_msp.c **** 
 273              		.loc 1 149 5 is_stmt 1 view .LVU66
 274 0022 4FF48061 		mov	r1, #1024
 275 0026 4FF09040 		mov	r0, #1207959552
 276 002a FFF7FEFF 		bl	HAL_GPIO_DeInit
 277              	.LVL15:
 278              		.loc 1 156 1 is_stmt 0 view .LVU67
 279 002e ECE7     		b	.L13
 280              	.L18:
 281              		.align	2
 282              	.L17:
 283 0030 00540040 		.word	1073763328
 284 0034 00100240 		.word	1073876992
 285              		.cfi_endproc
 286              	.LFE134:
 288              		.section	.text.HAL_UART_MspInit,"ax",%progbits
 289              		.align	1
 290              		.global	HAL_UART_MspInit
 291              		.syntax unified
 292              		.thumb
 293              		.thumb_func
 295              	HAL_UART_MspInit:
 296              	.LVL16:
 297              	.LFB135:
 157:Core/Src/stm32l4xx_hal_msp.c **** 
 158:Core/Src/stm32l4xx_hal_msp.c **** /**
 159:Core/Src/stm32l4xx_hal_msp.c ****   * @brief UART MSP Initialization
 160:Core/Src/stm32l4xx_hal_msp.c ****   * This function configures the hardware resources used in this example
 161:Core/Src/stm32l4xx_hal_msp.c ****   * @param huart: UART handle pointer
 162:Core/Src/stm32l4xx_hal_msp.c ****   * @retval None
 163:Core/Src/stm32l4xx_hal_msp.c ****   */
 164:Core/Src/stm32l4xx_hal_msp.c **** void HAL_UART_MspInit(UART_HandleTypeDef* huart)
 165:Core/Src/stm32l4xx_hal_msp.c **** {
 298              		.loc 1 165 1 is_stmt 1 view -0
 299              		.cfi_startproc
 300              		@ args = 0, pretend = 0, frame = 112
 301              		@ frame_needed = 0, uses_anonymous_args = 0
 302              		.loc 1 165 1 is_stmt 0 view .LVU69
 303 0000 10B5     		push	{r4, lr}
 304              	.LCFI7:
 305              		.cfi_def_cfa_offset 8
 306              		.cfi_offset 4, -8
 307              		.cfi_offset 14, -4
 308 0002 9CB0     		sub	sp, sp, #112
 309              	.LCFI8:
 310              		.cfi_def_cfa_offset 120
 311 0004 0446     		mov	r4, r0
 166:Core/Src/stm32l4xx_hal_msp.c ****   GPIO_InitTypeDef GPIO_InitStruct = {0};
 312              		.loc 1 166 3 is_stmt 1 view .LVU70
 313              		.loc 1 166 20 is_stmt 0 view .LVU71
 314 0006 0021     		movs	r1, #0
 315 0008 1791     		str	r1, [sp, #92]
 316 000a 1891     		str	r1, [sp, #96]
 317 000c 1991     		str	r1, [sp, #100]
 318 000e 1A91     		str	r1, [sp, #104]
 319 0010 1B91     		str	r1, [sp, #108]
ARM GAS  C:\Users\Lenovo\AppData\Local\Temp\cclnXkVo.s 			page 10


 167:Core/Src/stm32l4xx_hal_msp.c ****   RCC_PeriphCLKInitTypeDef PeriphClkInit = {0};
 320              		.loc 1 167 3 is_stmt 1 view .LVU72
 321              		.loc 1 167 28 is_stmt 0 view .LVU73
 322 0012 5422     		movs	r2, #84
 323 0014 02A8     		add	r0, sp, #8
 324              	.LVL17:
 325              		.loc 1 167 28 view .LVU74
 326 0016 FFF7FEFF 		bl	memset
 327              	.LVL18:
 168:Core/Src/stm32l4xx_hal_msp.c ****   if(huart->Instance==USART2)
 328              		.loc 1 168 3 is_stmt 1 view .LVU75
 329              		.loc 1 168 11 is_stmt 0 view .LVU76
 330 001a 2268     		ldr	r2, [r4]
 331              		.loc 1 168 5 view .LVU77
 332 001c 184B     		ldr	r3, .L25
 333 001e 9A42     		cmp	r2, r3
 334 0020 01D0     		beq	.L23
 335              	.L19:
 169:Core/Src/stm32l4xx_hal_msp.c ****   {
 170:Core/Src/stm32l4xx_hal_msp.c ****     /* USER CODE BEGIN USART2_MspInit 0 */
 171:Core/Src/stm32l4xx_hal_msp.c **** 
 172:Core/Src/stm32l4xx_hal_msp.c ****     /* USER CODE END USART2_MspInit 0 */
 173:Core/Src/stm32l4xx_hal_msp.c **** 
 174:Core/Src/stm32l4xx_hal_msp.c ****   /** Initializes the peripherals clock
 175:Core/Src/stm32l4xx_hal_msp.c ****   */
 176:Core/Src/stm32l4xx_hal_msp.c ****     PeriphClkInit.PeriphClockSelection = RCC_PERIPHCLK_USART2;
 177:Core/Src/stm32l4xx_hal_msp.c ****     PeriphClkInit.Usart2ClockSelection = RCC_USART2CLKSOURCE_PCLK1;
 178:Core/Src/stm32l4xx_hal_msp.c ****     if (HAL_RCCEx_PeriphCLKConfig(&PeriphClkInit) != HAL_OK)
 179:Core/Src/stm32l4xx_hal_msp.c ****     {
 180:Core/Src/stm32l4xx_hal_msp.c ****       Error_Handler();
 181:Core/Src/stm32l4xx_hal_msp.c ****     }
 182:Core/Src/stm32l4xx_hal_msp.c **** 
 183:Core/Src/stm32l4xx_hal_msp.c ****     /* Peripheral clock enable */
 184:Core/Src/stm32l4xx_hal_msp.c ****     __HAL_RCC_USART2_CLK_ENABLE();
 185:Core/Src/stm32l4xx_hal_msp.c **** 
 186:Core/Src/stm32l4xx_hal_msp.c ****     __HAL_RCC_GPIOA_CLK_ENABLE();
 187:Core/Src/stm32l4xx_hal_msp.c ****     /**USART2 GPIO Configuration
 188:Core/Src/stm32l4xx_hal_msp.c ****     PA2     ------> USART2_TX
 189:Core/Src/stm32l4xx_hal_msp.c ****     PA3     ------> USART2_RX
 190:Core/Src/stm32l4xx_hal_msp.c ****     */
 191:Core/Src/stm32l4xx_hal_msp.c ****     GPIO_InitStruct.Pin = GPIO_PIN_2|GPIO_PIN_3;
 192:Core/Src/stm32l4xx_hal_msp.c ****     GPIO_InitStruct.Mode = GPIO_MODE_AF_PP;
 193:Core/Src/stm32l4xx_hal_msp.c ****     GPIO_InitStruct.Pull = GPIO_NOPULL;
 194:Core/Src/stm32l4xx_hal_msp.c ****     GPIO_InitStruct.Speed = GPIO_SPEED_FREQ_VERY_HIGH;
 195:Core/Src/stm32l4xx_hal_msp.c ****     GPIO_InitStruct.Alternate = GPIO_AF7_USART2;
 196:Core/Src/stm32l4xx_hal_msp.c ****     HAL_GPIO_Init(GPIOA, &GPIO_InitStruct);
 197:Core/Src/stm32l4xx_hal_msp.c **** 
 198:Core/Src/stm32l4xx_hal_msp.c ****     /* USER CODE BEGIN USART2_MspInit 1 */
 199:Core/Src/stm32l4xx_hal_msp.c **** 
 200:Core/Src/stm32l4xx_hal_msp.c ****     /* USER CODE END USART2_MspInit 1 */
 201:Core/Src/stm32l4xx_hal_msp.c **** 
 202:Core/Src/stm32l4xx_hal_msp.c ****   }
 203:Core/Src/stm32l4xx_hal_msp.c **** 
 204:Core/Src/stm32l4xx_hal_msp.c **** }
 336              		.loc 1 204 1 view .LVU78
 337 0022 1CB0     		add	sp, sp, #112
 338              	.LCFI9:
ARM GAS  C:\Users\Lenovo\AppData\Local\Temp\cclnXkVo.s 			page 11


 339              		.cfi_remember_state
 340              		.cfi_def_cfa_offset 8
 341              		@ sp needed
 342 0024 10BD     		pop	{r4, pc}
 343              	.LVL19:
 344              	.L23:
 345              	.LCFI10:
 346              		.cfi_restore_state
 176:Core/Src/stm32l4xx_hal_msp.c ****     PeriphClkInit.Usart2ClockSelection = RCC_USART2CLKSOURCE_PCLK1;
 347              		.loc 1 176 5 is_stmt 1 view .LVU79
 176:Core/Src/stm32l4xx_hal_msp.c ****     PeriphClkInit.Usart2ClockSelection = RCC_USART2CLKSOURCE_PCLK1;
 348              		.loc 1 176 40 is_stmt 0 view .LVU80
 349 0026 0223     		movs	r3, #2
 350 0028 0293     		str	r3, [sp, #8]
 177:Core/Src/stm32l4xx_hal_msp.c ****     if (HAL_RCCEx_PeriphCLKConfig(&PeriphClkInit) != HAL_OK)
 351              		.loc 1 177 5 is_stmt 1 view .LVU81
 178:Core/Src/stm32l4xx_hal_msp.c ****     {
 352              		.loc 1 178 5 view .LVU82
 178:Core/Src/stm32l4xx_hal_msp.c ****     {
 353              		.loc 1 178 9 is_stmt 0 view .LVU83
 354 002a 02A8     		add	r0, sp, #8
 355 002c FFF7FEFF 		bl	HAL_RCCEx_PeriphCLKConfig
 356              	.LVL20:
 178:Core/Src/stm32l4xx_hal_msp.c ****     {
 357              		.loc 1 178 8 view .LVU84
 358 0030 10BB     		cbnz	r0, .L24
 359              	.L21:
 184:Core/Src/stm32l4xx_hal_msp.c **** 
 360              		.loc 1 184 5 is_stmt 1 view .LVU85
 361              	.LBB6:
 184:Core/Src/stm32l4xx_hal_msp.c **** 
 362              		.loc 1 184 5 view .LVU86
 184:Core/Src/stm32l4xx_hal_msp.c **** 
 363              		.loc 1 184 5 view .LVU87
 364 0032 144B     		ldr	r3, .L25+4
 365 0034 9A6D     		ldr	r2, [r3, #88]
 366 0036 42F40032 		orr	r2, r2, #131072
 367 003a 9A65     		str	r2, [r3, #88]
 184:Core/Src/stm32l4xx_hal_msp.c **** 
 368              		.loc 1 184 5 view .LVU88
 369 003c 9A6D     		ldr	r2, [r3, #88]
 370 003e 02F40032 		and	r2, r2, #131072
 371 0042 0092     		str	r2, [sp]
 184:Core/Src/stm32l4xx_hal_msp.c **** 
 372              		.loc 1 184 5 view .LVU89
 373 0044 009A     		ldr	r2, [sp]
 374              	.LBE6:
 184:Core/Src/stm32l4xx_hal_msp.c **** 
 375              		.loc 1 184 5 view .LVU90
 186:Core/Src/stm32l4xx_hal_msp.c ****     /**USART2 GPIO Configuration
 376              		.loc 1 186 5 view .LVU91
 377              	.LBB7:
 186:Core/Src/stm32l4xx_hal_msp.c ****     /**USART2 GPIO Configuration
 378              		.loc 1 186 5 view .LVU92
 186:Core/Src/stm32l4xx_hal_msp.c ****     /**USART2 GPIO Configuration
 379              		.loc 1 186 5 view .LVU93
 380 0046 DA6C     		ldr	r2, [r3, #76]
ARM GAS  C:\Users\Lenovo\AppData\Local\Temp\cclnXkVo.s 			page 12


 381 0048 42F00102 		orr	r2, r2, #1
 382 004c DA64     		str	r2, [r3, #76]
 186:Core/Src/stm32l4xx_hal_msp.c ****     /**USART2 GPIO Configuration
 383              		.loc 1 186 5 view .LVU94
 384 004e DB6C     		ldr	r3, [r3, #76]
 385 0050 03F00103 		and	r3, r3, #1
 386 0054 0193     		str	r3, [sp, #4]
 186:Core/Src/stm32l4xx_hal_msp.c ****     /**USART2 GPIO Configuration
 387              		.loc 1 186 5 view .LVU95
 388 0056 019B     		ldr	r3, [sp, #4]
 389              	.LBE7:
 186:Core/Src/stm32l4xx_hal_msp.c ****     /**USART2 GPIO Configuration
 390              		.loc 1 186 5 view .LVU96
 191:Core/Src/stm32l4xx_hal_msp.c ****     GPIO_InitStruct.Mode = GPIO_MODE_AF_PP;
 391              		.loc 1 191 5 view .LVU97
 191:Core/Src/stm32l4xx_hal_msp.c ****     GPIO_InitStruct.Mode = GPIO_MODE_AF_PP;
 392              		.loc 1 191 25 is_stmt 0 view .LVU98
 393 0058 0C23     		movs	r3, #12
 394 005a 1793     		str	r3, [sp, #92]
 192:Core/Src/stm32l4xx_hal_msp.c ****     GPIO_InitStruct.Pull = GPIO_NOPULL;
 395              		.loc 1 192 5 is_stmt 1 view .LVU99
 192:Core/Src/stm32l4xx_hal_msp.c ****     GPIO_InitStruct.Pull = GPIO_NOPULL;
 396              		.loc 1 192 26 is_stmt 0 view .LVU100
 397 005c 0223     		movs	r3, #2
 398 005e 1893     		str	r3, [sp, #96]
 193:Core/Src/stm32l4xx_hal_msp.c ****     GPIO_InitStruct.Speed = GPIO_SPEED_FREQ_VERY_HIGH;
 399              		.loc 1 193 5 is_stmt 1 view .LVU101
 193:Core/Src/stm32l4xx_hal_msp.c ****     GPIO_InitStruct.Speed = GPIO_SPEED_FREQ_VERY_HIGH;
 400              		.loc 1 193 26 is_stmt 0 view .LVU102
 401 0060 0023     		movs	r3, #0
 402 0062 1993     		str	r3, [sp, #100]
 194:Core/Src/stm32l4xx_hal_msp.c ****     GPIO_InitStruct.Alternate = GPIO_AF7_USART2;
 403              		.loc 1 194 5 is_stmt 1 view .LVU103
 194:Core/Src/stm32l4xx_hal_msp.c ****     GPIO_InitStruct.Alternate = GPIO_AF7_USART2;
 404              		.loc 1 194 27 is_stmt 0 view .LVU104
 405 0064 0323     		movs	r3, #3
 406 0066 1A93     		str	r3, [sp, #104]
 195:Core/Src/stm32l4xx_hal_msp.c ****     HAL_GPIO_Init(GPIOA, &GPIO_InitStruct);
 407              		.loc 1 195 5 is_stmt 1 view .LVU105
 195:Core/Src/stm32l4xx_hal_msp.c ****     HAL_GPIO_Init(GPIOA, &GPIO_InitStruct);
 408              		.loc 1 195 31 is_stmt 0 view .LVU106
 409 0068 0723     		movs	r3, #7
 410 006a 1B93     		str	r3, [sp, #108]
 196:Core/Src/stm32l4xx_hal_msp.c **** 
 411              		.loc 1 196 5 is_stmt 1 view .LVU107
 412 006c 17A9     		add	r1, sp, #92
 413 006e 4FF09040 		mov	r0, #1207959552
 414 0072 FFF7FEFF 		bl	HAL_GPIO_Init
 415              	.LVL21:
 416              		.loc 1 204 1 is_stmt 0 view .LVU108
 417 0076 D4E7     		b	.L19
 418              	.L24:
 180:Core/Src/stm32l4xx_hal_msp.c ****     }
 419              		.loc 1 180 7 is_stmt 1 view .LVU109
 420 0078 FFF7FEFF 		bl	Error_Handler
 421              	.LVL22:
 422 007c D9E7     		b	.L21
ARM GAS  C:\Users\Lenovo\AppData\Local\Temp\cclnXkVo.s 			page 13


 423              	.L26:
 424 007e 00BF     		.align	2
 425              	.L25:
 426 0080 00440040 		.word	1073759232
 427 0084 00100240 		.word	1073876992
 428              		.cfi_endproc
 429              	.LFE135:
 431              		.section	.text.HAL_UART_MspDeInit,"ax",%progbits
 432              		.align	1
 433              		.global	HAL_UART_MspDeInit
 434              		.syntax unified
 435              		.thumb
 436              		.thumb_func
 438              	HAL_UART_MspDeInit:
 439              	.LVL23:
 440              	.LFB136:
 205:Core/Src/stm32l4xx_hal_msp.c **** 
 206:Core/Src/stm32l4xx_hal_msp.c **** /**
 207:Core/Src/stm32l4xx_hal_msp.c ****   * @brief UART MSP De-Initialization
 208:Core/Src/stm32l4xx_hal_msp.c ****   * This function freeze the hardware resources used in this example
 209:Core/Src/stm32l4xx_hal_msp.c ****   * @param huart: UART handle pointer
 210:Core/Src/stm32l4xx_hal_msp.c ****   * @retval None
 211:Core/Src/stm32l4xx_hal_msp.c ****   */
 212:Core/Src/stm32l4xx_hal_msp.c **** void HAL_UART_MspDeInit(UART_HandleTypeDef* huart)
 213:Core/Src/stm32l4xx_hal_msp.c **** {
 441              		.loc 1 213 1 view -0
 442              		.cfi_startproc
 443              		@ args = 0, pretend = 0, frame = 0
 444              		@ frame_needed = 0, uses_anonymous_args = 0
 445              		.loc 1 213 1 is_stmt 0 view .LVU111
 446 0000 08B5     		push	{r3, lr}
 447              	.LCFI11:
 448              		.cfi_def_cfa_offset 8
 449              		.cfi_offset 3, -8
 450              		.cfi_offset 14, -4
 214:Core/Src/stm32l4xx_hal_msp.c ****   if(huart->Instance==USART2)
 451              		.loc 1 214 3 is_stmt 1 view .LVU112
 452              		.loc 1 214 11 is_stmt 0 view .LVU113
 453 0002 0268     		ldr	r2, [r0]
 454              		.loc 1 214 5 view .LVU114
 455 0004 074B     		ldr	r3, .L31
 456 0006 9A42     		cmp	r2, r3
 457 0008 00D0     		beq	.L30
 458              	.LVL24:
 459              	.L27:
 215:Core/Src/stm32l4xx_hal_msp.c ****   {
 216:Core/Src/stm32l4xx_hal_msp.c ****     /* USER CODE BEGIN USART2_MspDeInit 0 */
 217:Core/Src/stm32l4xx_hal_msp.c **** 
 218:Core/Src/stm32l4xx_hal_msp.c ****     /* USER CODE END USART2_MspDeInit 0 */
 219:Core/Src/stm32l4xx_hal_msp.c ****     /* Peripheral clock disable */
 220:Core/Src/stm32l4xx_hal_msp.c ****     __HAL_RCC_USART2_CLK_DISABLE();
 221:Core/Src/stm32l4xx_hal_msp.c **** 
 222:Core/Src/stm32l4xx_hal_msp.c ****     /**USART2 GPIO Configuration
 223:Core/Src/stm32l4xx_hal_msp.c ****     PA2     ------> USART2_TX
 224:Core/Src/stm32l4xx_hal_msp.c ****     PA3     ------> USART2_RX
 225:Core/Src/stm32l4xx_hal_msp.c ****     */
 226:Core/Src/stm32l4xx_hal_msp.c ****     HAL_GPIO_DeInit(GPIOA, GPIO_PIN_2|GPIO_PIN_3);
ARM GAS  C:\Users\Lenovo\AppData\Local\Temp\cclnXkVo.s 			page 14


 227:Core/Src/stm32l4xx_hal_msp.c **** 
 228:Core/Src/stm32l4xx_hal_msp.c ****     /* USER CODE BEGIN USART2_MspDeInit 1 */
 229:Core/Src/stm32l4xx_hal_msp.c **** 
 230:Core/Src/stm32l4xx_hal_msp.c ****     /* USER CODE END USART2_MspDeInit 1 */
 231:Core/Src/stm32l4xx_hal_msp.c ****   }
 232:Core/Src/stm32l4xx_hal_msp.c **** 
 233:Core/Src/stm32l4xx_hal_msp.c **** }
 460              		.loc 1 233 1 view .LVU115
 461 000a 08BD     		pop	{r3, pc}
 462              	.LVL25:
 463              	.L30:
 220:Core/Src/stm32l4xx_hal_msp.c **** 
 464              		.loc 1 220 5 is_stmt 1 view .LVU116
 465 000c 064A     		ldr	r2, .L31+4
 466 000e 936D     		ldr	r3, [r2, #88]
 467 0010 23F40033 		bic	r3, r3, #131072
 468 0014 9365     		str	r3, [r2, #88]
 226:Core/Src/stm32l4xx_hal_msp.c **** 
 469              		.loc 1 226 5 view .LVU117
 470 0016 0C21     		movs	r1, #12
 471 0018 4FF09040 		mov	r0, #1207959552
 472              	.LVL26:
 226:Core/Src/stm32l4xx_hal_msp.c **** 
 473              		.loc 1 226 5 is_stmt 0 view .LVU118
 474 001c FFF7FEFF 		bl	HAL_GPIO_DeInit
 475              	.LVL27:
 476              		.loc 1 233 1 view .LVU119
 477 0020 F3E7     		b	.L27
 478              	.L32:
 479 0022 00BF     		.align	2
 480              	.L31:
 481 0024 00440040 		.word	1073759232
 482 0028 00100240 		.word	1073876992
 483              		.cfi_endproc
 484              	.LFE136:
 486              		.text
 487              	.Letext0:
 488              		.file 2 "c:\\program files (x86)\\gnu arm embedded toolchain\\10 2021.10\\arm-none-eabi\\include\\
 489              		.file 3 "c:\\program files (x86)\\gnu arm embedded toolchain\\10 2021.10\\arm-none-eabi\\include\\
 490              		.file 4 "Drivers/CMSIS/Device/ST/STM32L4xx/Include/stm32l432xx.h"
 491              		.file 5 "Drivers/STM32L4xx_HAL_Driver/Inc/stm32l4xx_hal_def.h"
 492              		.file 6 "Drivers/STM32L4xx_HAL_Driver/Inc/stm32l4xx_hal_rcc_ex.h"
 493              		.file 7 "Drivers/STM32L4xx_HAL_Driver/Inc/stm32l4xx_hal_gpio.h"
 494              		.file 8 "Drivers/STM32L4xx_HAL_Driver/Inc/stm32l4xx_hal_dma.h"
 495              		.file 9 "Drivers/STM32L4xx_HAL_Driver/Inc/stm32l4xx_hal_i2c.h"
 496              		.file 10 "Drivers/STM32L4xx_HAL_Driver/Inc/stm32l4xx_hal_uart.h"
 497              		.file 11 "Core/Inc/main.h"
 498              		.file 12 "<built-in>"
ARM GAS  C:\Users\Lenovo\AppData\Local\Temp\cclnXkVo.s 			page 15


DEFINED SYMBOLS
                            *ABS*:00000000 stm32l4xx_hal_msp.c
C:\Users\Lenovo\AppData\Local\Temp\cclnXkVo.s:20     .text.HAL_MspInit:00000000 $t
C:\Users\Lenovo\AppData\Local\Temp\cclnXkVo.s:26     .text.HAL_MspInit:00000000 HAL_MspInit
C:\Users\Lenovo\AppData\Local\Temp\cclnXkVo.s:77     .text.HAL_MspInit:0000002c $d
C:\Users\Lenovo\AppData\Local\Temp\cclnXkVo.s:82     .text.HAL_I2C_MspInit:00000000 $t
C:\Users\Lenovo\AppData\Local\Temp\cclnXkVo.s:88     .text.HAL_I2C_MspInit:00000000 HAL_I2C_MspInit
C:\Users\Lenovo\AppData\Local\Temp\cclnXkVo.s:223    .text.HAL_I2C_MspInit:00000080 $d
C:\Users\Lenovo\AppData\Local\Temp\cclnXkVo.s:229    .text.HAL_I2C_MspDeInit:00000000 $t
C:\Users\Lenovo\AppData\Local\Temp\cclnXkVo.s:235    .text.HAL_I2C_MspDeInit:00000000 HAL_I2C_MspDeInit
C:\Users\Lenovo\AppData\Local\Temp\cclnXkVo.s:283    .text.HAL_I2C_MspDeInit:00000030 $d
C:\Users\Lenovo\AppData\Local\Temp\cclnXkVo.s:289    .text.HAL_UART_MspInit:00000000 $t
C:\Users\Lenovo\AppData\Local\Temp\cclnXkVo.s:295    .text.HAL_UART_MspInit:00000000 HAL_UART_MspInit
C:\Users\Lenovo\AppData\Local\Temp\cclnXkVo.s:426    .text.HAL_UART_MspInit:00000080 $d
C:\Users\Lenovo\AppData\Local\Temp\cclnXkVo.s:432    .text.HAL_UART_MspDeInit:00000000 $t
C:\Users\Lenovo\AppData\Local\Temp\cclnXkVo.s:438    .text.HAL_UART_MspDeInit:00000000 HAL_UART_MspDeInit
C:\Users\Lenovo\AppData\Local\Temp\cclnXkVo.s:481    .text.HAL_UART_MspDeInit:00000024 $d

UNDEFINED SYMBOLS
memset
HAL_RCCEx_PeriphCLKConfig
HAL_GPIO_Init
Error_Handler
HAL_GPIO_DeInit
