Archive member included to satisfy reference by file (symbol)

c:/program files (x86)/gnu arm embedded toolchain/10 2021.10/bin/../lib/gcc/arm-none-eabi/10.3.1/../../../../arm-none-eabi/lib/thumb/v7e-m+fp/hard\libc_nano.a(lib_a-errno.o)
                              build/sysmem.o (__errno)
c:/program files (x86)/gnu arm embedded toolchain/10 2021.10/bin/../lib/gcc/arm-none-eabi/10.3.1/../../../../arm-none-eabi/lib/thumb/v7e-m+fp/hard\libc_nano.a(lib_a-exit.o)
                              c:/program files (x86)/gnu arm embedded toolchain/10 2021.10/bin/../lib/gcc/arm-none-eabi/10.3.1/../../../../arm-none-eabi/lib/thumb/v7e-m+fp/hard/crt0.o (exit)
c:/program files (x86)/gnu arm embedded toolchain/10 2021.10/bin/../lib/gcc/arm-none-eabi/10.3.1/../../../../arm-none-eabi/lib/thumb/v7e-m+fp/hard\libc_nano.a(lib_a-impure.o)
                              c:/program files (x86)/gnu arm embedded toolchain/10 2021.10/bin/../lib/gcc/arm-none-eabi/10.3.1/../../../../arm-none-eabi/lib/thumb/v7e-m+fp/hard\libc_nano.a(lib_a-exit.o) (_global_impure_ptr)
c:/program files (x86)/gnu arm embedded toolchain/10 2021.10/bin/../lib/gcc/arm-none-eabi/10.3.1/../../../../arm-none-eabi/lib/thumb/v7e-m+fp/hard\libc_nano.a(lib_a-init.o)
                              c:/program files (x86)/gnu arm embedded toolchain/10 2021.10/bin/../lib/gcc/arm-none-eabi/10.3.1/../../../../arm-none-eabi/lib/thumb/v7e-m+fp/hard/crt0.o (__libc_init_array)
c:/program files (x86)/gnu arm embedded toolchain/10 2021.10/bin/../lib/gcc/arm-none-eabi/10.3.1/../../../../arm-none-eabi/lib/thumb/v7e-m+fp/hard\libc_nano.a(lib_a-memcpy-stub.o)
                              build/vl53l1_api_core.o (memcpy)
c:/program files (x86)/gnu arm embedded toolchain/10 2021.10/bin/../lib/gcc/arm-none-eabi/10.3.1/../../../../arm-none-eabi/lib/thumb/v7e-m+fp/hard\libc_nano.a(lib_a-memset.o)
                              c:/program files (x86)/gnu arm embedded toolchain/10 2021.10/bin/../lib/gcc/arm-none-eabi/10.3.1/../../../../arm-none-eabi/lib/thumb/v7e-m+fp/hard/crt0.o (memset)
c:/program files (x86)/gnu arm embedded toolchain/10 2021.10/bin/../lib/gcc/arm-none-eabi/10.3.1/../../../../arm-none-eabi/lib/thumb/v7e-m+fp/hard\libc_nano.a(lib_a-sprintf.o)
                              build/main.o (sprintf)
c:/program files (x86)/gnu arm embedded toolchain/10 2021.10/bin/../lib/gcc/arm-none-eabi/10.3.1/../../../../arm-none-eabi/lib/thumb/v7e-m+fp/hard\libc_nano.a(lib_a-strlen.o)
                              build/main.o (strlen)
c:/program files (x86)/gnu arm embedded toolchain/10 2021.10/bin/../lib/gcc/arm-none-eabi/10.3.1/../../../../arm-none-eabi/lib/thumb/v7e-m+fp/hard\libc_nano.a(lib_a-strncpy.o)
                              build/vl53l1_api_strings.o (strncpy)
c:/program files (x86)/gnu arm embedded toolchain/10 2021.10/bin/../lib/gcc/arm-none-eabi/10.3.1/../../../../arm-none-eabi/lib/thumb/v7e-m+fp/hard\libc_nano.a(lib_a-nano-svfprintf.o)
                              c:/program files (x86)/gnu arm embedded toolchain/10 2021.10/bin/../lib/gcc/arm-none-eabi/10.3.1/../../../../arm-none-eabi/lib/thumb/v7e-m+fp/hard\libc_nano.a(lib_a-sprintf.o) (_svfprintf_r)
c:/program files (x86)/gnu arm embedded toolchain/10 2021.10/bin/../lib/gcc/arm-none-eabi/10.3.1/../../../../arm-none-eabi/lib/thumb/v7e-m+fp/hard\libc_nano.a(lib_a-nano-vfprintf_i.o)
                              c:/program files (x86)/gnu arm embedded toolchain/10 2021.10/bin/../lib/gcc/arm-none-eabi/10.3.1/../../../../arm-none-eabi/lib/thumb/v7e-m+fp/hard\libc_nano.a(lib_a-nano-svfprintf.o) (_printf_i)
c:/program files (x86)/gnu arm embedded toolchain/10 2021.10/bin/../lib/gcc/arm-none-eabi/10.3.1/../../../../arm-none-eabi/lib/thumb/v7e-m+fp/hard\libc_nano.a(lib_a-memchr.o)
                              c:/program files (x86)/gnu arm embedded toolchain/10 2021.10/bin/../lib/gcc/arm-none-eabi/10.3.1/../../../../arm-none-eabi/lib/thumb/v7e-m+fp/hard\libc_nano.a(lib_a-nano-svfprintf.o) (memchr)
c:/program files (x86)/gnu arm embedded toolchain/10 2021.10/bin/../lib/gcc/arm-none-eabi/10.3.1/../../../../arm-none-eabi/lib/thumb/v7e-m+fp/hard\libc_nano.a(lib_a-memmove.o)
                              c:/program files (x86)/gnu arm embedded toolchain/10 2021.10/bin/../lib/gcc/arm-none-eabi/10.3.1/../../../../arm-none-eabi/lib/thumb/v7e-m+fp/hard\libc_nano.a(lib_a-nano-svfprintf.o) (memmove)
c:/program files (x86)/gnu arm embedded toolchain/10 2021.10/bin/../lib/gcc/arm-none-eabi/10.3.1/../../../../arm-none-eabi/lib/thumb/v7e-m+fp/hard\libc_nano.a(lib_a-nano-freer.o)
                              c:/program files (x86)/gnu arm embedded toolchain/10 2021.10/bin/../lib/gcc/arm-none-eabi/10.3.1/../../../../arm-none-eabi/lib/thumb/v7e-m+fp/hard\libc_nano.a(lib_a-nano-svfprintf.o) (_free_r)
c:/program files (x86)/gnu arm embedded toolchain/10 2021.10/bin/../lib/gcc/arm-none-eabi/10.3.1/../../../../arm-none-eabi/lib/thumb/v7e-m+fp/hard\libc_nano.a(lib_a-nano-mallocr.o)
[...]
Memory Configuration

Name             Origin             Length             Attributes
RAM              0x20000000         0x0000c000         xrw
RAM2             0x10000000         0x00004000         xrw
FLASH            0x08000000         0x00040000         xr
*default*        0x00000000         0xffffffff

Linker script and memory map

LOAD c:/program files (x86)/gnu arm embedded toolchain/10 2021.10/bin/../lib/gcc/arm-none-eabi/10.3.1/thumb/v7e-m+fp/hard/crti.o
LOAD c:/program files (x86)/gnu arm embedded toolchain/10 2021.10/bin/../lib/gcc/arm-none-eabi/10.3.1/thumb/v7e-m+fp/hard/crtbegin.o
LOAD c:/program files (x86)/gnu arm embedded toolchain/10 2021.10/bin/../lib/gcc/arm-none-eabi/10.3.1/../../../../arm-none-eabi/lib/thumb/v7e-m+fp/hard/crt0.o
LOAD build/main.o
LOAD build/stm32l4xx_it.o
LOAD build/stm32l4xx_hal_msp.o
LOAD build/stm32l4xx_hal_i2c.o
LOAD build/stm32l4xx_hal_i2c_ex.o
LOAD build/stm32l4xx_hal.o
LOAD build/stm32l4xx_hal_rcc.o
LOAD build/stm32l4xx_hal_rcc_ex.o
LOAD build/stm32l4xx_hal_flash.o
LOAD build/stm32l4xx_hal_flash_ex.o
LOAD build/stm32l4xx_hal_flash_ramfunc.o
LOAD build/stm32l4xx_hal_gpio.o
LOAD build/stm32l4xx_hal_dma.o
LOAD build/stm32l4xx_hal_dma_ex.o
LOAD build/stm32l4xx_hal_pwr.o
LOAD build/stm32l4xx_hal_pwr_ex.o
LOAD build/stm32l4xx_hal_cortex.o
LOAD build/stm32l4xx_hal_exti.o
LOAD build/stm32l4xx_hal_uart.o
LOAD build/stm32l4xx_hal_uart_ex.o
LOAD build/system_stm32l4xx.o
LOAD build/vl53l1_api_calibration.o
LOAD build/vl53l1_api_core.o
LOAD build/vl53l1_api_debug.o
LOAD build/vl53l1_api_preset_modes.o
LOAD build/vl53l1_api_strings.o
LOAD build/vl53l1_api.o
LOAD build/vl53l1_core_support.o
LOAD build/vl53l1_core.o
LOAD build/vl53l1_error_strings.o
LOAD build/vl53l1_platform_init.o
LOAD build/vl53l1_platform_log.o
LOAD build/vl53l1_platform.o
LOAD build/vl53l1_register_funcs.o
LOAD build/vl53l1_silicon_core.o
LOAD build/vl53l1_wait.o
LOAD build/sysmem.o
LOAD build/syscalls.o
LOAD build/startup_stm32l432xx.o
LOAD c:/program files (x86)/gnu arm embedded toolchain/10 2021.10/bin/../lib/gcc/arm-none-eabi/10.3.1/../../../../arm-none-eabi/lib/thumb/v7e-m+fp/hard\libc_nano.a
LOAD c:/program files (x86)/gnu arm embedded toolchain/10 2021.10/bin/../lib/gcc/arm-none-eabi/10.3.1/../../../../arm-none-eabi/lib/thumb/v7e-m+fp/hard\libm.a
LOAD c:/program files (x86)/gnu arm embedded toolchain/10 2021.10/bin/../lib/gcc/arm-none-eabi/10.3.1/../../../../arm-none-eabi/lib/thumb/v7e-m+fp/hard\libnosys.a
START GROUP
LOAD c:/program files (x86)/gnu arm embedded toolchain/10 2021.10/bin/../lib/gcc/arm-none-eabi/10.3.1/thumb/v7e-m+fp/hard\libgcc.a
LOAD c:/program files (x86)/gnu arm embedded toolchain/10 2021.10/bin/../lib/gcc/arm-none-eabi/10.3.1/../../../../arm-none-eabi/lib/thumb/v7e-m+fp/hard\libc_nano.a
END GROUP
START GROUP
LOAD c:/program files (x86)/gnu arm embedded toolchain/10 2021.10/bin/../lib/gcc/arm-none-eabi/10.3.1/thumb/v7e-m+fp/hard\libgcc.a
LOAD c:/program files (x86)/gnu arm embedded toolchain/10 2021.10/bin/../lib/gcc/arm-none-eabi/10.3.1/../../../../arm-none-eabi/lib/thumb/v7e-m+fp/hard\libc_nano.a
END GROUP
LOAD c:/program files (x86)/gnu arm embedded toolchain/10 2021.10/bin/../lib/gcc/arm-none-eabi/10.3.1/thumb/v7e-m+fp/hard/crtend.o
LOAD c:/program files (x86)/gnu arm embedded toolchain/10 2021.10/bin/../lib/gcc/arm-none-eabi/10.3.1/thumb/v7e-m+fp/hard/crtn.o
                0x2000c000                _estack = (ORIGIN (RAM) + LENGTH (RAM))
                0x00000200                _Min_Heap_Size = 0x200
                0x00000400                _Min_Stack_Size = 0x400

.isr_vector     0x08000000      0x190
                0x08000000                . = ALIGN (0x8)
 *(.isr_vector)
 .isr_vector    0x08000000      0x18c build/startup_stm32l432xx.o
                0x08000000                g_pfnVectors
                0x08000190                . = ALIGN (0x8)
 *fill*         0x0800018c        0x4 

.text           0x08000190     0x5cf0
                0x08000190                . = ALIGN (0x8)
 *(.text)
 .text          0x08000190       0x40 c:/program files (x86)/gnu arm embedded toolchain/10 2021.10/bin/../lib/gcc/arm-none-eabi/10.3.1/thumb/v7e-m+fp/hard/crtbegin.o
 .text          0x080001d0       0x10 c:/program files (x86)/gnu arm embedded toolchain/10 2021.10/bin/../lib/gcc/arm-none-eabi/10.3.1/../../../../arm-none-eabi/lib/thumb/v7e-m+fp/hard\libc_nano.a(lib_a-strlen.o)
                0x080001d0                strlen
 .text          0x080001e0       0xa0 c:/program files (x86)/gnu arm embedded toolchain/10 2021.10/bin/../lib/gcc/arm-none-eabi/10.3.1/../../../../arm-none-eabi/lib/thumb/v7e-m+fp/hard\libc_nano.a(lib_a-memchr.o)
                0x080001e0                memchr
 .text          0x08000280       0x30 c:/program files (x86)/gnu arm embedded toolchain/10 2021.10/bin/../lib/gcc/arm-none-eabi/10.3.1/thumb/v7e-m+fp/hard\libgcc.a(_aeabi_uldivmod.o)
                0x08000280                __aeabi_uldivmod
 .text          0x080002b0      0x2d0 c:/program files (x86)/gnu arm embedded toolchain/10 2021.10/bin/../lib/gcc/arm-none-eabi/10.3.1/thumb/v7e-m+fp/hard\libgcc.a(_udivmoddi4.o)
                0x080002b0                __udivmoddi4
 .text          0x08000580        0x4 c:/program files (x86)/gnu arm embedded toolchain/10 2021.10/bin/../lib/gcc/arm-none-eabi/10.3.1/thumb/v7e-m+fp/hard\libgcc.a(_dvmd_tls.o)
                0x08000580                __aeabi_idiv0
                0x08000580                __aeabi_ldiv0
 *(.text*)
 .text.MX_GPIO_Init
                0x08000584       0x20 build/main.o
 .text.Error_Handler
                0x080005a4        0x4 build/main.o
                0x080005a4                Error_Handler
 .text.MX_I2C1_Init
                0x080005a8       0x54 build/main.o
 .text.MX_USART2_UART_Init
                0x080005fc       0x38 build/main.o
 .text.SystemClock_Config
                0x08000634       0x66 build/main.o
                0x08000634                SystemClock_Config
 *fill*         0x0800069a        0x2 
 .text.main     0x0800069c      0x11c build/main.o
                0x0800069c                main
 .text.NMI_Handler
                0x080007b8        0x2 build/stm32l4xx_it.o
                0x080007b8                NMI_Handler
 .text.HardFault_Handler
                0x080007ba        0x2 build/stm32l4xx_it.o
                0x080007ba                HardFault_Handler
 .text.MemManage_Handler
                0x080007bc        0x2 build/stm32l4xx_it.o
                0x080007bc                MemManage_Handler
 .text.BusFault_Handler
                0x080007be        0x2 build/stm32l4xx_it.o
                0x080007be                BusFault_Handler
 .text.UsageFault_Handler
                0x080007c0        0x2 build/stm32l4xx_it.o
                0x080007c0                UsageFault_Handler
 .text.SVC_Handler
                0x080007c2        0x2 build/stm32l4xx_it.o
                0x080007c2                SVC_Handler
 .text.DebugMon_Handler
                0x080007c4        0x2 build/stm32l4xx_it.o
                0x080007c4                DebugMon_Handler
 .text.PendSV_Handler
                0x080007c6        0x2 build/stm32l4xx_it.o
                0x080007c6                PendSV_Handler
 .text.SysTick_Handler
                0x080007c8        0x8 build/stm32l4xx_it.o
                0x080007c8                SysTick_Handler
 .text.HAL_MspInit
                0x080007d0       0x30 build/stm32l4xx_hal_msp.o
                0x080007d0                HAL_MspInit
 .text.HAL_I2C_MspInit
                0x08000800       0x88 build/stm32l4xx_hal_msp.o
                0x08000800                HAL_I2C_MspInit
 .text.HAL_UART_MspInit
                0x08000888       0x88 build/stm32l4xx_hal_msp.o
                0x08000888                HAL_UART_MspInit
 .text.I2C_Flush_TXDR
                0x08000910       0x22 build/stm32l4xx_hal_i2c.o
 .text.I2C_TransferConfig
                0x08000932       0x3c build/stm32l4xx_hal_i2c.o
 .text.I2C_IsErrorOccurred
                0x0800096e      0x114 build/stm32l4xx_hal_i2c.o
 .text.I2C_WaitOnTXISFlagUntilTimeout
                0x08000a82       0x60 build/stm32l4xx_hal_i2c.o
 .text.I2C_WaitOnFlagUntilTimeout
                0x08000ae2       0x7c build/stm32l4xx_hal_i2c.o
 *fill*         0x08000b5e        0x2 
 .text.I2C_RequestMemoryWrite
                0x08000b60       0x7c build/stm32l4xx_hal_i2c.o
 .text.I2C_RequestMemoryRead
                0x08000bdc       0x78 build/stm32l4xx_hal_i2c.o
 .text.I2C_WaitOnSTOPFlagUntilTimeout
                0x08000c54       0x5e build/stm32l4xx_hal_i2c.o
 .text.HAL_I2C_Init
                0x08000cb2       0xc8 build/stm32l4xx_hal_i2c.o
                0x08000cb2                HAL_I2C_Init
 .text.HAL_I2C_Mem_Write
                0x08000d7a      0x1a8 build/stm32l4xx_hal_i2c.o
                0x08000d7a                HAL_I2C_Mem_Write
 *fill*         0x08000f22        0x2 
 .text.HAL_I2C_Mem_Read
                0x08000f24      0x1b0 build/stm32l4xx_hal_i2c.o
                0x08000f24                HAL_I2C_Mem_Read
 .text.HAL_I2CEx_ConfigAnalogFilter
                0x080010d4       0x5c build/stm32l4xx_hal_i2c_ex.o
                0x080010d4                HAL_I2CEx_ConfigAnalogFilter
 .text.HAL_I2CEx_ConfigDigitalFilter
                0x08001130       0x58 build/stm32l4xx_hal_i2c_ex.o
                0x08001130                HAL_I2CEx_ConfigDigitalFilter
 .text.HAL_InitTick
                0x08001188       0x50 build/stm32l4xx_hal.o
                0x08001188                HAL_InitTick
 .text.HAL_Init
                0x080011d8       0x1e build/stm32l4xx_hal.o
                0x080011d8                HAL_Init
 *fill*         0x080011f6        0x2 
 .text.HAL_IncTick
                0x080011f8       0x18 build/stm32l4xx_hal.o
                0x080011f8                HAL_IncTick
 .text.HAL_GetTick
                0x08001210        0xc build/stm32l4xx_hal.o
                0x08001210                HAL_GetTick
 .text.HAL_Delay
                0x0800121c       0x28 build/stm32l4xx_hal.o
                0x0800121c                HAL_Delay
 .text.RCC_SetFlashLatencyFromMSIRange
                0x08001244       0x90 build/stm32l4xx_hal_rcc.o
 .text.HAL_RCC_GetSysClockFreq
                0x080012d4       0xb4 build/stm32l4xx_hal_rcc.o
                0x080012d4                HAL_RCC_GetSysClockFreq
 .text.HAL_RCC_OscConfig
                0x08001388      0x66c build/stm32l4xx_hal_rcc.o
                0x08001388                HAL_RCC_OscConfig
 .text.HAL_RCC_ClockConfig
                0x080019f4      0x188 build/stm32l4xx_hal_rcc.o
                0x080019f4                HAL_RCC_ClockConfig
 .text.HAL_RCC_GetHCLKFreq
                0x08001b7c        0xc build/stm32l4xx_hal_rcc.o
                0x08001b7c                HAL_RCC_GetHCLKFreq
 .text.HAL_RCC_GetPCLK1Freq
                0x08001b88       0x24 build/stm32l4xx_hal_rcc.o
                0x08001b88                HAL_RCC_GetPCLK1Freq
 .text.HAL_RCC_GetPCLK2Freq
                0x08001bac       0x24 build/stm32l4xx_hal_rcc.o
                0x08001bac                HAL_RCC_GetPCLK2Freq
 .text.RCCEx_PLLSAI1_Config
                0x08001bd0      0x16c build/stm32l4xx_hal_rcc_ex.o
 .text.HAL_RCCEx_PeriphCLKConfig
                0x08001d3c      0x2e8 build/stm32l4xx_hal_rcc_ex.o
                0x08001d3c                HAL_RCCEx_PeriphCLKConfig
 .text.HAL_GPIO_Init
                0x08002024      0x1b0 build/stm32l4xx_hal_gpio.o
                0x08002024                HAL_GPIO_Init
 .text.HAL_PWREx_GetVoltageRange
                0x080021d4       0x10 build/stm32l4xx_hal_pwr_ex.o
                0x080021d4                HAL_PWREx_GetVoltageRange
 .text.HAL_PWREx_ControlVoltageScaling
                0x080021e4       0x90 build/stm32l4xx_hal_pwr_ex.o
                0x080021e4                HAL_PWREx_ControlVoltageScaling
 .text.HAL_NVIC_SetPriorityGrouping
                0x08002274       0x24 build/stm32l4xx_hal_cortex.o
                0x08002274                HAL_NVIC_SetPriorityGrouping
 .text.HAL_NVIC_SetPriority
                0x08002298       0x70 build/stm32l4xx_hal_cortex.o
                0x08002298                HAL_NVIC_SetPriority
 .text.HAL_SYSTICK_Config
                0x08002308       0x28 build/stm32l4xx_hal_cortex.o
                0x08002308                HAL_SYSTICK_Config
 .text.UART_EndRxTransfer
                0x08002330       0x52 build/stm32l4xx_hal_uart.o
 *fill*         0x08002382        0x2 
 .text.UART_SetConfig
                0x08002384      0x260 build/stm32l4xx_hal_uart.o
                0x08002384                UART_SetConfig
 .text.UART_AdvFeatureConfig
                0x080025e4       0xca build/stm32l4xx_hal_uart.o
                0x080025e4                UART_AdvFeatureConfig
 .text.UART_WaitOnFlagUntilTimeout
                0x080026ae       0xa2 build/stm32l4xx_hal_uart.o
                0x080026ae                UART_WaitOnFlagUntilTimeout
 .text.HAL_UART_Transmit
                0x08002750       0xc8 build/stm32l4xx_hal_uart.o
                0x08002750                HAL_UART_Transmit
 .text.UART_CheckIdleState
                0x08002818       0xc6 build/stm32l4xx_hal_uart.o
                0x08002818                UART_CheckIdleState
 .text.HAL_UART_Init
                0x080028de       0x62 build/stm32l4xx_hal_uart.o
                0x080028de                HAL_UART_Init
 .text.SystemInit
                0x08002940       0x14 build/system_stm32l4xx.o
                0x08002940                SystemInit
 .text.VL53L1_set_inter_measurement_period_ms
                0x08002954       0x1a build/vl53l1_api_core.o
                0x08002954                VL53L1_set_inter_measurement_period_ms
 .text.VL53L1_get_inter_measurement_period_ms
                0x0800296e       0x1a build/vl53l1_api_core.o
                0x0800296e                VL53L1_get_inter_measurement_period_ms
 .text.VL53L1_set_timeouts_us
                0x08002988       0x38 build/vl53l1_api_core.o
                0x08002988                VL53L1_set_timeouts_us
 .text.VL53L1_get_timeouts_us
                0x080029c0       0x70 build/vl53l1_api_core.o
                0x080029c0                VL53L1_get_timeouts_us
 .text.VL53L1_get_sequence_config_bit
                0x08002a30       0x34 build/vl53l1_api_core.o
                0x08002a30                VL53L1_get_sequence_config_bit
 .text.VL53L1_set_user_zone
                0x08002a64       0x22 build/vl53l1_api_core.o
                0x08002a64                VL53L1_set_user_zone
 .text.VL53L1_get_user_zone
                0x08002a86       0x22 build/vl53l1_api_core.o
                0x08002a86                VL53L1_get_user_zone
 .text.VL53L1_get_mode_mitigation_roi
                0x08002aa8       0x42 build/vl53l1_api_core.o
                0x08002aa8                VL53L1_get_mode_mitigation_roi
 .text.VL53L1_read_p2p_data
                0x08002aea       0x90 build/vl53l1_api_core.o
                0x08002aea                VL53L1_read_p2p_data
 .text.VL53L1_get_preset_mode_timing_cfg
                0x08002b7a       0x96 build/vl53l1_api_core.o
                0x08002b7a                VL53L1_get_preset_mode_timing_cfg
 .text.VL53L1_set_preset_mode
                0x08002c10      0x1d0 build/vl53l1_api_core.o
                0x08002c10                VL53L1_set_preset_mode
 .text.VL53L1_get_lite_sigma_threshold
                0x08002de0        0xa build/vl53l1_api_core.o
                0x08002de0                VL53L1_get_lite_sigma_threshold
 .text.VL53L1_set_lite_sigma_threshold
                0x08002dea        0x8 build/vl53l1_api_core.o
                0x08002dea                VL53L1_set_lite_sigma_threshold
 .text.VL53L1_get_lite_min_count_rate
                0x08002df2        0xa build/vl53l1_api_core.o
                0x08002df2                VL53L1_get_lite_min_count_rate
 .text.VL53L1_set_lite_min_count_rate
                0x08002dfc        0x8 build/vl53l1_api_core.o
                0x08002dfc                VL53L1_set_lite_min_count_rate
 .text.VL53L1_set_vhv_loopbound
                0x08002e04       0x14 build/vl53l1_api_core.o
                0x08002e04                VL53L1_set_vhv_loopbound
 .text.VL53L1_data_init
                0x08002e18       0xb4 build/vl53l1_api_core.o
                0x08002e18                VL53L1_data_init
 .text.VL53L1_init_and_start_range
                0x08002ecc      0x204 build/vl53l1_api_core.o
                0x08002ecc                VL53L1_init_and_start_range
 .text.VL53L1_get_measurement_results
                0x080030d0       0x62 build/vl53l1_api_core.o
                0x080030d0                VL53L1_get_measurement_results
 .text.VL53L1_clear_interrupt_and_enable_next_range
                0x08003132        0xa build/vl53l1_api_core.o
                0x08003132                VL53L1_clear_interrupt_and_enable_next_range
 .text.VL53L1_copy_sys_and_core_results_to_range_results
                0x0800313c      0x164 build/vl53l1_api_core.o
                0x0800313c                VL53L1_copy_sys_and_core_results_to_range_results
 .text.VL53L1_get_device_results
                0x080032a0       0x84 build/vl53l1_api_core.o
                0x080032a0                VL53L1_get_device_results
 .text.VL53L1_get_tuning_parm
                0x08003324      0x2c6 build/vl53l1_api_core.o
                0x08003324                VL53L1_get_tuning_parm
 .text.VL53L1_init_refspadchar_config_struct
                0x080035ea       0x24 build/vl53l1_api_preset_modes.o
                0x080035ea                VL53L1_init_refspadchar_config_struct
 .text.VL53L1_init_ssc_config_struct
                0x0800360e       0x1e build/vl53l1_api_preset_modes.o
                0x0800360e                VL53L1_init_ssc_config_struct
 .text.VL53L1_init_xtalk_config_struct
                0x0800362c       0x54 build/vl53l1_api_preset_modes.o
                0x0800362c                VL53L1_init_xtalk_config_struct
 .text.VL53L1_init_offset_cal_config_struct
                0x08003680       0x24 build/vl53l1_api_preset_modes.o
                0x08003680                VL53L1_init_offset_cal_config_struct
 .text.VL53L1_init_tuning_parm_storage_struct
                0x080036a4       0x9a build/vl53l1_api_preset_modes.o
                0x080036a4                VL53L1_init_tuning_parm_storage_struct
 .text.VL53L1_preset_mode_standard_ranging
                0x0800373e      0x186 build/vl53l1_api_preset_modes.o
                0x0800373e                VL53L1_preset_mode_standard_ranging
 .text.VL53L1_preset_mode_standard_ranging_short_range
                0x080038c4       0x3e build/vl53l1_api_preset_modes.o
                0x080038c4                VL53L1_preset_mode_standard_ranging_short_range
 .text.VL53L1_preset_mode_standard_ranging_long_range
                0x08003902       0x3e build/vl53l1_api_preset_modes.o
                0x08003902                VL53L1_preset_mode_standard_ranging_long_range
 .text.VL53L1_preset_mode_standard_ranging_mm1_cal
                0x08003940       0x22 build/vl53l1_api_preset_modes.o
                0x08003940                VL53L1_preset_mode_standard_ranging_mm1_cal
 .text.VL53L1_preset_mode_standard_ranging_mm2_cal
                0x08003962       0x22 build/vl53l1_api_preset_modes.o
                0x08003962                VL53L1_preset_mode_standard_ranging_mm2_cal
 .text.VL53L1_preset_mode_timed_ranging
                0x08003984       0x38 build/vl53l1_api_preset_modes.o
                0x08003984                VL53L1_preset_mode_timed_ranging
 .text.VL53L1_preset_mode_timed_ranging_short_range
                0x080039bc       0x3a build/vl53l1_api_preset_modes.o
                0x080039bc                VL53L1_preset_mode_timed_ranging_short_range
 .text.VL53L1_preset_mode_timed_ranging_long_range
                0x080039f6       0x38 build/vl53l1_api_preset_modes.o
                0x080039f6                VL53L1_preset_mode_timed_ranging_long_range
 .text.VL53L1_preset_mode_low_power_auto_ranging
                0x08003a2e       0x26 build/vl53l1_api_preset_modes.o
                0x08003a2e                VL53L1_preset_mode_low_power_auto_ranging
 .text.VL53L1_preset_mode_low_power_auto_short_ranging
                0x08003a54       0x26 build/vl53l1_api_preset_modes.o
                0x08003a54                VL53L1_preset_mode_low_power_auto_short_ranging
 .text.VL53L1_preset_mode_low_power_auto_long_ranging
                0x08003a7a       0x26 build/vl53l1_api_preset_modes.o
                0x08003a7a                VL53L1_preset_mode_low_power_auto_long_ranging
 .text.VL53L1_preset_mode_singleshot_ranging
                0x08003aa0       0x32 build/vl53l1_api_preset_modes.o
                0x08003aa0                VL53L1_preset_mode_singleshot_ranging
 .text.VL53L1_preset_mode_olt
                0x08003ad2       0x1a build/vl53l1_api_preset_modes.o
                0x08003ad2                VL53L1_preset_mode_olt
 .text.ComputeDevicePresetMode
                0x08003aec       0x8c build/vl53l1_api.o
 .text.ComputeRQL
                0x08003b78       0x68 build/vl53l1_api.o
 .text.ConvertStatusLite
                0x08003be0       0x3e build/vl53l1_api.o
 .text.SetPresetMode
                0x08003c1e       0x7a build/vl53l1_api.o
 .text.SetLimitValue
                0x08003c98       0x26 build/vl53l1_api.o
 *fill*         0x08003cbe        0x2 
 .text.VL53L1_LoadPatch
                0x08003cc0      0x118 build/vl53l1_api.o
 .text.VL53L1_SetDistanceMode
                0x08003dd8       0x84 build/vl53l1_api.o
                0x08003dd8                VL53L1_SetDistanceMode
 .text.VL53L1_SetInterMeasurementPeriodMilliSeconds
                0x08003e5c       0x18 build/vl53l1_api.o
                0x08003e5c                VL53L1_SetInterMeasurementPeriodMilliSeconds
 .text.VL53L1_GetInterMeasurementPeriodMilliSeconds
                0x08003e74       0x28 build/vl53l1_api.o
                0x08003e74                VL53L1_GetInterMeasurementPeriodMilliSeconds
 .text.VL53L1_SetLimitCheckEnable
                0x08003e9c       0x3a build/vl53l1_api.o
                0x08003e9c                VL53L1_SetLimitCheckEnable
 .text.VL53L1_DataInit
                0x08003ed6       0x34 build/vl53l1_api.o
                0x08003ed6                VL53L1_DataInit
 .text.VL53L1_GetLimitCheckEnable
                0x08003f0a       0x1a build/vl53l1_api.o
                0x08003f0a                VL53L1_GetLimitCheckEnable
 .text.VL53L1_GetLimitCheckValue
                0x08003f24       0x66 build/vl53l1_api.o
                0x08003f24                VL53L1_GetLimitCheckValue
 *fill*         0x08003f8a        0x2 
 .text.SetSimpleData
                0x08003f8c      0x114 build/vl53l1_api.o
 .text.VL53L1_GetSequenceStepEnable
                0x080040a0        0x8 build/vl53l1_api.o
                0x080040a0                VL53L1_GetSequenceStepEnable
 .text.VL53L1_SetMeasurementTimingBudgetMicroSeconds
                0x080040a8      0x13c build/vl53l1_api.o
                0x080040a8                VL53L1_SetMeasurementTimingBudgetMicroSeconds
 .text.VL53L1_SetPresetMode
                0x080041e4       0x4c build/vl53l1_api.o
                0x080041e4                VL53L1_SetPresetMode
 .text.VL53L1_StaticInit
                0x08004230       0x1c build/vl53l1_api.o
                0x08004230                VL53L1_StaticInit
 .text.VL53L1_GetMeasurementTimingBudgetMicroSeconds
                0x0800424c       0xe4 build/vl53l1_api.o
                0x0800424c                VL53L1_GetMeasurementTimingBudgetMicroSeconds
 .text.VL53L1_StartMeasurement
                0x08004330       0xa8 build/vl53l1_api.o
                0x08004330                VL53L1_StartMeasurement
 .text.VL53L1_ClearInterruptAndStartMeasurement
                0x080043d8        0xa build/vl53l1_api.o
                0x080043d8                VL53L1_ClearInterruptAndStartMeasurement
 .text.VL53L1_GetMeasurementDataReady
                0x080043e2        0x8 build/vl53l1_api.o
                0x080043e2                VL53L1_GetMeasurementDataReady
 .text.VL53L1_GetRangingMeasurementData
                0x080043ea       0x40 build/vl53l1_api.o
                0x080043ea                VL53L1_GetRangingMeasurementData
 .text.VL53L1_calc_pll_period_us
                0x0800442a        0xa build/vl53l1_core_support.o
                0x0800442a                VL53L1_calc_pll_period_us
 .text.VL53L1_decode_vcsel_period
                0x08004434        0xc build/vl53l1_core_support.o
                0x08004434                VL53L1_decode_vcsel_period
 .text.VL53L1_decode_row_col
                0x08004440       0x28 build/vl53l1_core_support.o
                0x08004440                VL53L1_decode_row_col
 .text.VL53L1_init_version
                0x08004468       0x1a build/vl53l1_core.o
                0x08004468                VL53L1_init_version
 .text.VL53L1_init_ll_driver_state
                0x08004482       0x26 build/vl53l1_core.o
                0x08004482                VL53L1_init_ll_driver_state
 .text.VL53L1_update_ll_driver_rd_state
                0x080044a8       0xc0 build/vl53l1_core.o
                0x080044a8                VL53L1_update_ll_driver_rd_state
 .text.VL53L1_check_ll_driver_rd_state
                0x08004568       0x5c build/vl53l1_core.o
                0x08004568                VL53L1_check_ll_driver_rd_state
 .text.VL53L1_update_ll_driver_cfg_state
                0x080045c4       0x92 build/vl53l1_core.o
                0x080045c4                VL53L1_update_ll_driver_cfg_state
 .text.VL53L1_copy_rtn_good_spads_to_buffer
                0x08004656       0xa2 build/vl53l1_core.o
                0x08004656                VL53L1_copy_rtn_good_spads_to_buffer
 .text.VL53L1_i2c_encode_uint16_t
                0x080046f8       0x1c build/vl53l1_core.o
                0x080046f8                VL53L1_i2c_encode_uint16_t
 .text.VL53L1_i2c_decode_uint16_t
                0x08004714       0x1c build/vl53l1_core.o
                0x08004714                VL53L1_i2c_decode_uint16_t
 .text.VL53L1_i2c_encode_int16_t
                0x08004730       0x1c build/vl53l1_core.o
                0x08004730                VL53L1_i2c_encode_int16_t
 .text.VL53L1_i2c_decode_int16_t
                0x0800474c       0x2a build/vl53l1_core.o
                0x0800474c                VL53L1_i2c_decode_int16_t
 .text.VL53L1_i2c_encode_uint32_t
                0x08004776       0x1c build/vl53l1_core.o
                0x08004776                VL53L1_i2c_encode_uint32_t
 .text.VL53L1_i2c_decode_uint32_t
                0x08004792       0x1a build/vl53l1_core.o
                0x08004792                VL53L1_i2c_decode_uint32_t
 .text.VL53L1_i2c_decode_int32_t
                0x080047ac       0x28 build/vl53l1_core.o
                0x080047ac                VL53L1_i2c_decode_int32_t
 .text.VL53L1_set_powerforce_register
                0x080047d4       0x10 build/vl53l1_core.o
                0x080047d4                VL53L1_set_powerforce_register
 .text.VL53L1_enable_powerforce
                0x080047e4        0xa build/vl53l1_core.o
                0x080047e4                VL53L1_enable_powerforce
 .text.VL53L1_calc_macro_period_us
                0x080047ee       0x20 build/vl53l1_core.o
                0x080047ee                VL53L1_calc_macro_period_us
 *fill*         0x0800480e        0x2 
 .text.VL53L1_calc_range_ignore_threshold
                0x08004810       0x68 build/vl53l1_core.o
                0x08004810                VL53L1_calc_range_ignore_threshold
 .text.VL53L1_calc_timeout_mclks
                0x08004878        0xc build/vl53l1_core.o
                0x08004878                VL53L1_calc_timeout_mclks
 .text.VL53L1_calc_timeout_us
                0x08004884       0x14 build/vl53l1_core.o
                0x08004884                VL53L1_calc_timeout_us
 .text.VL53L1_encode_timeout
                0x08004898       0x24 build/vl53l1_core.o
                0x08004898                VL53L1_encode_timeout
 .text.VL53L1_calc_encoded_timeout
                0x080048bc        0xc build/vl53l1_core.o
                0x080048bc                VL53L1_calc_encoded_timeout
 .text.VL53L1_decode_timeout
                0x080048c8        0xc build/vl53l1_core.o
                0x080048c8                VL53L1_decode_timeout
 .text.VL53L1_calc_decoded_timeout_us
                0x080048d4       0x10 build/vl53l1_core.o
                0x080048d4                VL53L1_calc_decoded_timeout_us
 .text.VL53L1_calc_timeout_register_values
                0x080048e4       0x82 build/vl53l1_core.o
                0x080048e4                VL53L1_calc_timeout_register_values
 .text.VL53L1_encode_row_col
                0x08004966       0x20 build/vl53l1_core.o
                0x08004966                VL53L1_encode_row_col
 .text.VL53L1_decode_zone_size
                0x08004986        0xc build/vl53l1_core.o
                0x08004986                VL53L1_decode_zone_size
 .text.VL53L1_encode_zone_size
                0x08004992        0xa build/vl53l1_core.o
                0x08004992                VL53L1_encode_zone_size
 .text.VL53L1_low_power_auto_data_init
                0x0800499c       0x2c build/vl53l1_core.o
                0x0800499c                VL53L1_low_power_auto_data_init
 .text.VL53L1_config_low_power_auto_mode
                0x080049c8        0xe build/vl53l1_core.o
                0x080049c8                VL53L1_config_low_power_auto_mode
 .text.VL53L1_low_power_auto_setup_manual_calibration
                0x080049d6       0x40 build/vl53l1_core.o
                0x080049d6                VL53L1_low_power_auto_setup_manual_calibration
 *fill*         0x08004a16        0x2 
 .text.VL53L1_WriteMulti
                0x08004a18       0x30 build/vl53l1_platform.o
                0x08004a18                VL53L1_WriteMulti
 .text.VL53L1_ReadMulti
                0x08004a48       0x30 build/vl53l1_platform.o
                0x08004a48                VL53L1_ReadMulti
 .text.VL53L1_WrByte
                0x08004a78       0x18 build/vl53l1_platform.o
                0x08004a78                VL53L1_WrByte
 .text.VL53L1_RdByte
                0x08004a90        0xa build/vl53l1_platform.o
                0x08004a90                VL53L1_RdByte
 .text.VL53L1_RdWord
                0x08004a9a       0x22 build/vl53l1_platform.o
                0x08004a9a                VL53L1_RdWord
 .text.VL53L1_i2c_encode_static_nvm_managed
                0x08004abc       0x5a build/vl53l1_register_funcs.o
                0x08004abc                VL53L1_i2c_encode_static_nvm_managed
 .text.VL53L1_i2c_decode_static_nvm_managed
                0x08004b16       0x5a build/vl53l1_register_funcs.o
                0x08004b16                VL53L1_i2c_decode_static_nvm_managed
 .text.VL53L1_get_static_nvm_managed
                0x08004b70       0x22 build/vl53l1_register_funcs.o
                0x08004b70                VL53L1_get_static_nvm_managed
 .text.VL53L1_i2c_encode_customer_nvm_managed
                0x08004b92       0xa4 build/vl53l1_register_funcs.o
                0x08004b92                VL53L1_i2c_encode_customer_nvm_managed
 .text.VL53L1_i2c_decode_customer_nvm_managed
                0x08004c36       0x9a build/vl53l1_register_funcs.o
                0x08004c36                VL53L1_i2c_decode_customer_nvm_managed
 .text.VL53L1_get_customer_nvm_managed
                0x08004cd0       0x22 build/vl53l1_register_funcs.o
                0x08004cd0                VL53L1_get_customer_nvm_managed
 .text.VL53L1_i2c_encode_static_config
                0x08004cf2       0xdc build/vl53l1_register_funcs.o
                0x08004cf2                VL53L1_i2c_encode_static_config
 .text.VL53L1_i2c_encode_general_config
                0x08004dce       0x8a build/vl53l1_register_funcs.o
                0x08004dce                VL53L1_i2c_encode_general_config
 .text.VL53L1_i2c_encode_timing_config
                0x08004e58       0x86 build/vl53l1_register_funcs.o
                0x08004e58                VL53L1_i2c_encode_timing_config
 .text.VL53L1_i2c_encode_dynamic_config
                0x08004ede       0x84 build/vl53l1_register_funcs.o
                0x08004ede                VL53L1_i2c_encode_dynamic_config
 .text.VL53L1_i2c_encode_system_control
                0x08004f62       0x32 build/vl53l1_register_funcs.o
                0x08004f62                VL53L1_i2c_encode_system_control
 .text.VL53L1_i2c_decode_system_results
                0x08004f94      0x11e build/vl53l1_register_funcs.o
                0x08004f94                VL53L1_i2c_decode_system_results
 .text.VL53L1_i2c_decode_core_results
                0x080050b2       0x76 build/vl53l1_register_funcs.o
                0x080050b2                VL53L1_i2c_decode_core_results
 .text.VL53L1_i2c_decode_debug_results
                0x08005128      0x1b2 build/vl53l1_register_funcs.o
                0x08005128                VL53L1_i2c_decode_debug_results
 .text.VL53L1_i2c_decode_nvm_copy_data
                0x080052da      0x14a build/vl53l1_register_funcs.o
                0x080052da                VL53L1_i2c_decode_nvm_copy_data
 .text.VL53L1_get_nvm_copy_data
                0x08005424       0x24 build/vl53l1_register_funcs.o
                0x08005424                VL53L1_get_nvm_copy_data
 .text.VL53L1_is_new_data_ready
                0x08005448       0x40 build/vl53l1_wait.o
                0x08005448                VL53L1_is_new_data_ready
 .text._sbrk    0x08005488       0x48 build/sysmem.o
                0x08005488                _sbrk
 .text.Reset_Handler
                0x080054d0       0x50 build/startup_stm32l432xx.o
                0x080054d0                Reset_Handler
 .text.Default_Handler
                0x08005520        0x2 build/startup_stm32l432xx.o
                0x08005520                RTC_Alarm_IRQHandler
                0x08005520                EXTI2_IRQHandler
                0x08005520                TIM1_CC_IRQHandler
                0x08005520                TSC_IRQHandler
                0x08005520                TAMP_STAMP_IRQHandler
                0x08005520                EXTI3_IRQHandler
                0x08005520                LPTIM2_IRQHandler
                0x08005520                I2C3_ER_IRQHandler
                0x08005520                EXTI0_IRQHandler
                0x08005520                CAN1_RX0_IRQHandler
                0x08005520                FPU_IRQHandler
                0x08005520                TIM1_UP_TIM16_IRQHandler
                0x08005520                SPI1_IRQHandler
                0x08005520                TIM6_DAC_IRQHandler
                0x08005520                DMA2_Channel2_IRQHandler
                0x08005520                DMA1_Channel4_IRQHandler
                0x08005520                ADC1_IRQHandler
                0x08005520                DMA1_Channel7_IRQHandler
                0x08005520                CAN1_RX1_IRQHandler
                0x08005520                DMA2_Channel1_IRQHandler
                0x08005520                QUADSPI_IRQHandler
                0x08005520                I2C1_EV_IRQHandler
                0x08005520                DMA1_Channel6_IRQHandler
                0x08005520                DMA2_Channel4_IRQHandler
                0x08005520                RCC_IRQHandler
                0x08005520                TIM1_TRG_COM_IRQHandler
                0x08005520                DMA1_Channel1_IRQHandler
                0x08005520                Default_Handler
                0x08005520                DMA2_Channel7_IRQHandler
                0x08005520                EXTI15_10_IRQHandler
                0x08005520                TIM7_IRQHandler
                0x08005520                I2C3_EV_IRQHandler
                0x08005520                USB_IRQHandler
                0x08005520                EXTI9_5_IRQHandler
                0x08005520                RTC_WKUP_IRQHandler
                0x08005520                PVD_PVM_IRQHandler
                0x08005520                CAN1_TX_IRQHandler
                0x08005520                DMA2_Channel5_IRQHandler
                0x08005520                CRS_IRQHandler
                0x08005520                DMA1_Channel5_IRQHandler
                0x08005520                EXTI4_IRQHandler
                0x08005520                RNG_IRQHandler
                0x08005520                DMA1_Channel3_IRQHandler
                0x08005520                COMP_IRQHandler
                0x08005520                WWDG_IRQHandler
                0x08005520                LPUART1_IRQHandler
                0x08005520                DMA2_Channel6_IRQHandler
                0x08005520                TIM2_IRQHandler
                0x08005520                EXTI1_IRQHandler
                0x08005520                USART2_IRQHandler
                0x08005520                DMA1_Channel2_IRQHandler
                0x08005520                CAN1_SCE_IRQHandler
                0x08005520                FLASH_IRQHandler
                0x08005520                USART1_IRQHandler
                0x08005520                SPI3_IRQHandler
                0x08005520                I2C1_ER_IRQHandler
                0x08005520                SWPMI1_IRQHandler
                0x08005520                LPTIM1_IRQHandler
                0x08005520                SAI1_IRQHandler
                0x08005520                DMA2_Channel3_IRQHandler
                0x08005520                TIM1_BRK_TIM15_IRQHandler
 *fill*         0x08005522        0x2 
 .text.__errno  0x08005524        0xc c:/program files (x86)/gnu arm embedded toolchain/10 2021.10/bin/../lib/gcc/arm-none-eabi/10.3.1/../../../../arm-none-eabi/lib/thumb/v7e-m+fp/hard\libc_nano.a(lib_a-errno.o)
                0x08005524                __errno
 .text.__libc_init_array
                0x08005530       0x48 c:/program files (x86)/gnu arm embedded toolchain/10 2021.10/bin/../lib/gcc/arm-none-eabi/10.3.1/../../../../arm-none-eabi/lib/thumb/v7e-m+fp/hard\libc_nano.a(lib_a-init.o)
                0x08005530                __libc_init_array
 .text.memcpy   0x08005578       0x1c c:/program files (x86)/gnu arm embedded toolchain/10 2021.10/bin/../lib/gcc/arm-none-eabi/10.3.1/../../../../arm-none-eabi/lib/thumb/v7e-m+fp/hard\libc_nano.a(lib_a-memcpy-stub.o)
                0x08005578                memcpy
 .text.memset   0x08005594       0x10 c:/program files (x86)/gnu arm embedded toolchain/10 2021.10/bin/../lib/gcc/arm-none-eabi/10.3.1/../../../../arm-none-eabi/lib/thumb/v7e-m+fp/hard\libc_nano.a(lib_a-memset.o)
                0x08005594                memset
 .text.sprintf  0x080055a4       0x40 c:/program files (x86)/gnu arm embedded toolchain/10 2021.10/bin/../lib/gcc/arm-none-eabi/10.3.1/../../../../arm-none-eabi/lib/thumb/v7e-m+fp/hard\libc_nano.a(lib_a-sprintf.o)
                0x080055a4                siprintf
                0x080055a4                sprintf
 .text.__ssputs_r
                0x080055e4       0xb6 c:/program files (x86)/gnu arm embedded toolchain/10 2021.10/bin/../lib/gcc/arm-none-eabi/10.3.1/../../../../arm-none-eabi/lib/thumb/v7e-m+fp/hard\libc_nano.a(lib_a-nano-svfprintf.o)
                0x080055e4                __ssputs_r
 *fill*         0x0800569a        0x2 
 .text._svfprintf_r
                0x0800569c      0x200 c:/program files (x86)/gnu arm embedded toolchain/10 2021.10/bin/../lib/gcc/arm-none-eabi/10.3.1/../../../../arm-none-eabi/lib/thumb/v7e-m+fp/hard\libc_nano.a(lib_a-nano-svfprintf.o)
                0x0800569c                _svfiprintf_r
                0x0800569c                _svfprintf_r
 .text._printf_common
                0x0800589c       0xda c:/program files (x86)/gnu arm embedded toolchain/10 2021.10/bin/../lib/gcc/arm-none-eabi/10.3.1/../../../../arm-none-eabi/lib/thumb/v7e-m+fp/hard\libc_nano.a(lib_a-nano-vfprintf_i.o)
                0x0800589c                _printf_common
 *fill*         0x08005976        0x2 
 .text._printf_i
                0x08005978      0x24c c:/program files (x86)/gnu arm embedded toolchain/10 2021.10/bin/../lib/gcc/arm-none-eabi/10.3.1/../../../../arm-none-eabi/lib/thumb/v7e-m+fp/hard\libc_nano.a(lib_a-nano-vfprintf_i.o)
                0x08005978                _printf_i
 .text.memmove  0x08005bc4       0x34 c:/program files (x86)/gnu arm embedded toolchain/10 2021.10/bin/../lib/gcc/arm-none-eabi/10.3.1/../../../../arm-none-eabi/lib/thumb/v7e-m+fp/hard\libc_nano.a(lib_a-memmove.o)
                0x08005bc4                memmove
 .text._free_r  0x08005bf8       0x98 c:/program files (x86)/gnu arm embedded toolchain/10 2021.10/bin/../lib/gcc/arm-none-eabi/10.3.1/../../../../arm-none-eabi/lib/thumb/v7e-m+fp/hard\libc_nano.a(lib_a-nano-freer.o)
                0x08005bf8                _free_r
 .text.sbrk_aligned
                0x08005c90       0x40 c:/program files (x86)/gnu arm embedded toolchain/10 2021.10/bin/../lib/gcc/arm-none-eabi/10.3.1/../../../../arm-none-eabi/lib/thumb/v7e-m+fp/hard\libc_nano.a(lib_a-nano-mallocr.o)
 .text._malloc_r
                0x08005cd0       0xe8 c:/program files (x86)/gnu arm embedded toolchain/10 2021.10/bin/../lib/gcc/arm-none-eabi/10.3.1/../../../../arm-none-eabi/lib/thumb/v7e-m+fp/hard\libc_nano.a(lib_a-nano-mallocr.o)
                0x08005cd0                _malloc_r
 .text._realloc_r
                0x08005db8       0x5e c:/program files (x86)/gnu arm embedded toolchain/10 2021.10/bin/../lib/gcc/arm-none-eabi/10.3.1/../../../../arm-none-eabi/lib/thumb/v7e-m+fp/hard\libc_nano.a(lib_a-nano-reallocr.o)
                0x08005db8                _realloc_r
 *fill*         0x08005e16        0x2 
 .text._sbrk_r  0x08005e18       0x20 c:/program files (x86)/gnu arm embedded toolchain/10 2021.10/bin/../lib/gcc/arm-none-eabi/10.3.1/../../../../arm-none-eabi/lib/thumb/v7e-m+fp/hard\libc_nano.a(lib_a-sbrkr.o)
                0x08005e18                _sbrk_r
 .text.__malloc_lock
                0x08005e38        0xc c:/program files (x86)/gnu arm embedded toolchain/10 2021.10/bin/../lib/gcc/arm-none-eabi/10.3.1/../../../../arm-none-eabi/lib/thumb/v7e-m+fp/hard\libc_nano.a(lib_a-mlock.o)
                0x08005e38                __malloc_lock
 .text.__malloc_unlock
                0x08005e44        0xc c:/program files (x86)/gnu arm embedded toolchain/10 2021.10/bin/../lib/gcc/arm-none-eabi/10.3.1/../../../../arm-none-eabi/lib/thumb/v7e-m+fp/hard\libc_nano.a(lib_a-mlock.o)
                0x08005e44                __malloc_unlock
 .text._malloc_usable_size_r
                0x08005e50       0x10 c:/program files (x86)/gnu arm embedded toolchain/10 2021.10/bin/../lib/gcc/arm-none-eabi/10.3.1/../../../../arm-none-eabi/lib/thumb/v7e-m+fp/hard\libc_nano.a(lib_a-nano-msizer.o)
                0x08005e50                _malloc_usable_size_r
 .text.__retarget_lock_acquire_recursive
                0x08005e60        0x2 c:/program files (x86)/gnu arm embedded toolchain/10 2021.10/bin/../lib/gcc/arm-none-eabi/10.3.1/../../../../arm-none-eabi/lib/thumb/v7e-m+fp/hard\libc_nano.a(lib_a-lock.o)
                0x08005e60                __retarget_lock_acquire_recursive
 .text.__retarget_lock_release_recursive
                0x08005e62        0x2 c:/program files (x86)/gnu arm embedded toolchain/10 2021.10/bin/../lib/gcc/arm-none-eabi/10.3.1/../../../../arm-none-eabi/lib/thumb/v7e-m+fp/hard\libc_nano.a(lib_a-lock.o)
                0x08005e62                __retarget_lock_release_recursive
 *(.glue_7)
 .glue_7        0x08005e64        0x0 linker stubs
 *(.glue_7t)
 .glue_7t       0x08005e64        0x0 linker stubs
 *(.eh_frame)
 .eh_frame      0x08005e64        0x0 c:/program files (x86)/gnu arm embedded toolchain/10 2021.10/bin/../lib/gcc/arm-none-eabi/10.3.1/thumb/v7e-m+fp/hard/crtbegin.o
 *(.init)
 .init          0x08005e64        0x4 c:/program files (x86)/gnu arm embedded toolchain/10 2021.10/bin/../lib/gcc/arm-none-eabi/10.3.1/thumb/v7e-m+fp/hard/crti.o
                0x08005e64                _init
 .init          0x08005e68        0x8 c:/program files (x86)/gnu arm embedded toolchain/10 2021.10/bin/../lib/gcc/arm-none-eabi/10.3.1/thumb/v7e-m+fp/hard/crtn.o
 *(.fini)
 .fini          0x08005e70        0x4 c:/program files (x86)/gnu arm embedded toolchain/10 2021.10/bin/../lib/gcc/arm-none-eabi/10.3.1/thumb/v7e-m+fp/hard/crti.o
                0x08005e70                _fini
 .fini          0x08005e74        0x8 c:/program files (x86)/gnu arm embedded toolchain/10 2021.10/bin/../lib/gcc/arm-none-eabi/10.3.1/thumb/v7e-m+fp/hard/crtn.o
                0x08005e80                . = ALIGN (0x8)
 *fill*         0x08005e7c        0x4 
                0x08005e80                _etext = .

.vfp11_veneer   0x08005e80        0x0
 .vfp11_veneer  0x08005e80        0x0 linker stubs

.v4_bx          0x08005e80        0x0
 .v4_bx         0x08005e80        0x0 linker stubs

.iplt           0x08005e80        0x0
 .iplt          0x08005e80        0x0 c:/program files (x86)/gnu arm embedded toolchain/10 2021.10/bin/../lib/gcc/arm-none-eabi/10.3.1/thumb/v7e-m+fp/hard/crtbegin.o

.rodata         0x08005e80       0xc0
                0x08005e80                . = ALIGN (0x8)
 *(.rodata)
 *(.rodata*)
 .rodata.main.str1.4
                0x08005e80       0x38 build/main.o
 .rodata.AHBPrescTable
                0x08005eb8       0x10 build/system_stm32l4xx.o
                0x08005eb8                AHBPrescTable
 .rodata.APBPrescTable
                0x08005ec8        0x8 build/system_stm32l4xx.o
                0x08005ec8                APBPrescTable
 .rodata.MSIRangeTable
                0x08005ed0       0x30 build/system_stm32l4xx.o
                0x08005ed0                MSIRangeTable
 .rodata.ComputeDevicePresetMode.str1.4
                0x08005f00        0xc build/vl53l1_api.o
 .rodata._svfprintf_r.str1.1
                0x08005f0c       0x11 c:/program files (x86)/gnu arm embedded toolchain/10 2021.10/bin/../lib/gcc/arm-none-eabi/10.3.1/../../../../arm-none-eabi/lib/thumb/v7e-m+fp/hard\libc_nano.a(lib_a-nano-svfprintf.o)
 .rodata._printf_i.str1.1
                0x08005f1d       0x22 c:/program files (x86)/gnu arm embedded toolchain/10 2021.10/bin/../lib/gcc/arm-none-eabi/10.3.1/../../../../arm-none-eabi/lib/thumb/v7e-m+fp/hard\libc_nano.a(lib_a-nano-vfprintf_i.o)
                0x08005f40                . = ALIGN (0x8)
 *fill*         0x08005f3f        0x1 

.ARM.extab      0x08005f40        0x0
                0x08005f40                . = ALIGN (0x8)
 *(.ARM.extab* .gnu.linkonce.armextab.*)
                0x08005f40                . = ALIGN (0x8)

.ARM            0x08005f40        0x8
                0x08005f40                . = ALIGN (0x8)
                0x08005f40                __exidx_start = .
 *(.ARM.exidx*)
 .ARM.exidx     0x08005f40        0x8 c:/program files (x86)/gnu arm embedded toolchain/10 2021.10/bin/../lib/gcc/arm-none-eabi/10.3.1/thumb/v7e-m+fp/hard\libgcc.a(_udivmoddi4.o)
                0x08005f48                __exidx_end = .
                0x08005f48                . = ALIGN (0x8)

.rel.dyn        0x08005f48        0x0
 .rel.iplt      0x08005f48        0x0 c:/program files (x86)/gnu arm embedded toolchain/10 2021.10/bin/../lib/gcc/arm-none-eabi/10.3.1/thumb/v7e-m+fp/hard/crtbegin.o

.preinit_array  0x08005f48        0x0
                0x08005f48                . = ALIGN (0x8)
                0x08005f48                PROVIDE (__preinit_array_start = .)
 *(.preinit_array*)
                0x08005f48                PROVIDE (__preinit_array_end = .)
                0x08005f48                . = ALIGN (0x8)

.init_array     0x08005f48        0x8
                0x08005f48                . = ALIGN (0x8)
                0x08005f48                PROVIDE (__init_array_start = .)
 *(SORT_BY_NAME(.init_array.*))
 *(.init_array*)
 .init_array    0x08005f48        0x4 c:/program files (x86)/gnu arm embedded toolchain/10 2021.10/bin/../lib/gcc/arm-none-eabi/10.3.1/thumb/v7e-m+fp/hard/crtbegin.o
                0x08005f4c                PROVIDE (__init_array_end = .)
                0x08005f50                . = ALIGN (0x8)
 *fill*         0x08005f4c        0x4 

.fini_array     0x08005f50        0x8
                0x08005f50                . = ALIGN (0x8)
                [!provide]                PROVIDE (__fini_array_start = .)
 *(SORT_BY_NAME(.fini_array.*))
 *(.fini_array*)
 .fini_array    0x08005f50        0x4 c:/program files (x86)/gnu arm embedded toolchain/10 2021.10/bin/../lib/gcc/arm-none-eabi/10.3.1/thumb/v7e-m+fp/hard/crtbegin.o
                [!provide]                PROVIDE (__fini_array_end = .)
                0x08005f58                . = ALIGN (0x8)
 *fill*         0x08005f54        0x4 
                0x08005f58                _sidata = LOADADDR (.data)

.data           0x20000000       0xa0 load address 0x08005f58
                0x20000000                . = ALIGN (0x8)
                0x20000000                _sdata = .
 *(.data)
 *(.data*)
 .data.uwTickFreq
                0x20000000        0x1 build/stm32l4xx_hal.o
                0x20000000                uwTickFreq
 *fill*         0x20000001        0x3 
 .data.uwTickPrio
                0x20000004        0x4 build/stm32l4xx_hal.o
                0x20000004                uwTickPrio
 .data.SystemCoreClock
                0x20000008        0x4 build/system_stm32l4xx.o
                0x20000008                SystemCoreClock
 .data.BDTable  0x2000000c       0x30 build/vl53l1_api.o
 .data._impure_ptr
                0x2000003c        0x4 c:/program files (x86)/gnu arm embedded toolchain/10 2021.10/bin/../lib/gcc/arm-none-eabi/10.3.1/../../../../arm-none-eabi/lib/thumb/v7e-m+fp/hard\libc_nano.a(lib_a-impure.o)
                0x2000003c                _impure_ptr
 .data.impure_data
                0x20000040       0x60 c:/program files (x86)/gnu arm embedded toolchain/10 2021.10/bin/../lib/gcc/arm-none-eabi/10.3.1/../../../../arm-none-eabi/lib/thumb/v7e-m+fp/hard\libc_nano.a(lib_a-impure.o)
 *(.RamFunc)
 *(.RamFunc*)
                0x200000a0                . = ALIGN (0x8)
                0x200000a0                _edata = .

.igot.plt       0x200000a0        0x0 load address 0x08005ff8
 .igot.plt      0x200000a0        0x0 c:/program files (x86)/gnu arm embedded toolchain/10 2021.10/bin/../lib/gcc/arm-none-eabi/10.3.1/thumb/v7e-m+fp/hard/crtbegin.o
                0x200000a0                . = ALIGN (0x4)

.bss            0x200000a0      0x110 load address 0x08005ff8
                0x200000a0                _sbss = .
                0x200000a0                __bss_start__ = _sbss
 *(.bss)
 .bss           0x200000a0       0x1c c:/program files (x86)/gnu arm embedded toolchain/10 2021.10/bin/../lib/gcc/arm-none-eabi/10.3.1/thumb/v7e-m+fp/hard/crtbegin.o
 *(.bss*)
 .bss.hi2c1     0x200000bc       0x54 build/main.o
                0x200000bc                hi2c1
 .bss.huart2    0x20000110       0x88 build/main.o
                0x20000110                huart2
 .bss.uwTick    0x20000198        0x4 build/stm32l4xx_hal.o
                0x20000198                uwTick
 .bss.__sbrk_heap_end
                0x2000019c        0x4 build/sysmem.o
 .bss.__malloc_free_list
                0x200001a0        0x4 c:/program files (x86)/gnu arm embedded toolchain/10 2021.10/bin/../lib/gcc/arm-none-eabi/10.3.1/../../../../arm-none-eabi/lib/thumb/v7e-m+fp/hard\libc_nano.a(lib_a-nano-mallocr.o)
                0x200001a0                __malloc_free_list
 .bss.__malloc_sbrk_start
                0x200001a4        0x4 c:/program files (x86)/gnu arm embedded toolchain/10 2021.10/bin/../lib/gcc/arm-none-eabi/10.3.1/../../../../arm-none-eabi/lib/thumb/v7e-m+fp/hard\libc_nano.a(lib_a-nano-mallocr.o)
                0x200001a4                __malloc_sbrk_start
 .bss.errno     0x200001a8        0x4 c:/program files (x86)/gnu arm embedded toolchain/10 2021.10/bin/../lib/gcc/arm-none-eabi/10.3.1/../../../../arm-none-eabi/lib/thumb/v7e-m+fp/hard\libc_nano.a(lib_a-reent.o)
                0x200001a8                errno
 .bss.__lock___malloc_recursive_mutex
                0x200001ac        0x1 c:/program files (x86)/gnu arm embedded toolchain/10 2021.10/bin/../lib/gcc/arm-none-eabi/10.3.1/../../../../arm-none-eabi/lib/thumb/v7e-m+fp/hard\libc_nano.a(lib_a-lock.o)
                0x200001ac                __lock___malloc_recursive_mutex
 *(COMMON)
                0x200001b0                . = ALIGN (0x4)
 *fill*         0x200001ad        0x3 
                0x200001b0                _ebss = .
                0x200001b0                __bss_end__ = _ebss

._user_heap_stack
                0x200001b0      0x600 load address 0x08005ff8
                0x200001b0                . = ALIGN (0x8)
                [!provide]                PROVIDE (end = .)
                0x200001b0                PROVIDE (_end = .)
                0x200003b0                . = (. + _Min_Heap_Size)
 *fill*         0x200001b0      0x200 
                0x200007b0                . = (. + _Min_Stack_Size)
 *fill*         0x200003b0      0x400 
                0x200007b0                . = ALIGN (0x8)

/DISCARD/
 libc.a(*)
 libm.a(*)
 libgcc.a(*)
OUTPUT(build/ToF_L4.elf elf32-littlearm)
LOAD linker stubs
LOAD c:/program files (x86)/gnu arm embedded toolchain/10 2021.10/bin/../lib/gcc/arm-none-eabi/10.3.1/../../../../arm-none-eabi/lib/thumb/v7e-m+fp/hard\libc.a
LOAD c:/program files (x86)/gnu arm embedded toolchain/10 2021.10/bin/../lib/gcc/arm-none-eabi/10.3.1/../../../../arm-none-eabi/lib/thumb/v7e-m+fp/hard\libm.a
LOAD c:/program files (x86)/gnu arm embedded toolchain/10 2021.10/bin/../lib/gcc/arm-none-eabi/10.3.1/thumb/v7e-m+fp/hard\libgcc.a

.ARM.attributes
                0x00000000       0x30
 .ARM.attributes
                0x00000000       0x1e c:/program files (x86)/gnu arm embedded toolchain/10 2021.10/bin/../lib/gcc/arm-none-eabi/10.3.1/thumb/v7e-m+fp/hard/crti.o
 .ARM.attributes
                0x0000001e       0x34 c:/program files (x86)/gnu arm embedded toolchain/10 2021.10/bin/../lib/gcc/arm-none-eabi/10.3.1/thumb/v7e-m+fp/hard/crtbegin.o
 .ARM.attributes
                0x00000052       0x34 build/main.o
 .ARM.attributes
                0x00000086       0x34 build/stm32l4xx_it.o
 .ARM.attributes
                0x000000ba       0x34 build/stm32l4xx_hal_msp.o
 .ARM.attributes
                0x000000ee       0x34 build/stm32l4xx_hal_i2c.o
 .ARM.attributes
                0x00000122       0x34 build/stm32l4xx_hal_i2c_ex.o
 .ARM.attributes
                0x00000156       0x34 build/stm32l4xx_hal.o
 .ARM.attributes
                0x0000018a       0x34 build/stm32l4xx_hal_rcc.o
 .ARM.attributes
                0x000001be       0x34 build/stm32l4xx_hal_rcc_ex.o
 .ARM.attributes
                0x000001f2       0x34 build/stm32l4xx_hal_gpio.o
 .ARM.attributes
                0x00000226       0x34 build/stm32l4xx_hal_pwr_ex.o
 .ARM.attributes
                0x0000025a       0x34 build/stm32l4xx_hal_cortex.o
 .ARM.attributes
                0x0000028e       0x34 build/stm32l4xx_hal_uart.o
 .ARM.attributes
                0x000002c2       0x34 build/system_stm32l4xx.o
 .ARM.attributes
                0x000002f6       0x34 build/vl53l1_api_core.o
 .ARM.attributes
                0x0000032a       0x34 build/vl53l1_api_preset_modes.o
 .ARM.attributes
                0x0000035e       0x34 build/vl53l1_api.o
 .ARM.attributes
                0x00000392       0x34 build/vl53l1_core_support.o
 .ARM.attributes
                0x000003c6       0x34 build/vl53l1_core.o
 .ARM.attributes
                0x000003fa       0x34 build/vl53l1_platform.o
 .ARM.attributes
                0x0000042e       0x34 build/vl53l1_register_funcs.o
 .ARM.attributes
                0x00000462       0x34 build/vl53l1_wait.o
 .ARM.attributes
                0x00000496       0x34 build/sysmem.o
 .ARM.attributes
                0x000004ca       0x21 build/startup_stm32l432xx.o
 .ARM.attributes
                0x000004eb       0x34 c:/program files (x86)/gnu arm embedded toolchain/10 2021.10/bin/../lib/gcc/arm-none-eabi/10.3.1/../../../../arm-none-eabi/lib/thumb/v7e-m+fp/hard\libc_nano.a(lib_a-errno.o)
 .ARM.attributes
                0x0000051f       0x34 c:/program files (x86)/gnu arm embedded toolchain/10 2021.10/bin/../lib/gcc/arm-none-eabi/10.3.1/../../../../arm-none-eabi/lib/thumb/v7e-m+fp/hard\libc_nano.a(lib_a-impure.o)
 .ARM.attributes
                0x00000553       0x34 c:/program files (x86)/gnu arm embedded toolchain/10 2021.10/bin/../lib/gcc/arm-none-eabi/10.3.1/../../../../arm-none-eabi/lib/thumb/v7e-m+fp/hard\libc_nano.a(lib_a-init.o)
 .ARM.attributes
                0x00000587       0x34 c:/program files (x86)/gnu arm embedded toolchain/10 2021.10/bin/../lib/gcc/arm-none-eabi/10.3.1/../../../../arm-none-eabi/lib/thumb/v7e-m+fp/hard\libc_nano.a(lib_a-memcpy-stub.o)
 .ARM.attributes
                0x000005bb       0x34 c:/program files (x86)/gnu arm embedded toolchain/10 2021.10/bin/../lib/gcc/arm-none-eabi/10.3.1/../../../../arm-none-eabi/lib/thumb/v7e-m+fp/hard\libc_nano.a(lib_a-memset.o)
 .ARM.attributes
                0x000005ef       0x34 c:/program files (x86)/gnu arm embedded toolchain/10 2021.10/bin/../lib/gcc/arm-none-eabi/10.3.1/../../../../arm-none-eabi/lib/thumb/v7e-m+fp/hard\libc_nano.a(lib_a-sprintf.o)
 .ARM.attributes
                0x00000623       0x17 c:/program files (x86)/gnu arm embedded toolchain/10 2021.10/bin/../lib/gcc/arm-none-eabi/10.3.1/../../../../arm-none-eabi/lib/thumb/v7e-m+fp/hard\libc_nano.a(lib_a-strlen.o)
 .ARM.attributes
                0x0000063a       0x34 c:/program files (x86)/gnu arm embedded toolchain/10 2021.10/bin/../lib/gcc/arm-none-eabi/10.3.1/../../../../arm-none-eabi/lib/thumb/v7e-m+fp/hard\libc_nano.a(lib_a-nano-svfprintf.o)
 .ARM.attributes
                0x0000066e       0x34 c:/program files (x86)/gnu arm embedded toolchain/10 2021.10/bin/../lib/gcc/arm-none-eabi/10.3.1/../../../../arm-none-eabi/lib/thumb/v7e-m+fp/hard\libc_nano.a(lib_a-nano-vfprintf_i.o)
 .ARM.attributes
                0x000006a2       0x1c c:/program files (x86)/gnu arm embedded toolchain/10 2021.10/bin/../lib/gcc/arm-none-eabi/10.3.1/../../../../arm-none-eabi/lib/thumb/v7e-m+fp/hard\libc_nano.a(lib_a-memchr.o)
 .ARM.attributes
                0x000006be       0x34 c:/program files (x86)/gnu arm embedded toolchain/10 2021.10/bin/../lib/gcc/arm-none-eabi/10.3.1/../../../../arm-none-eabi/lib/thumb/v7e-m+fp/hard\libc_nano.a(lib_a-memmove.o)
 .ARM.attributes
                0x000006f2       0x34 c:/program files (x86)/gnu arm embedded toolchain/10 2021.10/bin/../lib/gcc/arm-none-eabi/10.3.1/../../../../arm-none-eabi/lib/thumb/v7e-m+fp/hard\libc_nano.a(lib_a-nano-freer.o)
 .ARM.attributes
                0x00000726       0x34 c:/program files (x86)/gnu arm embedded toolchain/10 2021.10/bin/../lib/gcc/arm-none-eabi/10.3.1/../../../../arm-none-eabi/lib/thumb/v7e-m+fp/hard\libc_nano.a(lib_a-nano-mallocr.o)
 .ARM.attributes
                0x0000075a       0x34 c:/program files (x86)/gnu arm embedded toolchain/10 2021.10/bin/../lib/gcc/arm-none-eabi/10.3.1/../../../../arm-none-eabi/lib/thumb/v7e-m+fp/hard\libc_nano.a(lib_a-nano-reallocr.o)
 .ARM.attributes
                0x0000078e       0x34 c:/program files (x86)/gnu arm embedded toolchain/10 2021.10/bin/../lib/gcc/arm-none-eabi/10.3.1/../../../../arm-none-eabi/lib/thumb/v7e-m+fp/hard\libc_nano.a(lib_a-sbrkr.o)
 .ARM.attributes
                0x000007c2       0x34 c:/program files (x86)/gnu arm embedded toolchain/10 2021.10/bin/../lib/gcc/arm-none-eabi/10.3.1/../../../../arm-none-eabi/lib/thumb/v7e-m+fp/hard\libc_nano.a(lib_a-mlock.o)
 .ARM.attributes
                0x000007f6       0x34 c:/program files (x86)/gnu arm embedded toolchain/10 2021.10/bin/../lib/gcc/arm-none-eabi/10.3.1/../../../../arm-none-eabi/lib/thumb/v7e-m+fp/hard\libc_nano.a(lib_a-nano-msizer.o)
 .ARM.attributes
                0x0000082a       0x34 c:/program files (x86)/gnu arm embedded toolchain/10 2021.10/bin/../lib/gcc/arm-none-eabi/10.3.1/../../../../arm-none-eabi/lib/thumb/v7e-m+fp/hard\libc_nano.a(lib_a-reent.o)
 .ARM.attributes
                0x0000085e       0x34 c:/program files (x86)/gnu arm embedded toolchain/10 2021.10/bin/../lib/gcc/arm-none-eabi/10.3.1/../../../../arm-none-eabi/lib/thumb/v7e-m+fp/hard\libc_nano.a(lib_a-lock.o)
 .ARM.attributes
                0x00000892       0x1e c:/program files (x86)/gnu arm embedded toolchain/10 2021.10/bin/../lib/gcc/arm-none-eabi/10.3.1/thumb/v7e-m+fp/hard\libgcc.a(_aeabi_uldivmod.o)
 .ARM.attributes
                0x000008b0       0x34 c:/program files (x86)/gnu arm embedded toolchain/10 2021.10/bin/../lib/gcc/arm-none-eabi/10.3.1/thumb/v7e-m+fp/hard\libgcc.a(_udivmoddi4.o)
 .ARM.attributes
                0x000008e4       0x1e c:/program files (x86)/gnu arm embedded toolchain/10 2021.10/bin/../lib/gcc/arm-none-eabi/10.3.1/thumb/v7e-m+fp/hard\libgcc.a(_dvmd_tls.o)
 .ARM.attributes
                0x00000902       0x1e c:/program files (x86)/gnu arm embedded toolchain/10 2021.10/bin/../lib/gcc/arm-none-eabi/10.3.1/thumb/v7e-m+fp/hard/crtn.o

.comment        0x00000000       0x49
 .comment       0x00000000       0x49 build/main.o
                                 0x4a (size before relaxing)
 .comment       0x00000049       0x4a build/stm32l4xx_it.o
 .comment       0x00000049       0x4a build/stm32l4xx_hal_msp.o
 .comment       0x00000049       0x4a build/stm32l4xx_hal_i2c.o
 .comment       0x00000049       0x4a build/stm32l4xx_hal_i2c_ex.o
 .comment       0x00000049       0x4a build/stm32l4xx_hal.o
 .comment       0x00000049       0x4a build/stm32l4xx_hal_rcc.o
 .comment       0x00000049       0x4a build/stm32l4xx_hal_rcc_ex.o
 .comment       0x00000049       0x4a build/stm32l4xx_hal_gpio.o
 .comment       0x00000049       0x4a build/stm32l4xx_hal_pwr_ex.o
 .comment       0x00000049       0x4a build/stm32l4xx_hal_cortex.o
 .comment       0x00000049       0x4a build/stm32l4xx_hal_uart.o
 .comment       0x00000049       0x4a build/system_stm32l4xx.o
 .comment       0x00000049       0x4a build/vl53l1_api_core.o
 .comment       0x00000049       0x4a build/vl53l1_api_preset_modes.o
 .comment       0x00000049       0x4a build/vl53l1_api.o
 .comment       0x00000049       0x4a build/vl53l1_core_support.o
 .comment       0x00000049       0x4a build/vl53l1_core.o
 .comment       0x00000049       0x4a build/vl53l1_platform.o
 .comment       0x00000049       0x4a build/vl53l1_register_funcs.o
 .comment       0x00000049       0x4a build/vl53l1_wait.o
 .comment       0x00000049       0x4a build/sysmem.o

.debug_info     0x00000000    0x2e2bf
 .debug_info    0x00000000     0x36cf build/main.o
 .debug_info    0x000036cf      0x15b build/stm32l4xx_it.o
 .debug_info    0x0000382a     0x12de build/stm32l4xx_hal_msp.o
 .debug_info    0x00004b08     0x4658 build/stm32l4xx_hal_i2c.o
 .debug_info    0x00009160      0xb63 build/stm32l4xx_hal_i2c_ex.o
 .debug_info    0x00009cc3      0xb5b build/stm32l4xx_hal.o
 .debug_info    0x0000a81e     0x1051 build/stm32l4xx_hal_rcc.o
 .debug_info    0x0000b86f     0x1397 build/stm32l4xx_hal_rcc_ex.o
 .debug_info    0x0000cc06      0x91c build/stm32l4xx_hal_gpio.o
 .debug_info    0x0000d522      0xb22 build/stm32l4xx_hal_pwr_ex.o
 .debug_info    0x0000e044     0x1137 build/stm32l4xx_hal_cortex.o
 .debug_info    0x0000f17b     0x54eb build/stm32l4xx_hal_uart.o
 .debug_info    0x00014666      0x682 build/system_stm32l4xx.o
 .debug_info    0x00014ce8     0x4b81 build/vl53l1_api_core.o
 .debug_info    0x00019869     0x1abc build/vl53l1_api_preset_modes.o
 .debug_info    0x0001b325     0x6064 build/vl53l1_api.o
 .debug_info    0x00021389      0x1a8 build/vl53l1_core_support.o
 .debug_info    0x00021531     0x417f build/vl53l1_core.o
 .debug_info    0x000256b0     0x2bbe build/vl53l1_platform.o
 .debug_info    0x0002826e     0x35cf build/vl53l1_register_funcs.o
 .debug_info    0x0002b83d     0x28db build/vl53l1_wait.o
 .debug_info    0x0002e118      0x185 build/sysmem.o
 .debug_info    0x0002e29d       0x22 build/startup_stm32l432xx.o

.debug_abbrev   0x00000000     0x2f87
 .debug_abbrev  0x00000000      0x2f0 build/main.o
 .debug_abbrev  0x000002f0       0x81 build/stm32l4xx_it.o
 .debug_abbrev  0x00000371      0x1e2 build/stm32l4xx_hal_msp.o
 .debug_abbrev  0x00000553      0x2b0 build/stm32l4xx_hal_i2c.o
 .debug_abbrev  0x00000803      0x1b5 build/stm32l4xx_hal_i2c_ex.o
 .debug_abbrev  0x000009b8      0x21c build/stm32l4xx_hal.o
 .debug_abbrev  0x00000bd4      0x28e build/stm32l4xx_hal_rcc.o
 .debug_abbrev  0x00000e62      0x2b0 build/stm32l4xx_hal_rcc_ex.o
 .debug_abbrev  0x00001112      0x222 build/stm32l4xx_hal_gpio.o
 .debug_abbrev  0x00001334      0x234 build/stm32l4xx_hal_pwr_ex.o
 .debug_abbrev  0x00001568      0x379 build/stm32l4xx_hal_cortex.o
 .debug_abbrev  0x000018e1      0x316 build/stm32l4xx_hal_uart.o
 .debug_abbrev  0x00001bf7      0x11b build/system_stm32l4xx.o
 .debug_abbrev  0x00001d12      0x2b0 build/vl53l1_api_core.o
 .debug_abbrev  0x00001fc2      0x1b2 build/vl53l1_api_preset_modes.o
 .debug_abbrev  0x00002174      0x352 build/vl53l1_api.o
 .debug_abbrev  0x000024c6       0xfb build/vl53l1_core_support.o
 .debug_abbrev  0x000025c1      0x2ac build/vl53l1_core.o
 .debug_abbrev  0x0000286d      0x1e4 build/vl53l1_platform.o
 .debug_abbrev  0x00002a51      0x247 build/vl53l1_register_funcs.o
 .debug_abbrev  0x00002c98      0x1f3 build/vl53l1_wait.o
 .debug_abbrev  0x00002e8b       0xea build/sysmem.o
 .debug_abbrev  0x00002f75       0x12 build/startup_stm32l432xx.o

.debug_loc      0x00000000    0x1d9dc
 .debug_loc     0x00000000      0x2ab build/main.o
 .debug_loc     0x000002ab       0x20 build/stm32l4xx_it.o
 .debug_loc     0x000002cb      0x1fa build/stm32l4xx_hal_msp.o
 .debug_loc     0x000004c5     0x5da7 build/stm32l4xx_hal_i2c.o
 .debug_loc     0x0000626c      0x25a build/stm32l4xx_hal_i2c_ex.o
 .debug_loc     0x000064c6      0x26d build/stm32l4xx_hal.o
 .debug_loc     0x00006733      0x9e0 build/stm32l4xx_hal_rcc.o
 .debug_loc     0x00007113     0x18af build/stm32l4xx_hal_rcc_ex.o
 .debug_loc     0x000089c2      0x46f build/stm32l4xx_hal_gpio.o
 .debug_loc     0x00008e31      0x76f build/stm32l4xx_hal_pwr_ex.o
 .debug_loc     0x000095a0      0x7a4 build/stm32l4xx_hal_cortex.o
 .debug_loc     0x00009d44     0x5189 build/stm32l4xx_hal_uart.o
 .debug_loc     0x0000eecd      0x127 build/system_stm32l4xx.o
 .debug_loc     0x0000eff4     0x45f0 build/vl53l1_api_core.o
 .debug_loc     0x000135e4      0xea5 build/vl53l1_api_preset_modes.o
 .debug_loc     0x00014489     0x47b2 build/vl53l1_api.o
 .debug_loc     0x00018c3b       0xe5 build/vl53l1_core_support.o
 .debug_loc     0x00018d20     0x26c3 build/vl53l1_core.o
 .debug_loc     0x0001b3e3      0x640 build/vl53l1_platform.o
 .debug_loc     0x0001ba23     0x13ea build/vl53l1_register_funcs.o
 .debug_loc     0x0001ce0d      0xb4b build/vl53l1_wait.o
 .debug_loc     0x0001d958       0x84 build/sysmem.o

.debug_aranges  0x00000000     0x1390
 .debug_aranges
                0x00000000       0x48 build/main.o
 .debug_aranges
                0x00000048       0x60 build/stm32l4xx_it.o
 .debug_aranges
                0x000000a8       0x40 build/stm32l4xx_hal_msp.o
 .debug_aranges
                0x000000e8      0x2a0 build/stm32l4xx_hal_i2c.o
 .debug_aranges
                0x00000388       0x48 build/stm32l4xx_hal_i2c_ex.o
 .debug_aranges
                0x000003d0      0x108 build/stm32l4xx_hal.o
 .debug_aranges
                0x000004d8       0x90 build/stm32l4xx_hal_rcc.o
 .debug_aranges
                0x00000568       0xf0 build/stm32l4xx_hal_rcc_ex.o
 .debug_aranges
                0x00000658       0x58 build/stm32l4xx_hal_gpio.o
 .debug_aranges
                0x000006b0      0x128 build/stm32l4xx_hal_pwr_ex.o
 .debug_aranges
                0x000007d8       0xb8 build/stm32l4xx_hal_cortex.o
 .debug_aranges
                0x00000890      0x228 build/stm32l4xx_hal_uart.o
 .debug_aranges
                0x00000ab8       0x28 build/system_stm32l4xx.o
 .debug_aranges
                0x00000ae0      0x1c0 build/vl53l1_api_core.o
 .debug_aranges
                0x00000ca0       0xa8 build/vl53l1_api_preset_modes.o
 .debug_aranges
                0x00000d48      0x250 build/vl53l1_api.o
 .debug_aranges
                0x00000f98       0x30 build/vl53l1_core_support.o
 .debug_aranges
                0x00000fc8      0x1e0 build/vl53l1_core.o
 .debug_aranges
                0x000011a8       0x58 build/vl53l1_platform.o
 .debug_aranges
                0x00001200       0xe0 build/vl53l1_register_funcs.o
 .debug_aranges
                0x000012e0       0x68 build/vl53l1_wait.o
 .debug_aranges
                0x00001348       0x20 build/sysmem.o
 .debug_aranges
                0x00001368       0x28 build/startup_stm32l432xx.o

.debug_ranges   0x00000000     0x12e8
 .debug_ranges  0x00000000       0x50 build/main.o
 .debug_ranges  0x00000050       0x50 build/stm32l4xx_it.o
 .debug_ranges  0x000000a0       0x30 build/stm32l4xx_hal_msp.o
 .debug_ranges  0x000000d0      0x290 build/stm32l4xx_hal_i2c.o
 .debug_ranges  0x00000360       0x38 build/stm32l4xx_hal_i2c_ex.o
 .debug_ranges  0x00000398       0xf8 build/stm32l4xx_hal.o
 .debug_ranges  0x00000490       0x98 build/stm32l4xx_hal_rcc.o
 .debug_ranges  0x00000528       0xf8 build/stm32l4xx_hal_rcc_ex.o
 .debug_ranges  0x00000620       0x48 build/stm32l4xx_hal_gpio.o
 .debug_ranges  0x00000668      0x118 build/stm32l4xx_hal_pwr_ex.o
 .debug_ranges  0x00000780      0x108 build/stm32l4xx_hal_cortex.o
 .debug_ranges  0x00000888      0x230 build/stm32l4xx_hal_uart.o
 .debug_ranges  0x00000ab8       0x18 build/system_stm32l4xx.o
 .debug_ranges  0x00000ad0      0x1b0 build/vl53l1_api_core.o
 .debug_ranges  0x00000c80       0x98 build/vl53l1_api_preset_modes.o
 .debug_ranges  0x00000d18      0x240 build/vl53l1_api.o
 .debug_ranges  0x00000f58       0x20 build/vl53l1_core_support.o
 .debug_ranges  0x00000f78      0x1d0 build/vl53l1_core.o
 .debug_ranges  0x00001148       0x48 build/vl53l1_platform.o
 .debug_ranges  0x00001190       0xd0 build/vl53l1_register_funcs.o
 .debug_ranges  0x00001260       0x58 build/vl53l1_wait.o
 .debug_ranges  0x000012b8       0x10 build/sysmem.o
 .debug_ranges  0x000012c8       0x20 build/startup_stm32l432xx.o

.debug_line     0x00000000    0x18d95
 .debug_line    0x00000000      0x648 build/main.o
 .debug_line    0x00000648      0x179 build/stm32l4xx_it.o
 .debug_line    0x000007c1      0x3bf build/stm32l4xx_hal_msp.o
 .debug_line    0x00000b80     0x5277 build/stm32l4xx_hal_i2c.o
 .debug_line    0x00005df7      0x4c9 build/stm32l4xx_hal_i2c_ex.o
 .debug_line    0x000062c0      0x5fe build/stm32l4xx_hal.o
 .debug_line    0x000068be      0xf65 build/stm32l4xx_hal_rcc.o
 .debug_line    0x00007823     0x12d4 build/stm32l4xx_hal_rcc_ex.o
 .debug_line    0x00008af7      0x672 build/stm32l4xx_hal_gpio.o
 .debug_line    0x00009169      0x8d7 build/stm32l4xx_hal_pwr_ex.o
 .debug_line    0x00009a40      0x79c build/stm32l4xx_hal_cortex.o
 .debug_line    0x0000a1dc     0x51c8 build/stm32l4xx_hal_uart.o
 .debug_line    0x0000f3a4      0x2a6 build/system_stm32l4xx.o
 .debug_line    0x0000f64a     0x25aa build/vl53l1_api_core.o
 .debug_line    0x00011bf4      0xc2a build/vl53l1_api_preset_modes.o
 .debug_line    0x0001281e     0x2763 build/vl53l1_api.o
 .debug_line    0x00014f81      0x1b4 build/vl53l1_core_support.o
 .debug_line    0x00015135     0x1a34 build/vl53l1_core.o
 .debug_line    0x00016b69      0x40a build/vl53l1_platform.o
 .debug_line    0x00016f73     0x1582 build/vl53l1_register_funcs.o
 .debug_line    0x000184f5      0x64a build/vl53l1_wait.o
 .debug_line    0x00018b3f      0x1e0 build/sysmem.o
 .debug_line    0x00018d1f       0x76 build/startup_stm32l432xx.o

.debug_str      0x00000000     0x978d
 .debug_str     0x00000000     0x388b build/main.o
                               0x3d1c (size before relaxing)
 .debug_str     0x0000388b      0x112 build/stm32l4xx_it.o
                                0x247 (size before relaxing)
 .debug_str     0x0000399d      0x2b8 build/stm32l4xx_hal_msp.o
                                0xcbf (size before relaxing)
 .debug_str     0x00003c55      0x904 build/stm32l4xx_hal_i2c.o
                                0xff1 (size before relaxing)
 .debug_str     0x00004559       0xe8 build/stm32l4xx_hal_i2c_ex.o
                                0x901 (size before relaxing)
 .debug_str     0x00004641      0x762 build/stm32l4xx_hal.o
                                0xb1d (size before relaxing)
 .debug_str     0x00004da3      0x2c5 build/stm32l4xx_hal_rcc.o
                                0x871 (size before relaxing)
 .debug_str     0x00005068      0x4aa build/stm32l4xx_hal_rcc_ex.o
                                0xb77 (size before relaxing)
 .debug_str     0x00005512      0x103 build/stm32l4xx_hal_gpio.o
                                0x556 (size before relaxing)
 .debug_str     0x00005615      0x48b build/stm32l4xx_hal_pwr_ex.o
                                0x7b7 (size before relaxing)
 .debug_str     0x00005aa0      0x479 build/stm32l4xx_hal_cortex.o
                                0xb54 (size before relaxing)
 .debug_str     0x00005f19      0x7a9 build/stm32l4xx_hal_uart.o
                               0x102f (size before relaxing)
 .debug_str     0x000066c2       0x3d build/system_stm32l4xx.o
                                0x3f4 (size before relaxing)
 .debug_str     0x000066ff     0x12e7 build/vl53l1_api_core.o
                               0x449f (size before relaxing)
 .debug_str     0x000079e6       0x75 build/vl53l1_api_preset_modes.o
                               0x19dc (size before relaxing)
 .debug_str     0x00007a5b     0x11cb build/vl53l1_api.o
                               0x4acd (size before relaxing)
 .debug_str     0x00008c26       0x82 build/vl53l1_core_support.o
                                0x297 (size before relaxing)
 .debug_str     0x00008ca8      0x71c build/vl53l1_core.o
                               0x3cf8 (size before relaxing)
 .debug_str     0x000093c4       0x47 build/vl53l1_platform.o
                               0x35c5 (size before relaxing)
 .debug_str     0x0000940b      0x15c build/vl53l1_register_funcs.o
                               0x347d (size before relaxing)
 .debug_str     0x00009567      0x188 build/vl53l1_wait.o
                               0x32b0 (size before relaxing)
 .debug_str     0x000096ef       0x7a build/sysmem.o
                                0x23d (size before relaxing)
 .debug_str     0x00009769       0x24 build/startup_stm32l432xx.o
                                 0x82 (size before relaxing)

.debug_frame    0x00000000     0x3acc
 .debug_frame   0x00000000       0xa4 build/main.o
 .debug_frame   0x000000a4       0xa8 build/stm32l4xx_it.o
 .debug_frame   0x0000014c       0x98 build/stm32l4xx_hal_msp.o
 .debug_frame   0x000001e4      0x970 build/stm32l4xx_hal_i2c.o
 .debug_frame   0x00000b54       0x80 build/stm32l4xx_hal_i2c_ex.o
 .debug_frame   0x00000bd4      0x21c build/stm32l4xx_hal.o
 .debug_frame   0x00000df0      0x19c build/stm32l4xx_hal_rcc.o
 .debug_frame   0x00000f8c      0x248 build/stm32l4xx_hal_rcc_ex.o
 .debug_frame   0x000011d4       0xd0 build/stm32l4xx_hal_gpio.o
 .debug_frame   0x000012a4      0x248 build/stm32l4xx_hal_pwr_ex.o
 .debug_frame   0x000014ec      0x168 build/stm32l4xx_hal_cortex.o
 .debug_frame   0x00001654      0x600 build/stm32l4xx_hal_uart.o
 .debug_frame   0x00001c54       0x30 build/system_stm32l4xx.o
 .debug_frame   0x00001c84      0x4b8 build/vl53l1_api_core.o
 .debug_frame   0x0000213c      0x23c build/vl53l1_api_preset_modes.o
 .debug_frame   0x00002378      0x7cc build/vl53l1_api.o
 .debug_frame   0x00002b44       0x40 build/vl53l1_core_support.o
 .debug_frame   0x00002b84      0x4b0 build/vl53l1_core.o
 .debug_frame   0x00003034       0xfc build/vl53l1_platform.o
 .debug_frame   0x00003130      0x358 build/vl53l1_register_funcs.o
 .debug_frame   0x00003488      0x15c build/vl53l1_wait.o
 .debug_frame   0x000035e4       0x28 build/sysmem.o
 .debug_frame   0x0000360c       0x20 c:/program files (x86)/gnu arm embedded toolchain/10 2021.10/bin/../lib/gcc/arm-none-eabi/10.3.1/../../../../arm-none-eabi/lib/thumb/v7e-m+fp/hard\libc_nano.a(lib_a-errno.o)
 .debug_frame   0x0000362c       0x2c c:/program files (x86)/gnu arm embedded toolchain/10 2021.10/bin/../lib/gcc/arm-none-eabi/10.3.1/../../../../arm-none-eabi/lib/thumb/v7e-m+fp/hard\libc_nano.a(lib_a-init.o)
 .debug_frame   0x00003658       0x28 c:/program files (x86)/gnu arm embedded toolchain/10 2021.10/bin/../lib/gcc/arm-none-eabi/10.3.1/../../../../arm-none-eabi/lib/thumb/v7e-m+fp/hard\libc_nano.a(lib_a-memcpy-stub.o)
 .debug_frame   0x00003680       0x20 c:/program files (x86)/gnu arm embedded toolchain/10 2021.10/bin/../lib/gcc/arm-none-eabi/10.3.1/../../../../arm-none-eabi/lib/thumb/v7e-m+fp/hard\libc_nano.a(lib_a-memset.o)
 .debug_frame   0x000036a0       0x6c c:/program files (x86)/gnu arm embedded toolchain/10 2021.10/bin/../lib/gcc/arm-none-eabi/10.3.1/../../../../arm-none-eabi/lib/thumb/v7e-m+fp/hard\libc_nano.a(lib_a-sprintf.o)
 .debug_frame   0x0000370c       0x90 c:/program files (x86)/gnu arm embedded toolchain/10 2021.10/bin/../lib/gcc/arm-none-eabi/10.3.1/../../../../arm-none-eabi/lib/thumb/v7e-m+fp/hard\libc_nano.a(lib_a-nano-svfprintf.o)
 .debug_frame   0x0000379c       0x60 c:/program files (x86)/gnu arm embedded toolchain/10 2021.10/bin/../lib/gcc/arm-none-eabi/10.3.1/../../../../arm-none-eabi/lib/thumb/v7e-m+fp/hard\libc_nano.a(lib_a-nano-vfprintf_i.o)
 .debug_frame   0x000037fc       0x28 c:/program files (x86)/gnu arm embedded toolchain/10 2021.10/bin/../lib/gcc/arm-none-eabi/10.3.1/../../../../arm-none-eabi/lib/thumb/v7e-m+fp/hard\libc_nano.a(lib_a-memmove.o)
 .debug_frame   0x00003824       0x38 c:/program files (x86)/gnu arm embedded toolchain/10 2021.10/bin/../lib/gcc/arm-none-eabi/10.3.1/../../../../arm-none-eabi/lib/thumb/v7e-m+fp/hard\libc_nano.a(lib_a-nano-freer.o)
 .debug_frame   0x0000385c       0x4c c:/program files (x86)/gnu arm embedded toolchain/10 2021.10/bin/../lib/gcc/arm-none-eabi/10.3.1/../../../../arm-none-eabi/lib/thumb/v7e-m+fp/hard\libc_nano.a(lib_a-nano-mallocr.o)
 .debug_frame   0x000038a8       0x3c c:/program files (x86)/gnu arm embedded toolchain/10 2021.10/bin/../lib/gcc/arm-none-eabi/10.3.1/../../../../arm-none-eabi/lib/thumb/v7e-m+fp/hard\libc_nano.a(lib_a-nano-reallocr.o)
 .debug_frame   0x000038e4       0x2c c:/program files (x86)/gnu arm embedded toolchain/10 2021.10/bin/../lib/gcc/arm-none-eabi/10.3.1/../../../../arm-none-eabi/lib/thumb/v7e-m+fp/hard\libc_nano.a(lib_a-sbrkr.o)
 .debug_frame   0x00003910       0x30 c:/program files (x86)/gnu arm embedded toolchain/10 2021.10/bin/../lib/gcc/arm-none-eabi/10.3.1/../../../../arm-none-eabi/lib/thumb/v7e-m+fp/hard\libc_nano.a(lib_a-mlock.o)
 .debug_frame   0x00003940       0x20 c:/program files (x86)/gnu arm embedded toolchain/10 2021.10/bin/../lib/gcc/arm-none-eabi/10.3.1/../../../../arm-none-eabi/lib/thumb/v7e-m+fp/hard\libc_nano.a(lib_a-nano-msizer.o)
 .debug_frame   0x00003960       0x5c c:/program files (x86)/gnu arm embedded toolchain/10 2021.10/bin/../lib/gcc/arm-none-eabi/10.3.1/../../../../arm-none-eabi/lib/thumb/v7e-m+fp/hard\libc_nano.a(lib_a-reent.o)
 .debug_frame   0x000039bc       0xb0 c:/program files (x86)/gnu arm embedded toolchain/10 2021.10/bin/../lib/gcc/arm-none-eabi/10.3.1/../../../../arm-none-eabi/lib/thumb/v7e-m+fp/hard\libc_nano.a(lib_a-lock.o)
 .debug_frame   0x00003a6c       0x2c c:/program files (x86)/gnu arm embedded toolchain/10 2021.10/bin/../lib/gcc/arm-none-eabi/10.3.1/thumb/v7e-m+fp/hard\libgcc.a(_aeabi_uldivmod.o)
 .debug_frame   0x00003a98       0x34 c:/program files (x86)/gnu arm embedded toolchain/10 2021.10/bin/../lib/gcc/arm-none-eabi/10.3.1/thumb/v7e-m+fp/hard\libgcc.a(_udivmoddi4.o)

Cross Reference Table

Symbol                                            File
ADC1_IRQHandler                                   build/startup_stm32l432xx.o
AHBPrescTable                                     build/system_stm32l4xx.o
                                                  build/stm32l4xx_hal_rcc.o
APBPrescTable                                     build/system_stm32l4xx.o
                                                  build/stm32l4xx_hal_rcc.o
BusFault_Handler                                  build/stm32l4xx_it.o
CAN1_RX0_IRQHandler                               build/startup_stm32l432xx.o
CAN1_RX1_IRQHandler                               build/startup_stm32l432xx.o
CAN1_SCE_IRQHandler                               build/startup_stm32l432xx.o
CAN1_TX_IRQHandler                                build/startup_stm32l432xx.o
COMP_IRQHandler                                   build/startup_stm32l432xx.o
CRS_IRQHandler                                    build/startup_stm32l432xx.o
DMA1_Channel1_IRQHandler                          build/startup_stm32l432xx.o
DMA1_Channel2_IRQHandler                          build/startup_stm32l432xx.o
DMA1_Channel3_IRQHandler                          build/startup_stm32l432xx.o
DMA1_Channel4_IRQHandler                          build/startup_stm32l432xx.o
DMA1_Channel5_IRQHandler                          build/startup_stm32l432xx.o
DMA1_Channel6_IRQHandler                          build/startup_stm32l432xx.o
DMA1_Channel7_IRQHandler                          build/startup_stm32l432xx.o
DMA2_Channel1_IRQHandler                          build/startup_stm32l432xx.o
DMA2_Channel2_IRQHandler                          build/startup_stm32l432xx.o
DMA2_Channel3_IRQHandler                          build/startup_stm32l432xx.o
DMA2_Channel4_IRQHandler                          build/startup_stm32l432xx.o
DMA2_Channel5_IRQHandler                          build/startup_stm32l432xx.o
DMA2_Channel6_IRQHandler                          build/startup_stm32l432xx.o
DMA2_Channel7_IRQHandler                          build/startup_stm32l432xx.o
DebugMon_Handler                                  build/stm32l4xx_it.o
Default_Handler                                   build/startup_stm32l432xx.o
EXTI0_IRQHandler                                  build/startup_stm32l432xx.o
EXTI15_10_IRQHandler                              build/startup_stm32l432xx.o
EXTI1_IRQHandler                                  build/startup_stm32l432xx.o
EXTI2_IRQHandler                                  build/startup_stm32l432xx.o
EXTI3_IRQHandler                                  build/startup_stm32l432xx.o
EXTI4_IRQHandler                                  build/startup_stm32l432xx.o
EXTI9_5_IRQHandler                                build/startup_stm32l432xx.o
Error_Handler                                     build/main.o
                                                  build/stm32l4xx_hal_msp.o
FLASH_FlushCaches                                 build/stm32l4xx_hal_flash_ex.o
                                                  build/stm32l4xx_hal_flash.o
FLASH_IRQHandler                                  build/startup_stm32l432xx.o
FLASH_PageErase                                   build/stm32l4xx_hal_flash_ex.o
                                                  build/stm32l4xx_hal_flash.o
FLASH_WaitForLastOperation                        build/stm32l4xx_hal_flash.o
                                                  build/stm32l4xx_hal_flash_ex.o
FPU_IRQHandler                                    build/startup_stm32l432xx.o
HAL_DBGMCU_DisableDBGSleepMode                    build/stm32l4xx_hal.o
HAL_DBGMCU_DisableDBGStandbyMode                  build/stm32l4xx_hal.o
HAL_DBGMCU_DisableDBGStopMode                     build/stm32l4xx_hal.o
HAL_DBGMCU_EnableDBGSleepMode                     build/stm32l4xx_hal.o
HAL_DBGMCU_EnableDBGStandbyMode                   build/stm32l4xx_hal.o
HAL_DBGMCU_EnableDBGStopMode                      build/stm32l4xx_hal.o
HAL_DMA_Abort                                     build/stm32l4xx_hal_dma.o
                                                  build/stm32l4xx_hal_uart.o
HAL_DMA_Abort_IT                                  build/stm32l4xx_hal_dma.o
                                                  build/stm32l4xx_hal_uart.o
                                                  build/stm32l4xx_hal_i2c.o
HAL_DMA_DeInit                                    build/stm32l4xx_hal_dma.o
HAL_DMA_GetError                                  build/stm32l4xx_hal_dma.o
                                                  build/stm32l4xx_hal_uart.o
HAL_DMA_GetState                                  build/stm32l4xx_hal_dma.o
                                                  build/stm32l4xx_hal_i2c.o
HAL_DMA_IRQHandler                                build/stm32l4xx_hal_dma.o
HAL_DMA_Init                                      build/stm32l4xx_hal_dma.o
HAL_DMA_PollForTransfer                           build/stm32l4xx_hal_dma.o
HAL_DMA_RegisterCallback                          build/stm32l4xx_hal_dma.o
HAL_DMA_Start                                     build/stm32l4xx_hal_dma.o
HAL_DMA_Start_IT                                  build/stm32l4xx_hal_dma.o
                                                  build/stm32l4xx_hal_uart.o
                                                  build/stm32l4xx_hal_i2c.o
HAL_DMA_UnRegisterCallback                        build/stm32l4xx_hal_dma.o
HAL_DeInit                                        build/stm32l4xx_hal.o
HAL_Delay                                         build/stm32l4xx_hal.o
                                                  build/main.o
HAL_EXTI_ClearConfigLine                          build/stm32l4xx_hal_exti.o
HAL_EXTI_ClearPending                             build/stm32l4xx_hal_exti.o
HAL_EXTI_GenerateSWI                              build/stm32l4xx_hal_exti.o
HAL_EXTI_GetConfigLine                            build/stm32l4xx_hal_exti.o
HAL_EXTI_GetHandle                                build/stm32l4xx_hal_exti.o
HAL_EXTI_GetPending                               build/stm32l4xx_hal_exti.o
HAL_EXTI_IRQHandler                               build/stm32l4xx_hal_exti.o
HAL_EXTI_RegisterCallback                         build/stm32l4xx_hal_exti.o
HAL_EXTI_SetConfigLine                            build/stm32l4xx_hal_exti.o
HAL_FLASHEx_DisableRunPowerDown                   build/stm32l4xx_hal_flash_ramfunc.o
HAL_FLASHEx_EnableRunPowerDown                    build/stm32l4xx_hal_flash_ramfunc.o
HAL_FLASHEx_Erase                                 build/stm32l4xx_hal_flash_ex.o
HAL_FLASHEx_Erase_IT                              build/stm32l4xx_hal_flash_ex.o
HAL_FLASHEx_OBGetConfig                           build/stm32l4xx_hal_flash_ex.o
HAL_FLASHEx_OBProgram                             build/stm32l4xx_hal_flash_ex.o
HAL_FLASH_EndOfOperationCallback                  build/stm32l4xx_hal_flash.o
HAL_FLASH_GetError                                build/stm32l4xx_hal_flash.o
HAL_FLASH_IRQHandler                              build/stm32l4xx_hal_flash.o
HAL_FLASH_Lock                                    build/stm32l4xx_hal_flash.o
HAL_FLASH_OB_Launch                               build/stm32l4xx_hal_flash.o
HAL_FLASH_OB_Lock                                 build/stm32l4xx_hal_flash.o
HAL_FLASH_OB_Unlock                               build/stm32l4xx_hal_flash.o
HAL_FLASH_OperationErrorCallback                  build/stm32l4xx_hal_flash.o
HAL_FLASH_Program                                 build/stm32l4xx_hal_flash.o
HAL_FLASH_Program_IT                              build/stm32l4xx_hal_flash.o
HAL_FLASH_Unlock                                  build/stm32l4xx_hal_flash.o
HAL_GPIO_DeInit                                   build/stm32l4xx_hal_gpio.o
                                                  build/stm32l4xx_hal_msp.o
HAL_GPIO_EXTI_Callback                            build/stm32l4xx_hal_gpio.o
HAL_GPIO_EXTI_IRQHandler                          build/stm32l4xx_hal_gpio.o
HAL_GPIO_Init                                     build/stm32l4xx_hal_gpio.o
                                                  build/stm32l4xx_hal_rcc_ex.o
                                                  build/stm32l4xx_hal_rcc.o
                                                  build/stm32l4xx_hal_msp.o
HAL_GPIO_LockPin                                  build/stm32l4xx_hal_gpio.o
HAL_GPIO_ReadPin                                  build/stm32l4xx_hal_gpio.o
HAL_GPIO_TogglePin                                build/stm32l4xx_hal_gpio.o
HAL_GPIO_WritePin                                 build/stm32l4xx_hal_gpio.o
HAL_GetDEVID                                      build/stm32l4xx_hal.o
HAL_GetHalVersion                                 build/stm32l4xx_hal.o
HAL_GetREVID                                      build/stm32l4xx_hal.o
HAL_GetTick                                       build/stm32l4xx_hal.o
                                                  build/stm32l4xx_hal_uart_ex.o
                                                  build/stm32l4xx_hal_uart.o
                                                  build/stm32l4xx_hal_dma.o
                                                  build/stm32l4xx_hal_flash.o
                                                  build/stm32l4xx_hal_rcc_ex.o
                                                  build/stm32l4xx_hal_rcc.o
                                                  build/stm32l4xx_hal_i2c.o
HAL_GetTickFreq                                   build/stm32l4xx_hal.o
HAL_GetTickPrio                                   build/stm32l4xx_hal.o
HAL_GetUIDw0                                      build/stm32l4xx_hal.o
HAL_GetUIDw1                                      build/stm32l4xx_hal.o
HAL_GetUIDw2                                      build/stm32l4xx_hal.o
HAL_HalfDuplex_EnableReceiver                     build/stm32l4xx_hal_uart.o
HAL_HalfDuplex_EnableTransmitter                  build/stm32l4xx_hal_uart.o
HAL_HalfDuplex_Init                               build/stm32l4xx_hal_uart.o
HAL_I2CEx_ConfigAnalogFilter                      build/stm32l4xx_hal_i2c_ex.o
                                                  build/main.o
HAL_I2CEx_ConfigDigitalFilter                     build/stm32l4xx_hal_i2c_ex.o
                                                  build/main.o
HAL_I2CEx_DisableFastModePlus                     build/stm32l4xx_hal_i2c_ex.o
HAL_I2CEx_DisableWakeUp                           build/stm32l4xx_hal_i2c_ex.o
HAL_I2CEx_EnableFastModePlus                      build/stm32l4xx_hal_i2c_ex.o
HAL_I2CEx_EnableWakeUp                            build/stm32l4xx_hal_i2c_ex.o
HAL_I2C_AbortCpltCallback                         build/stm32l4xx_hal_i2c.o
HAL_I2C_AddrCallback                              build/stm32l4xx_hal_i2c.o
HAL_I2C_DeInit                                    build/stm32l4xx_hal_i2c.o
HAL_I2C_DisableListen_IT                          build/stm32l4xx_hal_i2c.o
HAL_I2C_ER_IRQHandler                             build/stm32l4xx_hal_i2c.o
HAL_I2C_EV_IRQHandler                             build/stm32l4xx_hal_i2c.o
HAL_I2C_EnableListen_IT                           build/stm32l4xx_hal_i2c.o
HAL_I2C_ErrorCallback                             build/stm32l4xx_hal_i2c.o
HAL_I2C_GetError                                  build/stm32l4xx_hal_i2c.o
HAL_I2C_GetMode                                   build/stm32l4xx_hal_i2c.o
HAL_I2C_GetState                                  build/stm32l4xx_hal_i2c.o
HAL_I2C_Init                                      build/stm32l4xx_hal_i2c.o
                                                  build/main.o
HAL_I2C_IsDeviceReady                             build/stm32l4xx_hal_i2c.o
HAL_I2C_ListenCpltCallback                        build/stm32l4xx_hal_i2c.o
HAL_I2C_MasterRxCpltCallback                      build/stm32l4xx_hal_i2c.o
HAL_I2C_MasterTxCpltCallback                      build/stm32l4xx_hal_i2c.o
HAL_I2C_Master_Abort_IT                           build/stm32l4xx_hal_i2c.o
HAL_I2C_Master_Receive                            build/stm32l4xx_hal_i2c.o
HAL_I2C_Master_Receive_DMA                        build/stm32l4xx_hal_i2c.o
HAL_I2C_Master_Receive_IT                         build/stm32l4xx_hal_i2c.o
HAL_I2C_Master_Seq_Receive_DMA                    build/stm32l4xx_hal_i2c.o
HAL_I2C_Master_Seq_Receive_IT                     build/stm32l4xx_hal_i2c.o
HAL_I2C_Master_Seq_Transmit_DMA                   build/stm32l4xx_hal_i2c.o
HAL_I2C_Master_Seq_Transmit_IT                    build/stm32l4xx_hal_i2c.o
HAL_I2C_Master_Transmit                           build/stm32l4xx_hal_i2c.o
HAL_I2C_Master_Transmit_DMA                       build/stm32l4xx_hal_i2c.o
HAL_I2C_Master_Transmit_IT                        build/stm32l4xx_hal_i2c.o
HAL_I2C_MemRxCpltCallback                         build/stm32l4xx_hal_i2c.o
HAL_I2C_MemTxCpltCallback                         build/stm32l4xx_hal_i2c.o
HAL_I2C_Mem_Read                                  build/stm32l4xx_hal_i2c.o
                                                  build/vl53l1_platform.o
HAL_I2C_Mem_Read_DMA                              build/stm32l4xx_hal_i2c.o
HAL_I2C_Mem_Read_IT                               build/stm32l4xx_hal_i2c.o
HAL_I2C_Mem_Write                                 build/stm32l4xx_hal_i2c.o
                                                  build/vl53l1_platform.o
HAL_I2C_Mem_Write_DMA                             build/stm32l4xx_hal_i2c.o
HAL_I2C_Mem_Write_IT                              build/stm32l4xx_hal_i2c.o
HAL_I2C_MspDeInit                                 build/stm32l4xx_hal_msp.o
HAL_I2C_MspInit                                   build/stm32l4xx_hal_msp.o
HAL_I2C_SlaveRxCpltCallback                       build/stm32l4xx_hal_i2c.o
HAL_I2C_SlaveTxCpltCallback                       build/stm32l4xx_hal_i2c.o
HAL_I2C_Slave_Receive                             build/stm32l4xx_hal_i2c.o
HAL_I2C_Slave_Receive_DMA                         build/stm32l4xx_hal_i2c.o
HAL_I2C_Slave_Receive_IT                          build/stm32l4xx_hal_i2c.o
HAL_I2C_Slave_Seq_Receive_DMA                     build/stm32l4xx_hal_i2c.o
HAL_I2C_Slave_Seq_Receive_IT                      build/stm32l4xx_hal_i2c.o
HAL_I2C_Slave_Seq_Transmit_DMA                    build/stm32l4xx_hal_i2c.o
HAL_I2C_Slave_Seq_Transmit_IT                     build/stm32l4xx_hal_i2c.o
HAL_I2C_Slave_Transmit                            build/stm32l4xx_hal_i2c.o
HAL_I2C_Slave_Transmit_DMA                        build/stm32l4xx_hal_i2c.o
HAL_I2C_Slave_Transmit_IT                         build/stm32l4xx_hal_i2c.o
HAL_IncTick                                       build/stm32l4xx_hal.o
                                                  build/stm32l4xx_it.o
HAL_Init                                          build/stm32l4xx_hal.o
                                                  build/main.o